 SharedDLL_x86_release

 Timestamp is 6791fd00 (Thu Jan 23 17:25:36 2025)

 Preferred load address is 10000000

 Start         Length     Name                   Class
 0001:00000000 0000c447H .text$mn                CODE
 0001:0000c447 000000d5H .text$x                 CODE
 0002:00000000 00000120H .idata$5                DATA
 0002:00000120 00000008H .00cfg                  DATA
 0002:00000128 00000004H .CRT$XCA                DATA
 0002:0000012c 00000004H .CRT$XCZ                DATA
 0002:00000130 00000004H .CRT$XIA                DATA
 0002:00000134 0000000cH .CRT$XIC                DATA
 0002:00000140 00000004H .CRT$XIZ                DATA
 0002:00000144 00000004H .CRT$XPA                DATA
 0002:00000148 00000008H .CRT$XPX                DATA
 0002:00000150 00000004H .CRT$XPXA               DATA
 0002:00000154 00000004H .CRT$XPZ                DATA
 0002:00000158 00000004H .CRT$XTA                DATA
 0002:0000015c 00000004H .CRT$XTZ                DATA
 0002:00000160 00000000H .gfids$y                DATA
 0002:00000160 00004e20H .rdata                  DATA
 0002:00004f80 00000000H .rdata$CastGuardVftablesA DATA
 0002:00004f80 00000000H .rdata$CastGuardVftablesC DATA
 0002:00004f80 000000dcH .rdata$r                DATA
 0002:0000505c 0000002cH .rdata$sxdata           DATA
 0002:00005088 000000a8H .rdata$voltmd           DATA
 0002:00005130 00000388H .rdata$zzzdbg           DATA
 0002:000054b8 00000004H .rtc$IAA                DATA
 0002:000054bc 00000004H .rtc$IZZ                DATA
 0002:000054c0 00000004H .rtc$TAA                DATA
 0002:000054c4 00000004H .rtc$TZZ                DATA
 0002:000054c8 000005d8H .xdata$x                DATA
 0002:00005aa0 0000006cH .edata                  DATA
 0002:00005b0c 00000014H .idata$2                DATA
 0002:00005b20 00000014H .idata$3                DATA
 0002:00005b34 00000120H .idata$4                DATA
 0002:00005c54 00000526H .idata$6                DATA
 0003:00000000 000008b0H .data                   DATA
 0003:000008b0 0000003cH .data$r                 DATA
 0003:000008ec 0000001cH .data$rs                DATA
 0003:00000908 000009d0H .bss                    DATA
 0004:00000000 00000080H .fptable                DATA
 0005:00000000 00000024H Shared                  DATA
 0006:00000000 00000060H .rsrc$01                DATA
 0006:00000060 00000098H .rsrc$02                DATA

  Address         Publics by Value              Rva+Base       Lib:Object

 0000:00000000       ___AbsoluteZero            00000000     <absolute>
 0000:00000000       ___arm64x_extra_rfe_table  00000000     <absolute>
 0000:00000000       ___arm64x_extra_rfe_table_size 00000000     <absolute>
 0000:00000000       ___arm64x_native_entrypoint 00000000     <absolute>
 0000:00000000       ___arm64x_redirection_metadata 00000000     <absolute>
 0000:00000000       ___arm64x_redirection_metadata_count 00000000     <absolute>
 0000:00000000       ___dynamic_value_reloc_table 00000000     <absolute>
 0000:00000000       ___enclave_config          00000000     <absolute>
 0000:00000000       ___guard_check_icall_a64n_fptr 00000000     <absolute>
 0000:00000000       ___guard_eh_cont_count     00000000     <absolute>
 0000:00000000       ___guard_eh_cont_table     00000000     <absolute>
 0000:00000000       ___guard_fids_count        00000000     <absolute>
 0000:00000000       ___guard_fids_table        00000000     <absolute>
 0000:00000000       ___guard_iat_count         00000000     <absolute>
 0000:00000000       ___guard_iat_table         00000000     <absolute>
 0000:00000000       ___guard_longjmp_count     00000000     <absolute>
 0000:00000000       ___guard_longjmp_table     00000000     <absolute>
 0000:00000000       ___hybrid_auxiliary_delayload_iat 00000000     <absolute>
 0000:00000000       ___hybrid_auxiliary_delayload_iat_copy 00000000     <absolute>
 0000:00000000       ___hybrid_auxiliary_iat    00000000     <absolute>
 0000:00000000       ___hybrid_auxiliary_iat_copy 00000000     <absolute>
 0000:00000000       ___hybrid_code_map         00000000     <absolute>
 0000:00000000       ___hybrid_code_map_count   00000000     <absolute>
 0000:00000000       ___hybrid_image_info_bitfield 00000000     <absolute>
 0000:00000000       ___x64_code_ranges_to_entry_points 00000000     <absolute>
 0000:00000000       ___x64_code_ranges_to_entry_points_count 00000000     <absolute>
 0000:00000000       __except_list              00000000     <absolute>
 0000:0000000b       ___safe_se_handler_count   0000000b     <absolute>
 0000:00000100       ___guard_flags             00000100     <absolute>
 0000:00000000       ___ImageBase               10000000     <linker-defined>
 0001:00000000       _DllMain@12                10001000 f   dllmain.obj
 0001:00000010       _GetDllString@4            10001010 f   dllmain.obj
 0001:00000040       _DllCreateInstance@4       10001040 f   dllmain.obj
 0001:00000045       @__security_check_cookie@4 10001045 f   LIBCMT:secchk.obj
 0001:00000391       __DllMainCRTStartup@12     10001391 f   LIBCMT:dll_dllmain.obj
 0001:000003b4       ___raise_securityfailure   100013b4 f   LIBCMT:gs_report.obj
 0001:000003dc       ___report_gsfailure        100013dc f   LIBCMT:gs_report.obj
 0001:00000524       ___security_init_cookie    10001524 f   LIBCMT:gs_support.obj
 0001:0000056f       ?__scrt_initialize_type_info@@YAXXZ 1000156f f   LIBCMT:tncleanup.obj
 0001:0000057b       ?__scrt_uninitialize_type_info@@YAXXZ 1000157b f   LIBCMT:tncleanup.obj
 0001:00000587       ___local_stdio_printf_options 10001587 f i LIBCMT:default_local_stdio_options.obj
 0001:0000058d       ___local_stdio_scanf_options 1000158d f i LIBCMT:default_local_stdio_options.obj
 0001:00000593       ___scrt_initialize_default_local_stdio_options 10001593 f   LIBCMT:default_local_stdio_options.obj
 0001:000005f2       ___scrt_acquire_startup_lock 100015f2 f   LIBCMT:utility.obj
 0001:00000624       ___scrt_dllmain_after_initialize_c 10001624 f   LIBCMT:utility.obj
 0001:0000064f       ___scrt_dllmain_before_initialize_c 1000164f f   LIBCMT:utility.obj
 0001:0000065d       ___scrt_dllmain_crt_thread_attach 1000165d f   LIBCMT:utility.obj
 0001:0000067c       ___scrt_dllmain_crt_thread_detach 1000167c f   LIBCMT:utility.obj
 0001:00000689       ___scrt_dllmain_exception_filter 10001689 f   LIBCMT:utility.obj
 0001:000006bd       ___scrt_dllmain_uninitialize_c 100016bd f   LIBCMT:utility.obj
 0001:000006e0       ___scrt_dllmain_uninitialize_critical 100016e0 f   LIBCMT:utility.obj
 0001:000006ed       ___scrt_initialize_crt     100016ed f   LIBCMT:utility.obj
 0001:00000726       ___scrt_initialize_onexit_tables 10001726 f   LIBCMT:utility.obj
 0001:000007ad       ___scrt_is_nonwritable_in_current_image 100017ad f   LIBCMT:utility.obj
 0001:00000841       ___scrt_release_startup_lock 10001841 f   LIBCMT:utility.obj
 0001:0000085e       ___scrt_uninitialize_crt   1000185e f   LIBCMT:utility.obj
 0001:00000886       ___scrt_get_dyn_tls_init_callback 10001886 f   LIBCMT:dyn_tls_init.obj
 0001:0000088c       ___scrt_fastfail           1000188c f   LIBCMT:utility_desktop.obj
 0001:000009a1       __crt_debugger_hook        100019a1 f   LIBCMT:utility_desktop.obj
 0001:000009a9       __RTC_Initialize           100019a9 f   LIBCMT:initsect.obj
 0001:000009d5       __RTC_Terminate            100019d5 f   LIBCMT:initsect.obj
 0001:00000a10       __SEH_prolog4              10001a10 f   LIBCMT:sehprolg4.obj
 0001:00000a55       @_guard_check_icall_nop@4  10001a55 f i LIBCMT:guard_support.obj
 0001:00000a58       ___isa_available_init      10001a58 f   LIBCMT:cpu_disp.obj
 0001:00000d85       __get_startup_argv_mode    10001d85 f   LIBCMT:argv_mode.obj
 0001:00000d89       ___scrt_is_ucrt_dll_in_use 10001d89 f   LIBCMT:ucrt_detection.obj
 0001:00000de0       __except_handler4          10001de0 f   libvcruntime:chandler4.obj
 0001:00000f3e       ___std_type_info_compare   10001f3e f   libvcruntime:std_type_info.obj
 0001:00000f7a       ___std_type_info_destroy_list 10001f7a f   libvcruntime:std_type_info.obj
 0001:00000f9d       ___vcrt_initialize         10001f9d f   libvcruntime:initialization.obj
 0001:00000fbc       ___vcrt_thread_attach      10001fbc f   libvcruntime:initialization.obj
 0001:00000fc7       ___vcrt_thread_detach      10001fc7 f   libvcruntime:initialization.obj
 0001:00000fcf       ___vcrt_uninitialize       10001fcf f   libvcruntime:initialization.obj
 0001:00000fe6       ___vcrt_uninitialize_critical 10001fe6 f   libvcruntime:initialization.obj
 0001:00000fee       ___DestructExceptionObject 10001fee f   libvcruntime:ehhelpers.obj
 0001:0000108f       ?_CallMemberFunction0@@YGXQAX0@Z 1000208f f i libvcruntime:ehhelpers.obj
 0001:000010f4       __IsExceptionObjectToBeDestroyed 100020f4 f   libvcruntime:ehhelpers.obj
 0001:0000111a       ___AdjustPointer           1000211a f   libvcruntime:ehhelpers.obj
 0001:0000113f       ___FrameUnwindFilter       1000213f f   libvcruntime:ehhelpers.obj
 0001:00001195       ___std_terminate           10002195 f   libvcruntime:ehhelpers.obj
 0001:000011a0       _memset                    100021a0 f   libvcruntime:memset.obj
 0001:00001300       __local_unwind4            10002300 f   libvcruntime:exsup4.obj
 0001:000013f0       @_EH4_CallFilterFunc@8     100023f0 f   libvcruntime:exsup4.obj
 0001:00001410       @_EH4_TransferToHandler@8  10002410 f   libvcruntime:exsup4.obj
 0001:00001430       @_EH4_GlobalUnwind2@8      10002430 f   libvcruntime:exsup4.obj
 0001:00001450       @_EH4_LocalUnwind@16       10002450 f   libvcruntime:exsup4.obj
 0001:00001467       ___except_validate_context_record 10002467 f   libvcruntime:jbcxrval.obj
 0001:00001497       ___vcrt_freefls@4          10002497 f   libvcruntime:per_thread_data.obj
 0001:000014b3       ___vcrt_freeptd_for_this_thread 100024b3 f   libvcruntime:per_thread_data.obj
 0001:000014de       ___vcrt_getptd             100024de f   libvcruntime:per_thread_data.obj
 0001:000014ec       ___vcrt_getptd_noexit      100024ec f   libvcruntime:per_thread_data.obj
 0001:0000157e       ___vcrt_initialize_ptd     1000257e f   libvcruntime:per_thread_data.obj
 0001:000015b1       ___vcrt_uninitialize_ptd   100025b1 f   libvcruntime:per_thread_data.obj
 0001:000015cc       ___vcrt_initialize_locks   100025cc f   libvcruntime:locks.obj
 0001:00001608       ___vcrt_uninitialize_locks 10002608 f   libvcruntime:locks.obj
 0001:00001640       __NLG_Notify1              10002640 f   libvcruntime:exsup.obj
 0001:00001650       __NLG_Notify               10002650 f   libvcruntime:exsup.obj
 0001:00001667       __NLG_Dispatch             10002667     libvcruntime:exsup.obj
 0001:00001667       __NLG_Dispatch2            10002667     libvcruntime:exsup.obj
 0001:00001670       __NLG_Call                 10002670 f   libvcruntime:exsup.obj
 0001:00001672       __NLG_Return2              10002672     libvcruntime:exsup.obj
 0001:00001673       ?GetRangeOfTrysToCheck@__FrameHandler3@@SA?AU?$pair@Viterator@TryBlockMap@__FrameHandler3@@V123@@std@@AAVTryBlockMap@1@HPAXPBU_s_FuncInfo@@H@Z 10002673 f   libvcruntime:trnsctrl.obj
 0001:000016e2       ?_CallCatchBlock2@@YAPAXPAUEHRegistrationNode@@PBU_s_FuncInfo@@PAXHK@Z 100026e2 f   libvcruntime:trnsctrl.obj
 0001:0000173f       ?_CallSETranslator@@YAHPAUEHExceptionRecord@@PAUEHRegistrationNode@@PAX2PBU_s_FuncInfo@@H1@Z 1000273f f   libvcruntime:trnsctrl.obj
 0001:0000182f       ?_JumpToContinuation@@YGXPAXPAUEHRegistrationNode@@@Z 1000282f f   libvcruntime:trnsctrl.obj
 0001:0000185f       ?_UnwindNestedFrames@@YGXPAUEHRegistrationNode@@PAUEHExceptionRecord@@@Z 1000285f f   libvcruntime:trnsctrl.obj
 0001:000018b3       __CatchGuardHandler        100028b3 f   libvcruntime:trnsctrl.obj
 0001:000018e4       __CreateFrameInfo          100028e4 f   libvcruntime:trnsctrl.obj
 0001:00001908       __FindAndUnlinkFrame       10002908 f   libvcruntime:trnsctrl.obj
 0001:00001950       __TranslatorGuardHandler   10002950 f   libvcruntime:trnsctrl.obj
 0001:000019ef       ___CxxFrameHandler3        100029ef f   libvcruntime:trnsctrl.obj
 0001:00001a30       _memcpy                    10002a30 f   libvcruntime:memcpy.obj
 0001:00001a30       _memmove                   10002a30 f   libvcruntime:memmove.obj
 0001:00002091       ___vcrt_FlsAlloc           10003091 f   libvcruntime:winapi_downlevel.obj
 0001:000020cc       ___vcrt_FlsFree            100030cc f   libvcruntime:winapi_downlevel.obj
 0001:00002107       ___vcrt_FlsGetValue        10003107 f   libvcruntime:winapi_downlevel.obj
 0001:00002142       ___vcrt_FlsSetValue        10003142 f   libvcruntime:winapi_downlevel.obj
 0001:00002180       ___vcrt_InitializeCriticalSectionEx 10003180 f   libvcruntime:winapi_downlevel.obj
 0001:000028f8       ??$TypeMatchHelper@V__FrameHandler3@@@@YAHPBU_s_HandlerType@@PBU_s_CatchableType@@PBU_s_ThrowInfo@@@Z 100038f8 f i libvcruntime:frame.obj
 0001:00002986       ??$__InternalCxxFrameHandler@V__FrameHandler3@@@@YA?AW4_EXCEPTION_DISPOSITION@@PAUEHExceptionRecord@@PAUEHRegistrationNode@@PAU_CONTEXT@@PAXPBU_s_FuncInfo@@H1E@Z 10003986 f i libvcruntime:frame.obj
 0001:00002a88       ??$__InternalCxxFrameHandlerWrapper@V__FrameHandler3@@@@YA?AW4_EXCEPTION_DISPOSITION@@PAUEHExceptionRecord@@PAUEHRegistrationNode@@PAU_CONTEXT@@PAXPBU_s_FuncInfo@@H1E@Z 10003a88 f i libvcruntime:frame.obj
 0001:00002a91       ??0bad_exception@std@@QAE@ABV01@@Z 10003a91 f i libvcruntime:frame.obj
 0001:00002aac       ??0bad_exception@std@@QAE@XZ 10003aac f i libvcruntime:frame.obj
 0001:00002ac4       ??0exception@std@@QAE@ABV01@@Z 10003ac4 f i libvcruntime:frame.obj
 0001:00002af0       ??1bad_exception@std@@UAE@XZ 10003af0 f i libvcruntime:frame.obj
 0001:00002b01       ??8type_info@@QBE_NABV0@@Z 10003b01 f i libvcruntime:frame.obj
 0001:00002b20       ??_Ebad_exception@std@@UAEPAXI@Z 10003b20 f i libvcruntime:frame.obj
 0001:00002b20       ??_Eexception@std@@UAEPAXI@Z 10003b20 f i libvcruntime:frame.obj
 0001:00002b20       ??_Gbad_exception@std@@UAEPAXI@Z 10003b20 f i libvcruntime:frame.obj
 0001:00002b20       ??_Gexception@std@@UAEPAXI@Z 10003b20 f i libvcruntime:frame.obj
 0001:00002da5       ?FrameUnwindToEmptyState@__FrameHandler3@@SAXPAUEHRegistrationNode@@PAXPBU_s_FuncInfo@@@Z 10003da5 f   libvcruntime:frame.obj
 0001:00002dbd       ?FrameUnwindToState@__FrameHandler3@@SAXPAUEHRegistrationNode@@PAXPBU_s_FuncInfo@@H@Z 10003dbd f   libvcruntime:frame.obj
 0001:00002f3f       ?_CallMemberFunction1@@YGXQAX00@Z 10003f3f f i libvcruntime:frame.obj
 0001:00002f4f       ?_CallMemberFunction2@@YGXQAX00H@Z 10003f4f f i libvcruntime:frame.obj
 0001:00002f62       ?getESTypes@__FrameHandler3@@SAPBU_s_ESTypeList@@PBU_s_FuncInfo@@@Z 10003f62 f i libvcruntime:frame.obj
 0001:00002f6d       ?what@exception@std@@UBEPBDXZ 10003f6d f i libvcruntime:frame.obj
 0001:00002f80       __CallSettingFrame@12      10003f80 f   libvcruntime:lowhelpr.obj
 0001:00002fa7       __NLG_Return               10003fa7     libvcruntime:lowhelpr.obj
 0001:00002fcc       _unexpected                10003fcc f   libvcruntime:unexpected.obj
 0001:00002fe9       ?GetCurrentState@__FrameHandler3@@SAHPAUEHRegistrationNode@@PAXPBU_s_FuncInfo@@@Z 10003fe9 f   libvcruntime:ehstate.obj
 0001:00003006       ?SetState@__FrameHandler3@@SAXPAUEHRegistrationNode@@PBU_s_FuncInfo@@H@Z 10004006 f   libvcruntime:ehstate.obj
 0001:00003014       ___std_exception_copy      10004014 f   libvcruntime:std_exception.obj
 0001:00003077       ___std_exception_destroy   10004077 f   libvcruntime:std_exception.obj
 0001:00003096       __CxxThrowException@8      10004096 f   libvcruntime:throw.obj
 0001:00003110       __initterm                 10004110 f   libucrt:initterm.obj
 0001:0000313b       __initterm_e               1000413b f   libucrt:initterm.obj
 0001:00003169       __seh_filter_dll           10004169 f   libucrt:exception_filter.obj
 0001:00003189       __seh_filter_exe           10004189 f   libucrt:exception_filter.obj
 0001:0000331c       ??$__crt_fast_decode_pointer@P6AHI@Z@@YAP6AHI@ZQ6AHI@Z@Z 1000431c f i libucrt:new_handler.obj
 0001:0000331c       ??$__crt_fast_decode_pointer@P6AXH@Z@@YAP6AXH@ZQ6AXH@Z@Z 1000431c f i libucrt:signal.obj
 0001:0000331c       ??$__crt_fast_decode_pointer@P6GXPAXK0@Z@@YAP6GXPAXK0@ZQ6GX0K0@Z@Z 1000431c f i libucrt:exit.obj
 0001:000035cf       ___acrt_initialize_thread_local_exit_callback 100045cf f   libucrt:exit.obj
 0001:000035de       __cexit                    100045de f   libucrt:exit.obj
 0001:000035ed       __exit                     100045ed f   libucrt:exit.obj
 0001:00003603       __is_c_termination_complete 10004603 f   libucrt:exit.obj
 0001:000038b9       ___acrt_allocate_buffer_for_argv 100048b9 f   libucrt:argv_parsing.obj
 0001:00003908       __configure_narrow_argv    10004908 f   libucrt:argv_parsing.obj
 0001:00003ab7       ___dcrt_uninitialize_environments_nolock 10004ab7 f   libucrt:environment_initialization.obj
 0001:00003b08       __initialize_narrow_environment 10004b08 f   libucrt:environment_initialization.obj
 0001:00003c42       __execute_onexit_table     10004c42 f   libucrt:onexit.obj
 0001:00003c80       __initialize_onexit_table  10004c80 f   libucrt:onexit.obj
 0001:00003cd0       ___acrt_uninitialize_command_line 10004cd0 f   libucrt:argv_data.obj
 0001:00003da7       ___acrt_initialize         10004da7 f   libucrt:initialization.obj
 0001:00003db9       ___acrt_thread_attach      10004db9 f   libucrt:initialization.obj
 0001:00003dc4       ___acrt_thread_detach      10004dc4 f   libucrt:initialization.obj
 0001:00003dcc       ___acrt_uninitialize       10004dcc f   libucrt:initialization.obj
 0001:00003dfc       ___acrt_uninitialize_critical 10004dfc f   libucrt:initialization.obj
 0001:00003e0e       _terminate                 10004e0e f   libucrt:terminate.obj
 0001:00003e50       _free                      10004e50 f   libucrt:free.obj
 0001:00003e60       _malloc                    10004e60 f   libucrt:malloc.obj
 0001:00003e6b       _strcpy_s                  10004e6b f   libucrt:strcpy_s.obj
 0001:00003ec5       _abort                     10004ec5 f   libucrt:abort.obj
 0001:00003f10       ??0__crt_cached_ptd_host@@QAE@QAU__crt_locale_pointers@@@Z 10004f10 f i libucrt:output.obj
 0001:00003f70       ??1__crt_cached_ptd_host@@QAE@XZ 10004f70 f i libucrt:output.obj
 0001:00003fb0       ?force_synchronize_per_thread_data@__crt_cached_ptd_host@@AAEPAU__acrt_ptd@@XZ 10004fb0 f i libucrt:output.obj
 0001:00004000       ?get_raw_ptd@__crt_cached_ptd_host@@QAEPAU__acrt_ptd@@XZ 10005000 f i libucrt:output.obj
 0001:00004060       ?update_locale_slow@__crt_cached_ptd_host@@AAEXXZ 10005060 f i libucrt:output.obj
 0001:000040c0       _strncmp                   100050c0 f   libucrt:strncmp.obj
 0001:00004140       _calloc                    10005140 f   libucrt:calloc.obj
 0001:0000414c       @_guard_check_icall@4      1000514c f i libucrt:checkcfg.obj
 0001:00004152       _wcsncmp                   10005152 f   libucrt:wcsncmp.obj
 0001:0000447f       ?internal_get_ptd_head_slow@@YAPAU__acrt_ptd@@XZ 1000547f f   libucrt:per_thread_data.obj
 0001:00004572       ___acrt_freeptd            10005572 f   libucrt:per_thread_data.obj
 0001:000045b6       ___acrt_getptd             100055b6 f   libucrt:per_thread_data.obj
 0001:000045c4       ___acrt_getptd_head        100055c4 f   libucrt:per_thread_data.obj
 0001:00004607       ___acrt_getptd_noexit      10005607 f   libucrt:per_thread_data.obj
 0001:00004693       ___acrt_getptd_noexit_explicit 10005693 f   libucrt:per_thread_data.obj
 0001:000046dc       ___acrt_initialize_ptd     100056dc f   libucrt:per_thread_data.obj
 0001:00004712       ___acrt_uninitialize_ptd   10005712 f   libucrt:per_thread_data.obj
 0001:0000472c       ___acrt_initialize_locks   1000572c f   libucrt:locks.obj
 0001:0000476d       ___acrt_lock               1000576d f   libucrt:locks.obj
 0001:00004784       ___acrt_uninitialize_locks 10005784 f   libucrt:locks.obj
 0001:000047b5       ___acrt_unlock             100057b5 f   libucrt:locks.obj
 0001:000047cc       ___acrt_app_verifier_enabled 100057cc f   libucrt:peb_access.obj
 0001:000047de       ___acrt_is_secure_process  100057de f   libucrt:peb_access.obj
 0001:000047f1       ___acrt_get_process_end_policy 100057f1 f   libucrt:win_policies.obj
 0001:00004818       ?check_synchronize_global_state_index@__crt_cached_ptd_host@@AAEIXZ 10005818 f i libucrt:invalid_parameter.obj
 0001:00004841       ___acrt_call_reportfault   10005841 f   libucrt:invalid_parameter.obj
 0001:0000497a       ___acrt_initialize_invalid_parameter_handler 1000597a f   libucrt:invalid_parameter.obj
 0001:00004989       __invalid_parameter        10005989 f   libucrt:invalid_parameter.obj
 0001:000049c0       __invalid_parameter_internal 100059c0 f   libucrt:invalid_parameter.obj
 0001:00004a3d       __invalid_parameter_noinfo 10005a3d f   libucrt:invalid_parameter.obj
 0001:00004a4d       __invoke_watson            10005a4d f   libucrt:invalid_parameter.obj
 0001:00004b00       ___acrt_errno_from_os_error 10005b00 f   libucrt:errno.obj
 0001:00004b5f       ___acrt_errno_map_os_error 10005b5f f   libucrt:errno.obj
 0001:00004b82       ___acrt_errno_map_os_error_ptd 10005b82 f   libucrt:errno.obj
 0001:00004ba6       ___doserrno                10005ba6 f   libucrt:errno.obj
 0001:00004bbb       __errno                    10005bbb f   libucrt:errno.obj
 0001:00004bd0       __calloc_base              10005bd0 f   libucrt:calloc_base.obj
 0001:00004c30       __free_base                10005c30 f   libucrt:free_base.obj
 0001:00004c8e       ??$__acrt_convert_wcs_mbs_cp@D_WV<lambda_62f6974d9771e494a5ea317cc32e971c>@@U__crt_win32_buffer_internal_dynamic_resizing@@@@YAHQBDAAV?$__crt_win32_buffer@_WU__crt_win32_buffer_internal_dynamic_resizing@@@@ABV<lambda_62f6974d9771e494a5ea317cc32e971c>@@I@Z 10005c8e f i libucrt:argv_wildcards.obj
 0001:00004d40       ??$__acrt_convert_wcs_mbs_cp@_WDV<lambda_28bda7af82a03b66c1cb3803a755f95d>@@U__crt_win32_buffer_internal_dynamic_resizing@@@@YAHQB_WAAV?$__crt_win32_buffer@DU__crt_win32_buffer_internal_dynamic_resizing@@@@ABV<lambda_28bda7af82a03b66c1cb3803a755f95d>@@I@Z 10005d40 f i libucrt:argv_wildcards.obj
 0001:00004e06       ??$__acrt_mbs_to_wcs_cp@U__crt_win32_buffer_internal_dynamic_resizing@@@@YAHQBDAAV?$__crt_win32_buffer@_WU__crt_win32_buffer_internal_dynamic_resizing@@@@I@Z 10005e06 f i libucrt:argv_wildcards.obj
 0001:000052dd       ??0_LocaleUpdate@@QAE@QAU__crt_locale_pointers@@@Z 100062dd f i libucrt:argv_wildcards.obj
 0001:00005384       ??R<lambda_0fec1a7b3f42a53036604e18c2d5e07e>@@QBE@IQB_WQADI@Z 10006384 f i libucrt:getmodulefilenamea.obj
 0001:00005384       ??R<lambda_28bda7af82a03b66c1cb3803a755f95d>@@QBE@IQB_WQADI@Z 10006384 f i libucrt:argv_wildcards.obj
 0001:000053a8       ?__acrt_get_utf8_acp_compatibility_codepage@@YAIXZ 100063a8 f i libucrt:argv_wildcards.obj
 0001:000053e7       ?_deallocate@?$__crt_win32_buffer@DU__crt_win32_buffer_internal_dynamic_resizing@@@@AAEXXZ 100063e7 f i libucrt:argv_wildcards.obj
 0001:000053e7       ?_deallocate@?$__crt_win32_buffer@_WU__crt_win32_buffer_internal_dynamic_resizing@@@@AAEXXZ 100063e7 f i libucrt:argv_wildcards.obj
 0001:00005401       ?allocate@?$__crt_win32_buffer@DU__crt_win32_buffer_internal_dynamic_resizing@@@@QAEHI@Z 10006401 f i libucrt:argv_wildcards.obj
 0001:0000543d       ?allocate@?$__crt_win32_buffer@_WU__crt_win32_buffer_internal_dynamic_resizing@@@@QAEHI@Z 1000643d f i libucrt:argv_wildcards.obj
 0001:0000547c       ?allocate@__crt_win32_buffer_internal_dynamic_resizing@@SAHQAPAXIABV__crt_win32_buffer_empty_debug_info@@@Z 1000647c f i libucrt:argv_wildcards.obj
 0001:00005524       ___acrt_expand_narrow_argv_wildcards 10006524 f   libucrt:argv_wildcards.obj
 0001:0000552f       ??$__acrt_convert_wcs_mbs_cp@_WDV<lambda_0fec1a7b3f42a53036604e18c2d5e07e>@@U__crt_win32_buffer_no_resizing@@@@YAHQB_WAAV?$__crt_win32_buffer@DU__crt_win32_buffer_no_resizing@@@@ABV<lambda_0fec1a7b3f42a53036604e18c2d5e07e>@@I@Z 1000652f f i libucrt:getmodulefilenamea.obj
 0001:000055f1       ?allocate@?$__crt_win32_buffer@DU__crt_win32_buffer_no_resizing@@@@QAEHI@Z 100065f1 f i libucrt:getmodulefilenamea.obj
 0001:00005618       ?set_to_nullptr@?$__crt_win32_buffer@DU__crt_win32_buffer_no_resizing@@@@QAEXXZ 10006618 f i libucrt:getmodulefilenamea.obj
 0001:0000562c       ___acrt_GetModuleFileNameA 1000662c f   libucrt:getmodulefilenamea.obj
 0001:00005c49       ___acrt_initialize_multibyte 10006c49 f   libucrt:mbctype.obj
 0001:00005c91       ___acrt_update_thread_multibyte_data 10006c91 f   libucrt:mbctype.obj
 0001:00005ca4       __setmbcp_nolock           10006ca4 f   libucrt:mbctype.obj
 0001:00005f7a       __ismbblead                10006f7a f   libucrt:ismbbyte.obj
 0001:00005f92       ___acrt_initialize_command_line 10006f92 f   libucrt:argv_data.obj
 0001:00006043       ___acrt_MultiByteToWideChar 10007043 f   libucrt:multibytetowidechar.obj
 0001:000060fd       ___acrt_WideCharToMultiByte 100070fd f   libucrt:widechartomultibyte.obj
 0001:0000619e       ___dcrt_get_narrow_environment_from_os 1000719e f   libucrt:get_environment_from_os.obj
 0001:00006240       __recalloc_base            10007240 f   libucrt:recalloc.obj
 0001:000062c0       __recalloc                 100072c0 f   libucrt:recalloc.obj
 0001:0000647b       ___acrt_AppPolicyGetProcessTerminationMethodInternal@4 1000747b f   libucrt:winapi_thunks.obj
 0001:000064ca       ___acrt_AreFileApisANSI@0  100074ca f   libucrt:winapi_thunks.obj
 0001:000064e9       ___acrt_FlsAlloc@4         100074e9 f   libucrt:winapi_thunks.obj
 0001:000064f5       ___acrt_FlsFree@4          100074f5 f   libucrt:winapi_thunks.obj
 0001:00006501       ___acrt_FlsGetValue2@4     10007501 f   libucrt:winapi_thunks.obj
 0001:0000650e       ___acrt_FlsGetValue@4      1000750e f   libucrt:winapi_thunks.obj
 0001:0000651a       ___acrt_FlsSetValue@8      1000751a f   libucrt:winapi_thunks.obj
 0001:00006526       ___acrt_InitializeCriticalSectionEx@12 10007526 f   libucrt:winapi_thunks.obj
 0001:00006532       ___acrt_LCMapStringEx@36   10007532 f   libucrt:winapi_thunks.obj
 0001:0000658f       ___acrt_LocaleNameToLCID@8 1000758f f   libucrt:winapi_thunks.obj
 0001:000065c0       ___acrt_initialize_winapi_thunks 100075c0 f   libucrt:winapi_thunks.obj
 0001:000065e3       ___acrt_tls2_supported     100075e3 f   libucrt:winapi_thunks.obj
 0001:00006614       ___acrt_uninitialize_winapi_thunks 10007614 f   libucrt:winapi_thunks.obj
 0001:00006650       __get_heap_handle          10007650 f   libucrt:heap_handle.obj
 0001:00006660       ___acrt_initialize_heap    10007660 f   libucrt:heap_handle.obj
 0001:00006680       ___acrt_uninitialize_heap  10007680 f   libucrt:heap_handle.obj
 0001:00006690       ___acrt_getheap            10007690 f   libucrt:heap_handle.obj
 0001:000067f6       ___acrt_initialize_lowio   100077f6 f   libucrt:ioinit.obj
 0001:00006856       ___acrt_uninitialize_lowio 10007856 f   libucrt:ioinit.obj
 0001:00006882       ___acrt_execute_initializers 10007882 f   libucrt:shared_initialization.obj
 0001:000068ea       ___acrt_execute_uninitializers 100078ea f   libucrt:shared_initialization.obj
 0001:00006920       __callnewh                 10007920 f   libucrt:new_handler.obj
 0001:00006960       ___acrt_initialize_new_handler 10007960 f   libucrt:new_handler.obj
 0001:00006980       __query_new_handler        10007980 f   libucrt:new_handler.obj
 0001:000069e0       __set_new_handler          100079e0 f   libucrt:new_handler.obj
 0001:00006a50       ?_set_new_handler@@YAP6AHI@ZH@Z 10007a50 f   libucrt:new_handler.obj
 0001:00006a5d       ??$__crt_fast_encode_pointer@P6AHI@Z@@YAP6AHI@ZQ6AHI@Z@Z 10007a5d f i libucrt:new_handler.obj
 0001:00006b4e       ___acrt_get_sigabrt_handler 10007b4e f   libucrt:signal.obj
 0001:00006b75       ___acrt_initialize_signal_handlers 10007b75 f   libucrt:signal.obj
 0001:00006b93       _raise                     10007b93 f   libucrt:signal.obj
 0001:00006d90       ___acrt_has_user_matherr   10007d90 f   libucrt:matherr.obj
 0001:00006db0       ___acrt_initialize_user_matherr 10007db0 f   libucrt:matherr.obj
 0001:00006dc0       ___acrt_invoke_user_matherr 10007dc0 f   libucrt:matherr.obj
 0001:00006fd1       ___acrt_stdio_flush_nolock 10007fd1 f   libucrt:fflush.obj
 0001:0000703a       __fflush_nolock            1000803a f   libucrt:fflush.obj
 0001:0000709f       __flushall                 1000809f f   libucrt:fflush.obj
 0001:000070a8       ___acrt_initialize_stdio   100080a8 f   libucrt:_file.obj
 0001:00007170       ___acrt_uninitialize_stdio 10008170 f   libucrt:_file.obj
 0001:000071bc       __lock_file                100081bc f   libucrt:_file.obj
 0001:000071d0       __unlock_file              100081d0 f   libucrt:_file.obj
 0001:000071f0       __malloc_base              100081f0 f   libucrt:malloc_base.obj
 0001:00007241       ___acrt_update_locale_info 10008241 f   libucrt:locale_update.obj
 0001:0000726e       ___acrt_update_locale_info_explicit 1000826e f   libucrt:locale_update.obj
 0001:0000729f       ___acrt_update_multibyte_info 1000829f f   libucrt:locale_update.obj
 0001:000072cc       ___acrt_update_multibyte_info_explicit 100082cc f   libucrt:locale_update.obj
 0001:000072fd       __mbtowc_internal          100082fd f   libucrt:mbtowc.obj
 0001:0000742d       ?__mblen_utf8@__crt_mbstring@@YAHPBD@Z 1000842d f   libucrt:mbrtoc32.obj
 0001:0000746e       ?__mbrtoc32_utf8@__crt_mbstring@@YAIPA_UPBDIPAU_Mbstatet@@AAV__crt_cached_ptd_host@@@Z 1000846e f   libucrt:mbrtoc32.obj
 0001:00007653       ?__mbrtowc_utf8@__crt_mbstring@@YAIPA_WPBDIPAU_Mbstatet@@AAV__crt_cached_ptd_host@@@Z 10008653 f   libucrt:mbrtowc.obj
 0001:00007696       ?__mbsrtowcs_utf8@__crt_mbstring@@YAIPA_WPAPBDIPAU_Mbstatet@@AAV__crt_cached_ptd_host@@@Z 10008696 f   libucrt:mbrtowc.obj
 0001:000077a9       __fileno                   100087a9 f   libucrt:fileno.obj
 0001:0000783e       ___acrt_set_locale_changed 1000883e f   libucrt:wsetlocale.obj
 0001:00007849       ___acrt_uninitialize_locale 10008849 f   libucrt:wsetlocale.obj
 0001:00007870       ___acrt_add_locale_ref     10008870 f   libucrt:locale_refcounting.obj
 0001:000078ed       ___acrt_free_locale        100088ed f   libucrt:locale_refcounting.obj
 0001:00007a35       ___acrt_locale_add_lc_time_reference 10008a35 f   libucrt:locale_refcounting.obj
 0001:00007a5e       ___acrt_locale_free_lc_time_if_unreferenced 10008a5e f   libucrt:locale_refcounting.obj
 0001:00007a8f       ___acrt_locale_release_lc_time_reference 10008a8f f   libucrt:locale_refcounting.obj
 0001:00007ab8       ___acrt_release_locale_ref 10008ab8 f   libucrt:locale_refcounting.obj
 0001:00007b39       ___acrt_update_thread_locale_data 10008b39 f   libucrt:locale_refcounting.obj
 0001:00007bba       __updatetlocinfoEx_nolock  10008bba f   libucrt:locale_refcounting.obj
 0001:00007c10       __query_new_mode           10008c10 f   libucrt:new_mode.obj
 0001:00007c20       __set_new_mode             10008c20 f   libucrt:new_mode.obj
 0001:00007c50       _qsort                     10008c50 f   libucrt:qsort.obj
 0001:00008157       _strncpy_s                 10009157 f   libucrt:strncpy_s.obj
 0001:00008170       _strpbrk                   10009170 f   libucrt:strpbrk.obj
 0001:000081b0       __mbsdec                   100091b0 f   libucrt:mbsdec.obj
 0001:000081c7       __mbsdec_l                 100091c7 f   libucrt:mbsdec.obj
 0001:00008254       ___acrt_GetStringTypeA     10009254 f   libucrt:getstringtypea.obj
 0001:00008352       __freea_crt                10009352 f i libucrt:getstringtypea.obj
 0001:0000855f       ___acrt_LCMapStringA       1000955f f   libucrt:lcmapstringa.obj
 0001:000085c0       __msize_base               100095c0 f   libucrt:msize.obj
 0001:00008600       __msize                    10009600 f   libucrt:msize.obj
 0001:00008610       __realloc_base             10009610 f   libucrt:realloc_base.obj
 0001:000086cd       ___acrt_DownlevelLocaleNameToLCID 100096cd f   libucrt:lcidtoname_downlevel.obj
 0001:000086f9       ___acrt_lowio_create_handle_array 100096f9 f   libucrt:osfinfo.obj
 0001:00008774       ___acrt_lowio_destroy_handle_array 10009774 f   libucrt:osfinfo.obj
 0001:000087a9       ___acrt_lowio_ensure_fh_exists 100097a9 f   libucrt:osfinfo.obj
 0001:00008847       ___acrt_lowio_lock_fh      10009847 f   libucrt:osfinfo.obj
 0001:0000886a       ___acrt_lowio_unlock_fh    1000986a f   libucrt:osfinfo.obj
 0001:0000888d       __free_osfhnd              1000988d f   libucrt:osfinfo.obj
 0001:0000891e       __get_osfhandle            1000991e f   libucrt:osfinfo.obj
 0001:00008a2a       __commit                   10009a2a f   libucrt:commit.obj
 0001:0000924d       __write_internal           1000a24d f   libucrt:write.obj
 0001:0000935e       __write_nolock             1000a35e f   libucrt:write.obj
 0001:0000957a       __fcloseall                1000a57a f   libucrt:closeall.obj
 0001:00009625       ___acrt_stdio_free_buffer_nolock 1000a625 f   libucrt:_freebuf.obj
 0001:00009665       __isatty                   1000a665 f   libucrt:isatty.obj
 0001:000096c0       _fegetround                1000a6c0 f   libucrt:fegetround.obj
 0001:000096cf       ?reset_and_return@__crt_mbstring@@YAIIPAU_Mbstatet@@@Z 1000a6cf f   libucrt:common_utf8.obj
 0001:000096e3       ?return_illegal_sequence@__crt_mbstring@@YAIPAU_Mbstatet@@AAV__crt_cached_ptd_host@@@Z 1000a6e3 f   libucrt:common_utf8.obj
 0001:00009705       ___acrt_locale_free_monetary 1000a705 f   libucrt:initmon.obj
 0001:00009803       ___acrt_locale_free_numeric 1000a803 f   libucrt:initnum.obj
 0001:00009891       ___acrt_locale_free_time   1000a891 f   libucrt:inittime.obj
 0001:00009975       ___strncnt                 1000a975 f   libucrt:strncnt.obj
 0001:00009991       ___ascii_wcsnicmp          1000a991 f   libucrt:wcsnicmp.obj
 0001:000099e5       __query_app_type           1000a9e5 f   libucrt:report_runtime_error.obj
 0001:00009a6e       __lseeki64_nolock_internal 1000aa6e f   libucrt:lseek.obj
 0001:00009a8c       __putwch_nolock            1000aa8c f   libucrt:putwch.obj
 0001:00009be3       _fclose                    1000abe3 f   libucrt:fclose.obj
 0001:00009c20       __libm_sse2_log10_precise  1000ac20 f   libucrt:log10_sse2_precise.obj
 0001:00009ed0       __ceil_no_sse41            1000aed0 f   libucrt:ceil_pentium4.obj
 0001:00009f10       _ceil                      1000af10 f   libucrt:ceil_pentium4.obj
 0001:00009f30       __ceil_pentium4            1000af30 f   libucrt:ceil_pentium4.obj
 0001:0000a16c       ___acrt_fenv_get_common_round_control 1000b16c f   libucrt:_fenvutils.obj
 0001:0000a18f       ___acrt_fenv_get_control   1000b18f f   libucrt:_fenvutils.obj
 0001:0000a210       ___ascii_strnicmp          1000b210 f   libucrt:_strnicm.obj
 0001:0000a290       ___dcrt_lowio_ensure_console_output_initialized 1000b290 f   libucrt:initcon.obj
 0001:0000a2af       ___dcrt_terminate_console_output 1000b2af f   libucrt:initcon.obj
 0001:0000a2c6       ___dcrt_write_console      1000b2c6 f   libucrt:initcon.obj
 0001:0000a3ac       __close_internal           1000b3ac f   libucrt:close.obj
 0001:0000a44f       __close_nolock_internal    1000b44f f   libucrt:close.obj
 0001:0000a4ef       ?__acrt_stdio_free_stream@@YAXV__crt_stdio_stream@@@Z 1000b4ef f   libucrt:stream.obj
 0001:0000a52a       ___libm_error_support      1000b52a f   libucrt:libm_error.obj
 0001:0000a750       __CIlog10                  1000b750 f   libucrt:log10_impl.obj
 0001:0000a78b       __CIlog10_default          1000b78b f   libucrt:log10_impl.obj
 0001:0000a79f       __log10_default            1000b79f     libucrt:log10_impl.obj
 0001:0000a860       ___acrt_initialize_sse2    1000b860 f   libucrt:mathfcns.obj
 0001:0000a870       __ceil_default             1000b870 f   libucrt:ceil.obj
 0001:0000a945       __clrfp                    1000b945 f   libucrt:fpctrl.obj
 0001:0000a956       __ctrlfp                   1000b956 f   libucrt:fpctrl.obj
 0001:0000a97f       __set_statfp               1000b97f f   libucrt:fpctrl.obj
 0001:0000a9d8       __statfp                   1000b9d8 f   libucrt:fpctrl.obj
 0001:0000a9f0       __CIlog10_pentium4         1000b9f0 f   libucrt:log10_pentium4.obj
 0001:0000aa08       __log10_pentium4           1000ba08     libucrt:log10_pentium4.obj
 0001:0000aca0       __fFEXP                    1000bca0 f   libucrt:87tran.obj
 0001:0000acf7       __rtinfpopse               1000bcf7     libucrt:87tran.obj
 0001:0000acf9       __rtinfnpopse              1000bcf9     libucrt:87tran.obj
 0001:0000ad09       __fFLN                     1000bd09     libucrt:87tran.obj
 0001:0000adbe       __rtinfpop                 1000bdbe     libucrt:87tran.obj
 0001:0000adc0       __rtinfnpop                1000bdc0     libucrt:87tran.obj
 0001:0000add0       __rtforexpinf              1000bdd0 f   libucrt:87tran.obj
 0001:0000addd       __ffexpm1                  1000bddd     libucrt:87tran.obj
 0001:0000ae90       __trandisp1                1000be90 f   libucrt:87disp.obj
 0001:0000af05       __trandisp2                1000bf05 f   libucrt:87disp.obj
 0001:0000af9f       __rttospopde               1000bf9f     libucrt:87disp.obj
 0001:0000afa4       __rttospop                 1000bfa4     libucrt:87disp.obj
 0001:0000afb0       __rtnospop                 1000bfb0 f   libucrt:87disp.obj
 0001:0000afc0       __rttosnpop                1000bfc0 f   libucrt:87disp.obj
 0001:0000afc1       __rtnospopde               1000bfc1     libucrt:87disp.obj
 0001:0000afc8       __rtzeropop                1000bfc8     libucrt:87disp.obj
 0001:0000afca       __rtzeronpop               1000bfca     libucrt:87disp.obj
 0001:0000afd0       __rtzerospop               1000bfd0 f   libucrt:87disp.obj
 0001:0000afdd       __rtonepop                 1000bfdd     libucrt:87disp.obj
 0001:0000afe0       __rtonenpop                1000bfe0 f   libucrt:87disp.obj
 0001:0000aff0       __tosnan1                  1000bff0 f   libucrt:87disp.obj
 0001:0000b020       __nosnan2                  1000c020 f   libucrt:87disp.obj
 0001:0000b030       __tosnan2                  1000c030 f   libucrt:87disp.obj
 0001:0000b060       __nan2                     1000c060 f   libucrt:87disp.obj
 0001:0000b0a0       __rtindfpop                1000c0a0 f   libucrt:87disp.obj
 0001:0000b0a2       __rtindfnpop               1000c0a2     libucrt:87disp.obj
 0001:0000b0b3       __rttosnpopde              1000c0b3     libucrt:87disp.obj
 0001:0000b0c0       __rtatan2inf               1000c0c0 f   libucrt:87disp.obj
 0001:0000b0dd       __rtchsifneg               1000c0dd     libucrt:87disp.obj
 0001:0000b0f0       __twoToTOS                 1000c0f0 f   libucrt:common.obj
 0001:0000b105       __load_CW                  1000c105 f   libucrt:common.obj
 0001:0000b11c       __convertTOStoQNaN         1000c11c f   libucrt:common.obj
 0001:0000b135       __fload_withFB             1000c135 f   libucrt:common.obj
 0001:0000b178       __checkTOS_withFB          1000c178 f   libucrt:common.obj
 0001:0000b18e       __fast_exit                1000c18e f   libucrt:common.obj
 0001:0000b19b       __math_exit                1000c19b f   libucrt:common.obj
 0001:0000b1c5       __check_overflow_exit      1000c1c5 f   libucrt:common.obj
 0001:0000b1d9       __check_range_exit         1000c1d9 f   libucrt:common.obj
 0001:0000b280       __startTwoArgErrorHandling 1000c280 f   libucrt:genexcep.obj
 0001:0000b297       __startOneArgErrorHandling 1000c297 f   libucrt:genexcep.obj
 0001:0000b2d3       __frnd                     1000c2d3 f   libucrt:frnd.obj
 0001:0000b2f0       __except1                  1000c2f0 f   libucrt:fpexcept.obj
 0001:0000b430       __handle_exc               1000c430 f   libucrt:fpexcept.obj
 0001:0000b760       __raise_exc                1000c760 f   libucrt:fpexcept.obj
 0001:0000b790       __raise_exc_ex             1000c790 f   libucrt:fpexcept.obj
 0001:0000bac0       __set_errno_from_matherr   1000cac0 f   libucrt:fpexcept.obj
 0001:0000bb00       __umatherr                 1000cb00 f   libucrt:fpexcept.obj
 0001:0000bc00       __decomp                   1000cc00 f i libucrt:frexp.obj
 0001:0000bd10       __sptype                   1000cd10 f i libucrt:frexp.obj
 0001:0000bd90       __powhlp                   1000cd90 f   libucrt:powhlp.obj
 0001:0000bf83       __87except                 1000cf83 f   libucrt:87except.obj
 0001:0000c097       __fpclass                  1000d097 f   libucrt:ieeemisc.obj
 0001:0000c140       __FindPESection            1000d140 f   LIBCMT:pesect.obj
 0001:0000c190       __IsNonwritableInCurrentImage 1000d190 f   LIBCMT:pesect.obj
 0001:0000c250       __ValidateImageBase        1000d250 f   LIBCMT:pesect.obj
 0001:0000c281       ??_Etype_info@@UAEPAXI@Z   1000d281 f i LIBCMT:std_type_info_static.obj
 0001:0000c281       ??_Gtype_info@@UAEPAXI@Z   1000d281 f i LIBCMT:std_type_info_static.obj
 0001:0000c2a4       __EH_epilog3               1000d2a4 f   LIBCMT:ehprolg3.obj
 0001:0000c2b8       __EH_prolog3               1000d2b8 f   LIBCMT:ehprolg3.obj
 0001:0000c2eb       __EH_prolog3_catch         1000d2eb f   LIBCMT:ehprolg3.obj
 0001:0000c330       ??3@YAXPAXI@Z              1000d330 f   LIBCMT:delete_scalar_size.obj
 0001:0000c340       __alloca_probe_16          1000d340 f   LIBCMT:alloca16.obj
 0001:0000c356       __alloca_probe_8           1000d356     LIBCMT:alloca16.obj
 0001:0000c370       __alloca_probe             1000d370 f   LIBCMT:chkstk.obj
 0001:0000c370       __chkstk                   1000d370 f   LIBCMT:chkstk.obj
 0001:0000c3a0       __allshl                   1000d3a0 f   LIBCMT:llshl.obj
 0001:0000c3c0       ??3@YAXPAX@Z               1000d3c0 f   LIBCMT:delete_scalar.obj
 0001:0000c3d0       __filter_x86_sse2_floating_point_exception 1000d3d0 f   LIBCMT:x86_exception_filter.obj
 0001:0000c3d0       __filter_x86_sse2_floating_point_exception_default 1000d3d0 f   LIBCMT:x86_exception_filter.obj
 0002:00000000       __imp__UnhandledExceptionFilter@4 1000e000     kernel32:KERNEL32.dll
 0002:00000004       __imp__SetUnhandledExceptionFilter@4 1000e004     kernel32:KERNEL32.dll
 0002:00000008       __imp__GetCurrentProcess@0 1000e008     kernel32:KERNEL32.dll
 0002:0000000c       __imp__TerminateProcess@8  1000e00c     kernel32:KERNEL32.dll
 0002:00000010       __imp__IsProcessorFeaturePresent@4 1000e010     kernel32:KERNEL32.dll
 0002:00000014       __imp__QueryPerformanceCounter@4 1000e014     kernel32:KERNEL32.dll
 0002:00000018       __imp__GetCurrentProcessId@0 1000e018     kernel32:KERNEL32.dll
 0002:0000001c       __imp__GetCurrentThreadId@0 1000e01c     kernel32:KERNEL32.dll
 0002:00000020       __imp__GetSystemTimeAsFileTime@4 1000e020     kernel32:KERNEL32.dll
 0002:00000024       __imp__InitializeSListHead@4 1000e024     kernel32:KERNEL32.dll
 0002:00000028       __imp__IsDebuggerPresent@0 1000e028     kernel32:KERNEL32.dll
 0002:0000002c       __imp__GetStartupInfoW@4   1000e02c     kernel32:KERNEL32.dll
 0002:00000030       __imp__GetModuleHandleW@4  1000e030     kernel32:KERNEL32.dll
 0002:00000034       __imp__InterlockedFlushSList@4 1000e034     kernel32:KERNEL32.dll
 0002:00000038       __imp__RtlUnwind@16        1000e038     kernel32:KERNEL32.dll
 0002:0000003c       __imp__GetLastError@0      1000e03c     kernel32:KERNEL32.dll
 0002:00000040       __imp__SetLastError@4      1000e040     kernel32:KERNEL32.dll
 0002:00000044       __imp__EnterCriticalSection@4 1000e044     kernel32:KERNEL32.dll
 0002:00000048       __imp__LeaveCriticalSection@4 1000e048     kernel32:KERNEL32.dll
 0002:0000004c       __imp__DeleteCriticalSection@4 1000e04c     kernel32:KERNEL32.dll
 0002:00000050       __imp__InitializeCriticalSectionAndSpinCount@8 1000e050     kernel32:KERNEL32.dll
 0002:00000054       __imp__TlsAlloc@0          1000e054     kernel32:KERNEL32.dll
 0002:00000058       __imp__TlsGetValue@4       1000e058     kernel32:KERNEL32.dll
 0002:0000005c       __imp__TlsSetValue@8       1000e05c     kernel32:KERNEL32.dll
 0002:00000060       __imp__TlsFree@4           1000e060     kernel32:KERNEL32.dll
 0002:00000064       __imp__FreeLibrary@4       1000e064     kernel32:KERNEL32.dll
 0002:00000068       __imp__GetProcAddress@8    1000e068     kernel32:KERNEL32.dll
 0002:0000006c       __imp__LoadLibraryExW@12   1000e06c     kernel32:KERNEL32.dll
 0002:00000070       __imp__EncodePointer@4     1000e070     kernel32:KERNEL32.dll
 0002:00000074       __imp__RaiseException@16   1000e074     kernel32:KERNEL32.dll
 0002:00000078       __imp__ExitProcess@4       1000e078     kernel32:KERNEL32.dll
 0002:0000007c       __imp__GetModuleHandleExW@12 1000e07c     kernel32:KERNEL32.dll
 0002:00000080       __imp__GetModuleFileNameW@12 1000e080     kernel32:KERNEL32.dll
 0002:00000084       __imp__HeapAlloc@12        1000e084     kernel32:KERNEL32.dll
 0002:00000088       __imp__HeapFree@12         1000e088     kernel32:KERNEL32.dll
 0002:0000008c       __imp__FindClose@4         1000e08c     kernel32:KERNEL32.dll
 0002:00000090       __imp__FindFirstFileExW@24 1000e090     kernel32:KERNEL32.dll
 0002:00000094       __imp__FindNextFileW@8     1000e094     kernel32:KERNEL32.dll
 0002:00000098       __imp__IsValidCodePage@4   1000e098     kernel32:KERNEL32.dll
 0002:0000009c       __imp__GetACP@0            1000e09c     kernel32:KERNEL32.dll
 0002:000000a0       __imp__GetOEMCP@0          1000e0a0     kernel32:KERNEL32.dll
 0002:000000a4       __imp__GetCPInfo@8         1000e0a4     kernel32:KERNEL32.dll
 0002:000000a8       __imp__GetCommandLineA@0   1000e0a8     kernel32:KERNEL32.dll
 0002:000000ac       __imp__GetCommandLineW@0   1000e0ac     kernel32:KERNEL32.dll
 0002:000000b0       __imp__MultiByteToWideChar@24 1000e0b0     kernel32:KERNEL32.dll
 0002:000000b4       __imp__WideCharToMultiByte@32 1000e0b4     kernel32:KERNEL32.dll
 0002:000000b8       __imp__GetEnvironmentStringsW@0 1000e0b8     kernel32:KERNEL32.dll
 0002:000000bc       __imp__FreeEnvironmentStringsW@4 1000e0bc     kernel32:KERNEL32.dll
 0002:000000c0       __imp__FlsAlloc@4          1000e0c0     kernel32:KERNEL32.dll
 0002:000000c4       __imp__FlsGetValue@4       1000e0c4     kernel32:KERNEL32.dll
 0002:000000c8       __imp__FlsSetValue@8       1000e0c8     kernel32:KERNEL32.dll
 0002:000000cc       __imp__FlsFree@4           1000e0cc     kernel32:KERNEL32.dll
 0002:000000d0       __imp__InitializeCriticalSectionEx@12 1000e0d0     kernel32:KERNEL32.dll
 0002:000000d4       __imp__VirtualProtect@16   1000e0d4     kernel32:KERNEL32.dll
 0002:000000d8       __imp__LCMapStringW@24     1000e0d8     kernel32:KERNEL32.dll
 0002:000000dc       __imp__GetProcessHeap@0    1000e0dc     kernel32:KERNEL32.dll
 0002:000000e0       __imp__GetStdHandle@4      1000e0e0     kernel32:KERNEL32.dll
 0002:000000e4       __imp__GetFileType@4       1000e0e4     kernel32:KERNEL32.dll
 0002:000000e8       __imp__GetStringTypeW@16   1000e0e8     kernel32:KERNEL32.dll
 0002:000000ec       __imp__HeapSize@12         1000e0ec     kernel32:KERNEL32.dll
 0002:000000f0       __imp__HeapReAlloc@16      1000e0f0     kernel32:KERNEL32.dll
 0002:000000f4       __imp__SetStdHandle@8      1000e0f4     kernel32:KERNEL32.dll
 0002:000000f8       __imp__FlushFileBuffers@4  1000e0f8     kernel32:KERNEL32.dll
 0002:000000fc       __imp__WriteFile@20        1000e0fc     kernel32:KERNEL32.dll
 0002:00000100       __imp__GetConsoleOutputCP@0 1000e100     kernel32:KERNEL32.dll
 0002:00000104       __imp__GetConsoleMode@8    1000e104     kernel32:KERNEL32.dll
 0002:00000108       __imp__SetFilePointerEx@20 1000e108     kernel32:KERNEL32.dll
 0002:0000010c       __imp__CreateFileW@28      1000e10c     kernel32:KERNEL32.dll
 0002:00000110       __imp__CloseHandle@4       1000e110     kernel32:KERNEL32.dll
 0002:00000114       __imp__WriteConsoleW@20    1000e114     kernel32:KERNEL32.dll
 0002:00000118       __imp__DecodePointer@4     1000e118     kernel32:KERNEL32.dll
 0002:0000011c       \177KERNEL32_NULL_THUNK_DATA 1000e11c     kernel32:KERNEL32.dll
 0002:00000120       ___guard_check_icall_fptr  1000e120     LIBCMT:guard_support.obj
 0002:00000124       ___castguard_check_failure_os_handled_fptr 1000e124     LIBCMT:guard_support.obj
 0002:00000128       ___xc_a                    1000e128     LIBCMT:initializers.obj
 0002:0000012c       ___xc_z                    1000e12c     LIBCMT:initializers.obj
 0002:00000130       ___xi_a                    1000e130     LIBCMT:initializers.obj
 0002:00000134       ___acrt_multibyte_initializer 1000e134     libucrt:multibyte_initializer.obj
 0002:00000138       ___acrt_stdio_initializer  1000e138     libucrt:stdio_initializer.obj
 0002:0000013c       ___acrt_tran_sse2_initializer 1000e13c     libucrt:sse2_initializer.obj
 0002:00000140       ___xi_z                    1000e140     LIBCMT:initializers.obj
 0002:00000144       ___xp_a                    1000e144     LIBCMT:initializers.obj
 0002:00000148       ___acrt_locale_terminator  1000e148     libucrt:locale_initializer.obj
 0002:0000014c       ___dcrt_console_output_terminator 1000e14c     libucrt:console_output_initializer.obj
 0002:00000150       ___acrt_stdio_terminator   1000e150     libucrt:stdio_initializer.obj
 0002:00000154       ___xp_z                    1000e154     LIBCMT:initializers.obj
 0002:00000158       ___xt_a                    1000e158     LIBCMT:initializers.obj
 0002:0000015c       ___xt_z                    1000e15c     LIBCMT:initializers.obj
 0002:00000160       __pDefaultRawDllMain       1000e160     LIBCMT:dll_dllmain.obj
 0002:00000160       __pRawDllMain              1000e160     LIBCMT:dll_dllmain.obj
 0002:0000016c       __pDestructExceptionObject 1000e16c     libvcruntime:ehhelpers.obj
 0002:000004f8       ??_C@_08EHJDFFNH@__based?$CI@ 1000e4f8     libvcruntime:undname.obj
 0002:00000504       ??_C@_07KOLFKCDI@__cdecl@  1000e504     libvcruntime:undname.obj
 0002:0000050c       ??_C@_08GHMPAG@__pascal@   1000e50c     libvcruntime:undname.obj
 0002:00000518       ??_C@_09IFJBGAPI@__stdcall@ 1000e518     libvcruntime:undname.obj
 0002:00000524       ??_C@_0L@NPHFGOKO@__thiscall@ 1000e524     libvcruntime:undname.obj
 0002:00000530       ??_C@_0L@JMKHOMEK@__fastcall@ 1000e530     libvcruntime:undname.obj
 0002:0000053c       ??_C@_0N@BCKKPABJ@__vectorcall@ 1000e53c     libvcruntime:undname.obj
 0002:0000054c       ??_C@_09HIJEGCPM@__clrcall@ 1000e54c     libvcruntime:undname.obj
 0002:00000558       ??_C@_06GHPCKEAG@__eabi@   1000e558     libvcruntime:undname.obj
 0002:00000560       ??_C@_09IOPIDJLG@__swift_1@ 1000e560     libvcruntime:undname.obj
 0002:0000056c       ??_C@_09KFNFGKHF@__swift_2@ 1000e56c     libvcruntime:undname.obj
 0002:00000578       ??_C@_09LMMOFLDE@__swift_3@ 1000e578     libvcruntime:undname.obj
 0002:00000584       ??_C@_07JOMMBBKO@__ptr64@  1000e584     libvcruntime:undname.obj
 0002:0000058c       ??_C@_0L@PILCLIHE@__restrict@ 1000e58c     libvcruntime:undname.obj
 0002:00000598       ??_C@_0M@GFIIJFMG@__unaligned@ 1000e598     libvcruntime:undname.obj
 0002:000005a4       ??_C@_09DHDLOLLB@restrict?$CI@ 1000e5a4     libvcruntime:undname.obj
 0002:000005ae       ??_C@_00CNPNBAHC@@         1000e5ae     libvcruntime:undname.obj
 0002:000005b0       ??_C@_04NIHEBCM@?5new@     1000e5b0     libvcruntime:undname.obj
 0002:000005b8       ??_C@_07FPCDHGMM@?5delete@ 1000e5b8     libvcruntime:undname.obj
 0002:000005c0       ??_C@_01NEMOKFLO@?$DN@     1000e5c0     libvcruntime:undname.obj
 0002:000005c4       ??_C@_02GPIOPFAK@?$DO?$DO@ 1000e5c4     libvcruntime:undname.obj
 0002:000005c8       ??_C@_02FODMEDOG@?$DM?$DM@ 1000e5c8     libvcruntime:undname.obj
 0002:000005cc       ??_C@_01DCLJPIOD@?$CB@     1000e5cc     libvcruntime:undname.obj
 0002:000005d0       ??_C@_02EGOFBIJA@?$DN?$DN@ 1000e5d0     libvcruntime:undname.obj
 0002:000005d4       ??_C@_02FDNJECIE@?$CB?$DN@ 1000e5d4     libvcruntime:undname.obj
 0002:000005d8       ??_C@_02GPECMEKF@?$FL?$FN@ 1000e5d8     libvcruntime:undname.obj
 0002:000005dc       ??_C@_08LHJFAFGD@operator@ 1000e5dc     libvcruntime:undname.obj
 0002:000005e8       ??_C@_02HBOOOICD@?9?$DO@   1000e5e8     libvcruntime:undname.obj
 0002:000005ec       ??_C@_01NBENCBCI@?$CK@     1000e5ec     libvcruntime:undname.obj
 0002:000005f0       ??_C@_02ECNGHCIF@?$CL?$CL@ 1000e5f0     libvcruntime:undname.obj
 0002:000005f4       ??_C@_02BAABKJLB@?9?9@     1000e5f4     libvcruntime:undname.obj
 0002:000005f8       ??_C@_01JOAMLHOP@?9@       1000e5f8     libvcruntime:undname.obj
 0002:000005fc       ??_C@_01MIFGBAGJ@?$CL@     1000e5fc     libvcruntime:undname.obj
 0002:00000600       ??_C@_01HNPIGOCE@?$CG@     1000e600     libvcruntime:undname.obj
 0002:00000604       ??_C@_03MNHNFDLC@?9?$DO?$CK@ 1000e604     libvcruntime:undname.obj
 0002:00000608       ??_C@_01KMDKNFGN@?1@       1000e608     libvcruntime:undname.obj
 0002:0000060c       ??_C@_01FGNFDNOH@?$CF@     1000e60c     libvcruntime:undname.obj
 0002:00000610       ??_C@_01MNNFJEPP@?$DM@     1000e610     libvcruntime:undname.obj
 0002:00000614       ??_C@_02EHCHHCKH@?$DM?$DN@ 1000e614     libvcruntime:undname.obj
 0002:00000618       ??_C@_01PPODPGHN@?$DO@     1000e618     libvcruntime:undname.obj
 0002:0000061c       ??_C@_02EEKDKGMJ@?$DO?$DN@ 1000e61c     libvcruntime:undname.obj
 0002:00000620       ??_C@_01IHBHIGKO@?0@       1000e620     libvcruntime:undname.obj
 0002:00000624       ??_C@_02HCKGKOFO@?$CI?$CJ@ 1000e624     libvcruntime:undname.obj
 0002:00000628       ??_C@_01PJKLJHI@?$HO@      1000e628     libvcruntime:undname.obj
 0002:0000062c       ??_C@_01JKBOJNNK@?$FO@     1000e62c     libvcruntime:undname.obj
 0002:00000630       ??_C@_01DNKMNLPK@?$HM@     1000e630     libvcruntime:undname.obj
 0002:00000634       ??_C@_02PPKAJPJL@?$CG?$CG@ 1000e634     libvcruntime:undname.obj
 0002:00000638       ??_C@_02NONPIBCD@?$HM?$HM@ 1000e638     libvcruntime:undname.obj
 0002:0000063c       ??_C@_02FPIMKNGF@?$CK?$DN@ 1000e63c     libvcruntime:undname.obj
 0002:00000640       ??_C@_02FOEOMHFC@?$CL?$DN@ 1000e640     libvcruntime:undname.obj
 0002:00000644       ??_C@_02FKMDLLOA@?9?$DN@   1000e644     libvcruntime:undname.obj
 0002:00000648       ??_C@_02FJEHGPIO@?1?$DN@   1000e648     libvcruntime:undname.obj
 0002:0000064c       ??_C@_02FENAOKFI@?$CF?$DN@ 1000e64c     libvcruntime:undname.obj
 0002:00000650       ??_C@_03IKFCCPFF@?$DO?$DO?$DN@ 1000e650     libvcruntime:undname.obj
 0002:00000654       ??_C@_03CDNPDDLA@?$DM?$DM?$DN@ 1000e654     libvcruntime:undname.obj
 0002:00000658       ??_C@_02FGJGFEAB@?$CG?$DN@ 1000e658     libvcruntime:undname.obj
 0002:0000065c       ??_C@_02DHLNPPGH@?$HM?$DN@ 1000e65c     libvcruntime:undname.obj
 0002:00000660       ??_C@_02MHEGNOJ@?$FO?$DN@  1000e660     libvcruntime:undname.obj
 0002:00000664       ??_C@_09IFPLHPGF@?$GAvftable?8@ 1000e664     libvcruntime:undname.obj
 0002:00000670       ??_C@_09BLBHBJP@?$GAvbtable?8@ 1000e670     libvcruntime:undname.obj
 0002:0000067c       ??_C@_07FEEIOKP@?$GAvcall?8@ 1000e67c     libvcruntime:undname.obj
 0002:00000684       ??_C@_08LLFFHHDJ@?$GAtypeof?8@ 1000e684     libvcruntime:undname.obj
 0002:00000690       ??_C@_0BF@KDPPACIK@?$GAlocal?5static?5guard?8@ 1000e690     libvcruntime:undname.obj
 0002:000006a8       ??_C@_08OBABFOLI@?$GAstring?8@ 1000e6a8     libvcruntime:undname.obj
 0002:000006b4       ??_C@_0BD@JDLKDPAB@?$GAvbase?5destructor?8@ 1000e6b4     libvcruntime:undname.obj
 0002:000006c8       ??_C@_0BN@DEGPLNFK@?$GAvector?5deleting?5destructor?8@ 1000e6c8     libvcruntime:undname.obj
 0002:000006e8       ??_C@_0BO@OBMKPJIG@?$GAdefault?5constructor?5closure?8@ 1000e6e8     libvcruntime:undname.obj
 0002:00000708       ??_C@_0BN@IMDCHIKM@?$GAscalar?5deleting?5destructor?8@ 1000e708     libvcruntime:undname.obj
 0002:00000728       ??_C@_0BO@PFGOCPJJ@?$GAvector?5constructor?5iterator?8@ 1000e728     libvcruntime:undname.obj
 0002:00000748       ??_C@_0BN@LFPFMEDL@?$GAvector?5destructor?5iterator?8@ 1000e748     libvcruntime:undname.obj
 0002:00000768       ??_C@_0CE@IKBNEHA@?$GAvector?5vbase?5constructor?5itera@ 1000e768     libvcruntime:undname.obj
 0002:0000078c       ??_C@_0BL@NILFHHPC@?$GAvirtual?5displacement?5map?8@ 1000e78c     libvcruntime:undname.obj
 0002:000007a8       ??_C@_0CB@JONCMFFK@?$GAeh?5vector?5constructor?5iterator@ 1000e7a8     libvcruntime:undname.obj
 0002:000007cc       ??_C@_0CA@GCEOPDGL@?$GAeh?5vector?5destructor?5iterator?8@ 1000e7cc     libvcruntime:undname.obj
 0002:000007ec       ??_C@_0CH@OOJPLCPH@?$GAeh?5vector?5vbase?5constructor?5it@ 1000e7ec     libvcruntime:undname.obj
 0002:00000814       ??_C@_0BL@LLKPOHJI@?$GAcopy?5constructor?5closure?8@ 1000e814     libvcruntime:undname.obj
 0002:00000830       ??_C@_0BA@KBCDOMBN@?$GAudt?5returning?8@ 1000e830     libvcruntime:undname.obj
 0002:00000840       ??_C@_03KLGMFNMG@?$GAEH@   1000e840     libvcruntime:undname.obj
 0002:00000844       ??_C@_05KHLCHHI@?$GARTTI@  1000e844     libvcruntime:undname.obj
 0002:0000084c       ??_C@_0BA@KKLDJDLB@?$GAlocal?5vftable?8@ 1000e84c     libvcruntime:undname.obj
 0002:0000085c       ??_C@_0CE@IIHCMGGL@?$GAlocal?5vftable?5constructor?5clos@ 1000e85c     libvcruntime:undname.obj
 0002:00000880       ??_C@_06FHBGPFGH@?5new?$FL?$FN@ 1000e880     libvcruntime:undname.obj
 0002:00000888       ??_C@_09LBNFPBCA@?5delete?$FL?$FN@ 1000e888     libvcruntime:undname.obj
 0002:00000894       ??_C@_0P@HJKNJFNN@?$GAomni?5callsig?8@ 1000e894     libvcruntime:undname.obj
 0002:000008a4       ??_C@_0BL@CNOONJFP@?$GAplacement?5delete?5closure?8@ 1000e8a4     libvcruntime:undname.obj
 0002:000008c0       ??_C@_0BN@CKNJLHMB@?$GAplacement?5delete?$FL?$FN?5closure?8@ 1000e8c0     libvcruntime:undname.obj
 0002:000008e0       ??_C@_0CG@CFDHKGGD@?$GAmanaged?5vector?5constructor?5ite@ 1000e8e0     libvcruntime:undname.obj
 0002:00000908       ??_C@_0CF@IMGKMJNO@?$GAmanaged?5vector?5destructor?5iter@ 1000e908     libvcruntime:undname.obj
 0002:00000930       ??_C@_0CG@HLDDJMAG@?$GAeh?5vector?5copy?5constructor?5ite@ 1000e930     libvcruntime:undname.obj
 0002:00000958       ??_C@_0CM@FCBBDIGB@?$GAeh?5vector?5vbase?5copy?5construct@ 1000e958     libvcruntime:undname.obj
 0002:00000984       ??_C@_0BL@CLIPGLGB@?$GAdynamic?5initializer?5for?5?8@ 1000e984     libvcruntime:undname.obj
 0002:000009a0       ??_C@_0CB@PDBIFEP@?$GAdynamic?5atexit?5destructor?5for?5@ 1000e9a0     libvcruntime:undname.obj
 0002:000009c4       ??_C@_0CD@CGAJBKEJ@?$GAvector?5copy?5constructor?5iterat@ 1000e9c4     libvcruntime:undname.obj
 0002:000009e8       ??_C@_0CJ@GJELGAMM@?$GAvector?5vbase?5copy?5constructor?5@ 1000e9e8     libvcruntime:undname.obj
 0002:00000a14       ??_C@_0CL@FGIJHLCE@?$GAmanaged?5vector?5copy?5constructo@ 1000ea14     libvcruntime:undname.obj
 0002:00000a40       ??_C@_0BM@PMGGMLDN@?$GAlocal?5static?5thread?5guard?8@ 1000ea40     libvcruntime:undname.obj
 0002:00000a5c       ??_C@_0N@BDNMDMOL@operator?5?$CC?$CC?5@ 1000ea5c     libvcruntime:undname.obj
 0002:00000a6c       ??_C@_0BC@GGEBGALA@operator?5co_await@ 1000ea6c     libvcruntime:undname.obj
 0002:00000a80       ??_C@_0M@GAAIMMOH@operator?$DM?$DN?$DO@ 1000ea80     libvcruntime:undname.obj
 0002:00000a8c       ??_C@_0BC@DAFEJGAK@?5Type?5Descriptor?8@ 1000ea8c     libvcruntime:undname.obj
 0002:00000aa0       ??_C@_0BM@LDKODKLH@?5Base?5Class?5Descriptor?5at?5?$CI@ 1000eaa0     libvcruntime:undname.obj
 0002:00000abc       ??_C@_0BD@LGICGFMM@?5Base?5Class?5Array?8@ 1000eabc     libvcruntime:undname.obj
 0002:00000ad0       ??_C@_0BN@MECKDCOJ@?5Class?5Hierarchy?5Descriptor?8@ 1000ead0     libvcruntime:undname.obj
 0002:00000af0       ??_C@_0BK@CFCOFLF@?5Complete?5Object?5Locator?8@ 1000eaf0     libvcruntime:undname.obj
 0002:00000b0c       ??_C@_0BG@JNJLAMPM@?$GAanonymous?5namespace?8@ 1000eb0c     libvcruntime:undname.obj
 0002:00000b30       ??_C@_1DM@KHCHBNEB@?$AAa?$AAp?$AAi?$AA?9?$AAm?$AAs?$AA?9?$AAw?$AAi?$AAn?$AA?9?$AAc?$AAo?$AAr?$AAe@ 1000eb30     libvcruntime:winapi_downlevel.obj
 0002:00000b6c       ??_C@_1DK@LPPGFMPP@?$AAa?$AAp?$AAi?$AA?9?$AAm?$AAs?$AA?9?$AAw?$AAi?$AAn?$AA?9?$AAc?$AAo?$AAr?$AAe@ 1000eb6c     libvcruntime:winapi_downlevel.obj
 0002:00000ba8       ??_C@_1BC@GDMECMAK@?$AAk?$AAe?$AAr?$AAn?$AAe?$AAl?$AA3?$AA2@ 1000eba8     libvcruntime:winapi_downlevel.obj
 0002:00000bbc       ??_C@_1BA@PFFKHIOG@?$AAa?$AAp?$AAi?$AA?9?$AAm?$AAs?$AA?9@ 1000ebbc     libvcruntime:winapi_downlevel.obj
 0002:00000bd4       ??_C@_08KNHFBNJ@FlsAlloc@  1000ebd4     libvcruntime:winapi_downlevel.obj
 0002:00000be8       ??_C@_07PEJMOBNF@FlsFree@  1000ebe8     libvcruntime:winapi_downlevel.obj
 0002:00000bf8       ??_C@_0M@GDNOONDI@FlsGetValue@ 1000ebf8     libvcruntime:winapi_downlevel.obj
 0002:00000c0c       ??_C@_0M@JCPCPOEF@FlsSetValue@ 1000ec0c     libvcruntime:winapi_downlevel.obj
 0002:00000c20       ??_C@_0BM@HCFOFFN@InitializeCriticalSectionEx@ 1000ec20     libvcruntime:winapi_downlevel.obj
 0002:00000c40       ??_7exception@std@@6B@     1000ec40     libvcruntime:frame.obj
 0002:00000c48       ??_C@_0BC@EOODALEL@Unknown?5exception@ 1000ec48     libvcruntime:frame.obj
 0002:00000c60       ??_7bad_exception@std@@6B@ 1000ec60     libvcruntime:frame.obj
 0002:00000c68       ??_C@_0O@DPKOEFFH@bad?5exception@ 1000ec68     libvcruntime:frame.obj
 0002:00000c78       ___acrt_exception_action_table 1000ec78     libucrt:exception_filter.obj
 0002:00000d08       ___acrt_signal_action_table_count 1000ed08     libucrt:exception_filter.obj
 0002:00000d0c       ___acrt_signal_action_first_fpe_index 1000ed0c     libucrt:exception_filter.obj
 0002:00000d10       ___acrt_signal_action_fpe_count 1000ed10     libucrt:exception_filter.obj
 0002:00000d14       ??_C@_1BI@BGOHAHKC@?$AAm?$AAs?$AAc?$AAo?$AAr?$AAe?$AAe?$AA?4?$AAd?$AAl?$AAl@ 1000ed14     libucrt:exit.obj
 0002:00000d2c       ??_C@_0P@MIGLKIOC@CorExitProcess@ 1000ed2c     libucrt:exit.obj
 0002:00000f38       ??_C@_1M@HPNHIDJI@?$AAj?$AAa?$AA?9?$AAJ?$AAP@ 1000ef38     libucrt:mbctype.obj
 0002:00000f44       ??_C@_1M@BIBDDEMK@?$AAz?$AAh?$AA?9?$AAC?$AAN@ 1000ef44     libucrt:mbctype.obj
 0002:00000f50       ??_C@_1M@JLOOOEGK@?$AAk?$AAo?$AA?9?$AAK?$AAR@ 1000ef50     libucrt:mbctype.obj
 0002:00000f5c       ??_C@_1M@CLNBBOPM@?$AAz?$AAh?$AA?9?$AAT?$AAW@ 1000ef5c     libucrt:mbctype.obj
 0002:00000fc8       ??_C@_1EA@JGEFHKEI@?$AAa?$AAp?$AAi?$AA?9?$AAm?$AAs?$AA?9?$AAw?$AAi?$AAn?$AA?9?$AAc?$AAo?$AAr?$AAe@ 1000efc8     libucrt:winapi_thunks.obj
 0002:00001008       ??_C@_1DM@LFJCLCKP@?$AAa?$AAp?$AAi?$AA?9?$AAm?$AAs?$AA?9?$AAw?$AAi?$AAn?$AA?9?$AAc?$AAo?$AAr?$AAe@ 1000f008     libucrt:winapi_thunks.obj
 0002:00001044       ??_C@_1DI@KMEPCBPN@?$AAa?$AAp?$AAi?$AA?9?$AAm?$AAs?$AA?9?$AAw?$AAi?$AAn?$AA?9?$AAc?$AAo?$AAr?$AAe@ 1000f044     libucrt:winapi_thunks.obj
 0002:0000107c       ??_C@_1DI@IJCEHOCB@?$AAa?$AAp?$AAi?$AA?9?$AAm?$AAs?$AA?9?$AAw?$AAi?$AAn?$AA?9?$AAc?$AAo?$AAr?$AAe@ 1000f07c     libucrt:winapi_thunks.obj
 0002:000010b4       ??_C@_1DI@FFFOPEOO@?$AAa?$AAp?$AAi?$AA?9?$AAm?$AAs?$AA?9?$AAw?$AAi?$AAn?$AA?9?$AAc?$AAo?$AAr?$AAe@ 1000f0b4     libucrt:winapi_thunks.obj
 0002:000010f0       ??_C@_1EI@MPIAOHOC@?$AAa?$AAp?$AAi?$AA?9?$AAm?$AAs?$AA?9?$AAw?$AAi?$AAn?$AA?9?$AAc?$AAo?$AAr?$AAe@ 1000f0f0     libucrt:winapi_thunks.obj
 0002:00001138       ??_C@_1FK@FPHCKFIE@?$AAa?$AAp?$AAi?$AA?9?$AAm?$AAs?$AA?9?$AAw?$AAi?$AAn?$AA?9?$AAc?$AAo?$AAr?$AAe@ 1000f138     libucrt:winapi_thunks.obj
 0002:00001198       ??_C@_1EM@DILCGIIO@?$AAa?$AAp?$AAi?$AA?9?$AAm?$AAs?$AA?9?$AAw?$AAi?$AAn?$AA?9?$AAc?$AAo?$AAr?$AAe@ 1000f198     libucrt:winapi_thunks.obj
 0002:000011e4       ??_C@_1DM@LNCGDDPN@?$AAa?$AAp?$AAi?$AA?9?$AAm?$AAs?$AA?9?$AAw?$AAi?$AAn?$AA?9?$AAc?$AAo?$AAr?$AAe@ 1000f1e4     libucrt:winapi_thunks.obj
 0002:00001220       ??_C@_1DO@FPAPJEMD@?$AAa?$AAp?$AAi?$AA?9?$AAm?$AAs?$AA?9?$AAw?$AAi?$AAn?$AA?9?$AAc?$AAo?$AAr?$AAe@ 1000f220     libucrt:winapi_thunks.obj
 0002:00001260       ??_C@_1DK@NDHNAHIO@?$AAa?$AAp?$AAi?$AA?9?$AAm?$AAs?$AA?9?$AAw?$AAi?$AAn?$AA?9?$AAc?$AAo?$AAr?$AAe@ 1000f260     libucrt:winapi_thunks.obj
 0002:0000129c       ??_C@_1DM@KGHDGBCM@?$AAa?$AAp?$AAi?$AA?9?$AAm?$AAs?$AA?9?$AAw?$AAi?$AAn?$AA?9?$AAc?$AAo?$AAr?$AAe@ 1000f29c     libucrt:winapi_thunks.obj
 0002:000012d8       ??_C@_1EO@IJIOEFOH@?$AAa?$AAp?$AAi?$AA?9?$AAm?$AAs?$AA?9?$AAw?$AAi?$AAn?$AA?9?$AAr?$AAt?$AAc?$AAo@ 1000f2d8     libucrt:winapi_thunks.obj
 0002:00001328       ??_C@_1FG@HHGEKANL@?$AAa?$AAp?$AAi?$AA?9?$AAm?$AAs?$AA?9?$AAw?$AAi?$AAn?$AA?9?$AAs?$AAe?$AAc?$AAu@ 1000f328     libucrt:winapi_thunks.obj
 0002:00001380       ??_C@_1EG@DBIOJECG@?$AAe?$AAx?$AAt?$AA?9?$AAm?$AAs?$AA?9?$AAw?$AAi?$AAn?$AA?9?$AAn?$AAt?$AAu?$AAs@ 1000f380     libucrt:winapi_thunks.obj
 0002:000013c8       ??_C@_1EO@FIHMJCLF@?$AAe?$AAx?$AAt?$AA?9?$AAm?$AAs?$AA?9?$AAw?$AAi?$AAn?$AA?9?$AAn?$AAt?$AAu?$AAs@ 1000f3c8     libucrt:winapi_thunks.obj
 0002:00001418       ??_C@_1BC@DNHGCMLG@?$AAa?$AAd?$AAv?$AAa?$AAp?$AAi?$AA3?$AA2@ 1000f418     libucrt:winapi_thunks.obj
 0002:0000142c       ??_C@_1BG@CJPGBMEF@?$AAk?$AAe?$AAr?$AAn?$AAe?$AAl?$AAb?$AAa?$AAs?$AAe@ 1000f42c     libucrt:winapi_thunks.obj
 0002:00001444       ??_C@_1M@OAIMIKLP@?$AAn?$AAt?$AAd?$AAl?$AAl@ 1000f444     libucrt:winapi_thunks.obj
 0002:00001450       ??_C@_1EG@DPGNFKGC@?$AAa?$AAp?$AAi?$AA?9?$AAm?$AAs?$AA?9?$AAw?$AAi?$AAn?$AA?9?$AAa?$AAp?$AAp?$AAm@ 1000f450     libucrt:winapi_thunks.obj
 0002:00001498       ??_C@_1O@BCCLBEOE@?$AAu?$AAs?$AAe?$AAr?$AA3?$AA2@ 1000f498     libucrt:winapi_thunks.obj
 0002:000014a8       ??_C@_1BA@IAIFMGEF@?$AAe?$AAx?$AAt?$AA?9?$AAm?$AAs?$AA?9@ 1000f4a8     libucrt:winapi_thunks.obj
 0002:000014bc       ??_C@_0BA@FHFNEAED@AreFileApisANSI@ 1000f4bc     libucrt:winapi_thunks.obj
 0002:000014d4       ??_C@_0N@MFBBDCAC@FlsGetValue2@ 1000f4d4     libucrt:winapi_thunks.obj
 0002:000014ec       ??_C@_0O@KKBNKAPF@LCMapStringEx@ 1000f4ec     libucrt:winapi_thunks.obj
 0002:00001504       ??_C@_0BB@HBDEELFH@LocaleNameToLCID@ 1000f504     libucrt:winapi_thunks.obj
 0002:0000151c       ??_C@_0CF@OJOFEIGO@AppPolicyGetProcessTerminationM@ 1000f51c     libucrt:winapi_thunks.obj
 0002:00001548       ___lc_time_c               1000f548     libucrt:nlsdata.obj
 0002:000016ac       ??_C@_03KOEHGMDN@Sun@      1000f6ac     libucrt:nlsdata.obj
 0002:000016b0       ??_C@_03PDAGKDH@Mon@       1000f6b0     libucrt:nlsdata.obj
 0002:000016b4       ??_C@_03NAGEINEP@Tue@      1000f6b4     libucrt:nlsdata.obj
 0002:000016b8       ??_C@_03MHOMLAJA@Wed@      1000f6b8     libucrt:nlsdata.obj
 0002:000016bc       ??_C@_03IOFIKPDN@Thu@      1000f6bc     libucrt:nlsdata.obj
 0002:000016c0       ??_C@_03IDIOELNC@Fri@      1000f6c0     libucrt:nlsdata.obj
 0002:000016c4       ??_C@_03FEFJNEK@Sat@       1000f6c4     libucrt:nlsdata.obj
 0002:000016c8       ??_C@_06OOPIFAJ@Sunday@    1000f6c8     libucrt:nlsdata.obj
 0002:000016d0       ??_C@_06JLEDEDGH@Monday@   1000f6d0     libucrt:nlsdata.obj
 0002:000016d8       ??_C@_07BAAGCFCM@Tuesday@  1000f6d8     libucrt:nlsdata.obj
 0002:000016e0       ??_C@_09DLIGFAKA@Wednesday@ 1000f6e0     libucrt:nlsdata.obj
 0002:000016ec       ??_C@_08HACCIKIA@Thursday@ 1000f6ec     libucrt:nlsdata.obj
 0002:000016f8       ??_C@_06JECMNKMI@Friday@   1000f6f8     libucrt:nlsdata.obj
 0002:00001700       ??_C@_08INBOOONO@Saturday@ 1000f700     libucrt:nlsdata.obj
 0002:0000170c       ??_C@_03JIHJHPIE@Jan@      1000f70c     libucrt:nlsdata.obj
 0002:00001710       ??_C@_03HJBDCHOM@Feb@      1000f710     libucrt:nlsdata.obj
 0002:00001714       ??_C@_03ODNJBKGA@Mar@      1000f714     libucrt:nlsdata.obj
 0002:00001718       ??_C@_03LEOLGMJP@Apr@      1000f718     libucrt:nlsdata.obj
 0002:0000171c       ??_C@_03CNMDKL@May@        1000f71c     libucrt:nlsdata.obj
 0002:00001720       ??_C@_03IDFGHECI@Jun@      1000f720     libucrt:nlsdata.obj
 0002:00001724       ??_C@_03LBGABGKK@Jul@      1000f724     libucrt:nlsdata.obj
 0002:00001728       ??_C@_03IFJFEIGA@Aug@      1000f728     libucrt:nlsdata.obj
 0002:0000172c       ??_C@_03GGCAPAJC@Sep@      1000f72c     libucrt:nlsdata.obj
 0002:00001730       ??_C@_03BMAOKBAD@Oct@      1000f730     libucrt:nlsdata.obj
 0002:00001734       ??_C@_03JPJOFNIA@Nov@      1000f734     libucrt:nlsdata.obj
 0002:00001738       ??_C@_03MKABNOCG@Dec@      1000f738     libucrt:nlsdata.obj
 0002:0000173c       ??_C@_07CGJPFGJA@January@  1000f73c     libucrt:nlsdata.obj
 0002:00001744       ??_C@_08GNJGEPFN@February@ 1000f744     libucrt:nlsdata.obj
 0002:00001750       ??_C@_05HPCKOFNC@March@    1000f750     libucrt:nlsdata.obj
 0002:00001758       ??_C@_05DMJDNLEJ@April@    1000f758     libucrt:nlsdata.obj
 0002:00001760       ??_C@_04CNLMGBGM@June@     1000f760     libucrt:nlsdata.obj
 0002:00001768       ??_C@_04MIEPOIFP@July@     1000f768     libucrt:nlsdata.obj
 0002:00001770       ??_C@_06LBBHFDDG@August@   1000f770     libucrt:nlsdata.obj
 0002:00001778       ??_C@_09BHHEALKD@September@ 1000f778     libucrt:nlsdata.obj
 0002:00001784       ??_C@_07JJNFCEND@October@  1000f784     libucrt:nlsdata.obj
 0002:0000178c       ??_C@_08HCHEGEOA@November@ 1000f78c     libucrt:nlsdata.obj
 0002:00001798       ??_C@_08EDHMEBNP@December@ 1000f798     libucrt:nlsdata.obj
 0002:000017a4       ??_C@_02DEDBPAFC@AM@       1000f7a4     libucrt:nlsdata.obj
 0002:000017a8       ??_C@_02CJNFDJBF@PM@       1000f7a8     libucrt:nlsdata.obj
 0002:000017ac       ??_C@_08BPBNCDIB@MM?1dd?1yy@ 1000f7ac     libucrt:nlsdata.obj
 0002:000017b8       ??_C@_0BE@CKGJFCPC@dddd?0?5MMMM?5dd?0?5yyyy@ 1000f7b8     libucrt:nlsdata.obj
 0002:000017cc       ??_C@_08JCCMCCIL@HH?3mm?3ss@ 1000f7cc     libucrt:nlsdata.obj
 0002:000017d8       ??_C@_17MBGCMIPB@?$AAS?$AAu?$AAn@ 1000f7d8     libucrt:nlsdata.obj
 0002:000017e0       ??_C@_17KBOMKBF@?$AAM?$AAo?$AAn@ 1000f7e0     libucrt:nlsdata.obj
 0002:000017e8       ??_C@_17BMKGEGOJ@?$AAT?$AAu?$AAe@ 1000f7e8     libucrt:nlsdata.obj
 0002:000017f0       ??_C@_17CJEDCEPE@?$AAW?$AAe?$AAd@ 1000f7f0     libucrt:nlsdata.obj
 0002:000017f8       ??_C@_17PDPHAADD@?$AAT?$AAh?$AAu@ 1000f7f8     libucrt:nlsdata.obj
 0002:00001800       ??_C@_17HFOLPPLP@?$AAF?$AAr?$AAi@ 1000f800     libucrt:nlsdata.obj
 0002:00001808       ??_C@_17GGIBDPIH@?$AAS?$AAa?$AAt@ 1000f808     libucrt:nlsdata.obj
 0002:00001810       ??_C@_1O@IHNHDHPB@?$AAS?$AAu?$AAn?$AAd?$AAa?$AAy@ 1000f810     libucrt:nlsdata.obj
 0002:00001820       ??_C@_1O@MMNBFLIA@?$AAM?$AAo?$AAn?$AAd?$AAa?$AAy@ 1000f820     libucrt:nlsdata.obj
 0002:00001830       ??_C@_1BA@ENFBFFEK@?$AAT?$AAu?$AAe?$AAs?$AAd?$AAa?$AAy@ 1000f830     libucrt:nlsdata.obj
 0002:00001840       ??_C@_1BE@EBOGMDOH@?$AAW?$AAe?$AAd?$AAn?$AAe?$AAs?$AAd?$AAa?$AAy@ 1000f840     libucrt:nlsdata.obj
 0002:00001854       ??_C@_1BC@HHMNLIHE@?$AAT?$AAh?$AAu?$AAr?$AAs?$AAd?$AAa?$AAy@ 1000f854     libucrt:nlsdata.obj
 0002:00001868       ??_C@_1O@PDICJHAG@?$AAF?$AAr?$AAi?$AAd?$AAa?$AAy@ 1000f868     libucrt:nlsdata.obj
 0002:00001878       ??_C@_1BC@ENMNNPAJ@?$AAS?$AAa?$AAt?$AAu?$AAr?$AAd?$AAa?$AAy@ 1000f878     libucrt:nlsdata.obj
 0002:0000188c       ??_C@_17DKNBKCHM@?$AAJ?$AAa?$AAn@ 1000f88c     libucrt:nlsdata.obj
 0002:00001894       ??_C@_17LMDJEKJN@?$AAF?$AAe?$AAb@ 1000f894     libucrt:nlsdata.obj
 0002:0000189c       ??_C@_17CKNLEDEC@?$AAM?$AAa?$AAr@ 1000f89c     libucrt:nlsdata.obj
 0002:000018a4       ??_C@_17LFPOIHDD@?$AAA?$AAp?$AAr@ 1000f8a4     libucrt:nlsdata.obj
 0002:000018ac       ??_C@_17PNNKMEED@?$AAM?$AAa?$AAy@ 1000f8ac     libucrt:nlsdata.obj
 0002:000018b4       ??_C@_17KCJGOCPB@?$AAJ?$AAu?$AAn@ 1000f8b4     libucrt:nlsdata.obj
 0002:000018bc       ??_C@_17IJPCKHK@?$AAJ?$AAu?$AAl@ 1000f8bc     libucrt:nlsdata.obj
 0002:000018c4       ??_C@_17ICPELBCN@?$AAA?$AAu?$AAg@ 1000f8c4     libucrt:nlsdata.obj
 0002:000018cc       ??_C@_17HCHCOKMG@?$AAS?$AAe?$AAp@ 1000f8cc     libucrt:nlsdata.obj
 0002:000018d4       ??_C@_17FNLKOI@?$AAO?$AAc?$AAt@ 1000f8d4     libucrt:nlsdata.obj
 0002:000018dc       ??_C@_17BBDMLCIG@?$AAN?$AAo?$AAv@ 1000f8dc     libucrt:nlsdata.obj
 0002:000018e4       ??_C@_17EGKACKIF@?$AAD?$AAe?$AAc@ 1000f8e4     libucrt:nlsdata.obj
 0002:000018ec       ??_C@_1BA@EFMEIEBA@?$AAJ?$AAa?$AAn?$AAu?$AAa?$AAr?$AAy@ 1000f8ec     libucrt:nlsdata.obj
 0002:000018fc       ??_C@_1BC@JGDDFFAM@?$AAF?$AAe?$AAb?$AAr?$AAu?$AAa?$AAr?$AAy@ 1000f8fc     libucrt:nlsdata.obj
 0002:00001910       ??_C@_1M@IKEENEDF@?$AAM?$AAa?$AAr?$AAc?$AAh@ 1000f910     libucrt:nlsdata.obj
 0002:0000191c       ??_C@_1M@GJNLMHFD@?$AAA?$AAp?$AAr?$AAi?$AAl@ 1000f91c     libucrt:nlsdata.obj
 0002:00001928       ??_C@_19EPFLPGAP@?$AAJ?$AAu?$AAn?$AAe@ 1000f928     libucrt:nlsdata.obj
 0002:00001934       ??_C@_19BIFMLPCD@?$AAJ?$AAu?$AAl?$AAy@ 1000f934     libucrt:nlsdata.obj
 0002:00001940       ??_C@_1O@PAHLKOAC@?$AAA?$AAu?$AAg?$AAu?$AAs?$AAt@ 1000f940     libucrt:nlsdata.obj
 0002:00001950       ??_C@_1BE@DKAAMBJL@?$AAS?$AAe?$AAp?$AAt?$AAe?$AAm?$AAb?$AAe?$AAr@ 1000f950     libucrt:nlsdata.obj
 0002:00001964       ??_C@_1BA@EPANDLNG@?$AAO?$AAc?$AAt?$AAo?$AAb?$AAe?$AAr@ 1000f964     libucrt:nlsdata.obj
 0002:00001974       ??_C@_1BC@BGLIFPF@?$AAN?$AAo?$AAv?$AAe?$AAm?$AAb?$AAe?$AAr@ 1000f974     libucrt:nlsdata.obj
 0002:00001988       ??_C@_1BC@FEMKIFH@?$AAD?$AAe?$AAc?$AAe?$AAm?$AAb?$AAe?$AAr@ 1000f988     libucrt:nlsdata.obj
 0002:0000199c       ??_C@_15ODEHAHHF@?$AAA?$AAM@ 1000f99c     libucrt:nlsdata.obj
 0002:000019a4       ??_C@_15CLMNNGEL@?$AAP?$AAM@ 1000f9a4     libucrt:nlsdata.obj
 0002:000019ac       ??_C@_1BC@IEBCMHCM@?$AAM?$AAM?$AA?1?$AAd?$AAd?$AA?1?$AAy?$AAy@ 1000f9ac     libucrt:nlsdata.obj
 0002:000019c0       ??_C@_1CI@KNAKOEBC@?$AAd?$AAd?$AAd?$AAd?$AA?0?$AA?5?$AAM?$AAM?$AAM?$AAM?$AA?5?$AAd?$AAd?$AA?0?$AA?5@ 1000f9c0     libucrt:nlsdata.obj
 0002:000019e8       ??_C@_1BC@GDGBMEMK@?$AAH?$AAH?$AA?3?$AAm?$AAm?$AA?3?$AAs?$AAs@ 1000f9e8     libucrt:nlsdata.obj
 0002:000019fc       ??_C@_1M@BMHNFIME@?$AAe?$AAn?$AA?9?$AAU?$AAS@ 1000f9fc     libucrt:nlsdata.obj
 0002:00001a08       ___newctype                1000fa08     libucrt:ctype.obj
 0002:00001d08       ___newclmap                1000fd08     libucrt:ctype.obj
 0002:00001e88       ___newcumap                1000fe88     libucrt:ctype.obj
 0002:00002728       ??_C@_15EMKDOKLE@?$AAa?$AAr@ 10010728     libucrt:lcidtoname_downlevel.obj
 0002:00002730       ??_C@_15KNPADPLH@?$AAb?$AAg@ 10010730     libucrt:lcidtoname_downlevel.obj
 0002:00002738       ??_C@_15EDMHLDMO@?$AAc?$AAa@ 10010738     libucrt:lcidtoname_downlevel.obj
 0002:00002740       ??_C@_1O@BPEAJADD@?$AAz?$AAh?$AA?9?$AAC?$AAH?$AAS@ 10010740     libucrt:lcidtoname_downlevel.obj
 0002:00002750       ??_C@_15LJNHCMNK@?$AAc?$AAs@ 10010750     libucrt:lcidtoname_downlevel.obj
 0002:00002758       ??_C@_15FOMCIDHG@?$AAd?$AAa@ 10010758     libucrt:lcidtoname_downlevel.obj
 0002:00002760       ??_C@_15NBKABECB@?$AAd?$AAe@ 10010760     libucrt:lcidtoname_downlevel.obj
 0002:00002768       ??_C@_15GHPEIIAO@?$AAe?$AAl@ 10010768     libucrt:lcidtoname_downlevel.obj
 0002:00002770       ??_C@_15MNPNEAIF@?$AAe?$AAn@ 10010770     libucrt:lcidtoname_downlevel.obj
 0002:00002778       ??_C@_15GPIOMPMH@?$AAe?$AAs@ 10010778     libucrt:lcidtoname_downlevel.obj
 0002:00002780       ??_C@_15NGLOAKJC@?$AAf?$AAi@ 10010780     libucrt:lcidtoname_downlevel.obj
 0002:00002788       ??_C@_15FBKGNKAM@?$AAf?$AAr@ 10010788     libucrt:lcidtoname_downlevel.obj
 0002:00002790       ??_C@_15KGGCNEFK@?$AAh?$AAe@ 10010790     libucrt:lcidtoname_downlevel.obj
 0002:00002798       ??_C@_15PGHLIDMF@?$AAh?$AAu@ 10010798     libucrt:lcidtoname_downlevel.obj
 0002:000027a0       ??_C@_15BIEMAPLM@?$AAi?$AAs@ 100107a0     libucrt:lcidtoname_downlevel.obj
 0002:000027a8       ??_C@_15IFJLDHAF@?$AAi?$AAt@ 100107a8     libucrt:lcidtoname_downlevel.obj
 0002:000027b0       ??_C@_15GEMIOCAG@?$AAj?$AAa@ 100107b0     libucrt:lcidtoname_downlevel.obj
 0002:000027b8       ??_C@_15EPELEGJA@?$AAk?$AAo@ 100107b8     libucrt:lcidtoname_downlevel.obj
 0002:000027c0       ??_C@_15NDDHIMN@?$AAn?$AAl@ 100107c0     libucrt:lcidtoname_downlevel.obj
 0002:000027c8       ??_C@_15BPIGNHCD@?$AAn?$AAo@ 100107c8     libucrt:lcidtoname_downlevel.obj
 0002:000027d0       ??_C@_15DEOPBLCG@?$AAp?$AAl@ 100107d0     libucrt:lcidtoname_downlevel.obj
 0002:000027d8       ??_C@_15KBECGEFG@?$AAp?$AAt@ 100107d8     libucrt:lcidtoname_downlevel.obj
 0002:000027e0       ??_C@_15GLJCBFMD@?$AAr?$AAo@ 100107e0     libucrt:lcidtoname_downlevel.obj
 0002:000027e8       ??_C@_15FEDGKCDI@?$AAr?$AAu@ 100107e8     libucrt:lcidtoname_downlevel.obj
 0002:000027f0       ??_C@_15GLKMLLHM@?$AAh?$AAr@ 100107f0     libucrt:lcidtoname_downlevel.obj
 0002:000027f8       ??_C@_15CPKMFBDB@?$AAs?$AAk@ 100107f8     libucrt:lcidtoname_downlevel.obj
 0002:00002800       ??_C@_15BAAIOGMK@?$AAs?$AAq@ 10010800     libucrt:lcidtoname_downlevel.obj
 0002:00002808       ??_C@_15INNPNOHD@?$AAs?$AAv@ 10010808     libucrt:lcidtoname_downlevel.obj
 0002:00002810       ??_C@_15CABMMOGH@?$AAt?$AAh@ 10010810     libucrt:lcidtoname_downlevel.obj
 0002:00002818       ??_C@_15BPLIHJJM@?$AAt?$AAr@ 10010818     libucrt:lcidtoname_downlevel.obj
 0002:00002820       ??_C@_15NEOEKKDJ@?$AAu?$AAr@ 10010820     libucrt:lcidtoname_downlevel.obj
 0002:00002828       ??_C@_15NFICGAJK@?$AAi?$AAd@ 10010828     libucrt:lcidtoname_downlevel.obj
 0002:00002830       ??_C@_15PJPFLCCM@?$AAu?$AAk@ 10010830     libucrt:lcidtoname_downlevel.obj
 0002:00002838       ??_C@_15HPJPHDM@?$AAb?$AAe@ 10010838     libucrt:lcidtoname_downlevel.obj
 0002:00002840       ??_C@_15LCHLGJII@?$AAs?$AAl@ 10010840     libucrt:lcidtoname_downlevel.obj
 0002:00002848       ??_C@_15PCFJPHHO@?$AAe?$AAt@ 10010848     libucrt:lcidtoname_downlevel.obj
 0002:00002850       ??_C@_15HPFPGODN@?$AAl?$AAv@ 10010850     libucrt:lcidtoname_downlevel.obj
 0002:00002858       ??_C@_15NFFGKGLG@?$AAl?$AAt@ 10010858     libucrt:lcidtoname_downlevel.obj
 0002:00002860       ??_C@_15BDAKCCHN@?$AAf?$AAa@ 10010860     libucrt:lcidtoname_downlevel.obj
 0002:00002868       ??_C@_15NFGIAIAJ@?$AAv?$AAi@ 10010868     libucrt:lcidtoname_downlevel.obj
 0002:00002870       ??_C@_15LMKNDMHN@?$AAh?$AAy@ 10010870     libucrt:lcidtoname_downlevel.obj
 0002:00002878       ??_C@_15IJBHMCFL@?$AAa?$AAz@ 10010878     libucrt:lcidtoname_downlevel.obj
 0002:00002880       ??_C@_15EKOFJABL@?$AAe?$AAu@ 10010880     libucrt:lcidtoname_downlevel.obj
 0002:00002888       ??_C@_15BGHADCNK@?$AAm?$AAk@ 10010888     libucrt:lcidtoname_downlevel.obj
 0002:00002890       ??_C@_15JDNICKHM@?$AAa?$AAf@ 10010890     libucrt:lcidtoname_downlevel.obj
 0002:00002898       ??_C@_15KPJEDBKD@?$AAk?$AAa@ 10010898     libucrt:lcidtoname_downlevel.obj
 0002:000028a0       ??_C@_15PDNFFFEO@?$AAf?$AAo@ 100108a0     libucrt:lcidtoname_downlevel.obj
 0002:000028a8       ??_C@_15OMLEGLOC@?$AAh?$AAi@ 100108a8     libucrt:lcidtoname_downlevel.obj
 0002:000028b0       ??_C@_15IDNNENKK@?$AAm?$AAs@ 100108b0     libucrt:lcidtoname_downlevel.obj
 0002:000028b8       ??_C@_15MACJNBMH@?$AAk?$AAk@ 100108b8     libucrt:lcidtoname_downlevel.obj
 0002:000028c0       ??_C@_15DKDJEOND@?$AAk?$AAy@ 100108c0     libucrt:lcidtoname_downlevel.obj
 0002:000028c8       ??_C@_15DFGDLJBG@?$AAs?$AAw@ 100108c8     libucrt:lcidtoname_downlevel.obj
 0002:000028d0       ??_C@_15BBFAICNG@?$AAu?$AAz@ 100108d0     libucrt:lcidtoname_downlevel.obj
 0002:000028d8       ??_C@_15DKNDCGEA@?$AAt?$AAt@ 100108d8     libucrt:lcidtoname_downlevel.obj
 0002:000028e0       ??_C@_15MGIFMDPL@?$AAp?$AAa@ 100108e0     libucrt:lcidtoname_downlevel.obj
 0002:000028e8       ??_C@_15HCNDBBA@?$AAg?$AAu@ 100108e8     libucrt:lcidtoname_downlevel.obj
 0002:000028f0       ??_C@_15FNBEIBON@?$AAt?$AAa@ 100108f0     libucrt:lcidtoname_downlevel.obj
 0002:000028f8       ??_C@_15NCHGBGLK@?$AAt?$AAe@ 100108f8     libucrt:lcidtoname_downlevel.obj
 0002:00002900       ??_C@_15PHPHCBPF@?$AAk?$AAn@ 10010900     libucrt:lcidtoname_downlevel.obj
 0002:00002908       ??_C@_15DLGBCKMP@?$AAm?$AAr@ 10010908     libucrt:lcidtoname_downlevel.obj
 0002:00002910       ??_C@_15EABBLBFF@?$AAs?$AAa@ 10010910     libucrt:lcidtoname_downlevel.obj
[...]
 0002:000014e4       ?candidate_modules@?1??try_get_LCMapStringEx@@YAP6GHPB_WK0HPA_WHPAU_nlsversioninfo@@PAXJ@ZXZ@4QBW4module_id@?A0x391cf84c@@B 1000f4e4     libucrt:winapi_thunks.obj
 0002:000014fc       ?candidate_modules@?1??try_get_LocaleNameToLCID@@YAP6GKPB_WK@ZXZ@4QBW4module_id@?A0x391cf84c@@B 1000f4fc     libucrt:winapi_thunks.obj
 0002:00001518       ?candidate_modules@?1??try_get_AppPolicyGetProcessTerminationMethod@@YAP6GJPAXPAW4AppPolicyProcessTerminationMethod@@@ZXZ@4QBW4module_id@?A0x391cf84c@@B 1000f518     libucrt:winapi_thunks.obj
 0002:00002008       ?LcidToLocaleNameTable@?A0x881e4c05@@3QBULcidToLocaleName@1@B 10010008     libucrt:lcidtoname_downlevel.obj
 0002:00003130       ?LocaleNameToIndexTable@?A0x881e4c05@@3QBULocaleNameIndex@1@B 10011130     libucrt:lcidtoname_downlevel.obj
 0002:00004080       emask                      10012080     libucrt:log10_sse2_precise.obj
 0002:00004090       CC                         10012090     libucrt:log10_sse2_precise.obj
 0002:000040a0       Magic                      100120a0     libucrt:log10_sse2_precise.obj
 0002:000040b0       hi_mask                    100120b0     libucrt:log10_sse2_precise.obj
 0002:000040c0       LOG10_2                    100120c0     libucrt:log10_sse2_precise.obj
 0002:000040d0       place_L                    100120d0     libucrt:log10_sse2_precise.obj
 0002:000040f0       One                        100120f0     libucrt:log10_sse2_precise.obj
 0002:00004100       Zero                       10012100     libucrt:log10_sse2_precise.obj
 0002:00004110       Two52                      10012110     libucrt:log10_sse2_precise.obj
 0002:00004120       Infs                       10012120     libucrt:log10_sse2_precise.obj
 0002:00004130       NaN                        10012130     libucrt:log10_sse2_precise.obj
 0002:00004140       coeff                      10012140     libucrt:log10_sse2_precise.obj
 0002:00004180       _One                       10012180     libucrt:ceil_pentium4.obj
 0002:00004190       _Bns                       10012190     libucrt:ceil_pentium4.obj
 0002:000041a0       _Zero                      100121a0     libucrt:ceil_pentium4.obj
 0002:000041b0       _S                         100121b0     libucrt:ceil_pentium4.obj
 0002:000041c0       _NegZero                   100121c0     libucrt:ceil_pentium4.obj
 0002:00004210       LOG_name                   10012210     libucrt:log10_impl.obj
 0002:00004a40       _over                      10012a40     libucrt:fpctrl.obj
 0002:00004a4c       _under                     10012a4c     libucrt:fpctrl.obj
 0002:00004a60       emask                      10012a60     libucrt:log10_pentium4.obj
 0002:00004a70       CC                         10012a70     libucrt:log10_pentium4.obj
 0002:00004a80       Magic                      10012a80     libucrt:log10_pentium4.obj
 0002:00004a90       hi_mask                    10012a90     libucrt:log10_pentium4.obj
 0002:00004aa0       LOG10_2                    10012aa0     libucrt:log10_pentium4.obj
 0002:00004ab0       place_L                    10012ab0     libucrt:log10_pentium4.obj
 0002:00004ad0       One                        10012ad0     libucrt:log10_pentium4.obj
 0002:00004ae0       Zero                       10012ae0     libucrt:log10_pentium4.obj
 0002:00004af0       Two52                      10012af0     libucrt:log10_pentium4.obj
 0002:00004b00       Infs                       10012b00     libucrt:log10_pentium4.obj
 0002:00004b10       NaN                        10012b10     libucrt:log10_pentium4.obj
 0002:00004b20       coeff                      10012b20     libucrt:log10_pentium4.obj
 0002:00004b7e       _log2max                   10012b7e     libucrt:87tran.obj
 0002:00004b88       _smallarg                  10012b88     libucrt:87tran.obj
 0002:00004b92       _half                      10012b92     libucrt:87tran.obj
 0002:00004bde       One                        10012bde     libucrt:87disp.obj
 0002:00004be6       Three                      10012be6     libucrt:87disp.obj
 0002:00004bee       XAMtoTagTab                10012bee     libucrt:87disp.obj
 0002:00004c00       One                        10012c00     libucrt:common.obj
 0002:00004c14       DblMax                     10012c14     libucrt:common.obj
 0002:00004c1c       DblMin                     10012c1c     libucrt:common.obj
 0002:00004c24       IeeeAdjO                   10012c24     libucrt:common.obj
 0002:00004c2c       IeeeAdjU                   10012c2c     libucrt:common.obj
 0002:00004c34       _infinity                  10012c34     libucrt:common.obj
 0002:00004c3c       _zero                      10012c3c     libucrt:common.obj
 0002:00004c48       ?_names@?1??_get_fname@@9@4QBU<unnamed-type-_names>@?1??1@YAPADI@Z@B 10012c48     libucrt:fpexcept.obj
 0002:000054c8       __sehtable$?dllmain_crt_process_attach@@YAHQAUHINSTANCE__@@QAX@Z 100134c8     LIBCMT:dll_dllmain.obj
 0002:000054e8       __sehtable$?dllmain_crt_process_detach@@YAH_N@Z 100134e8     LIBCMT:dll_dllmain.obj
 0002:00005510       __sehtable$?dllmain_dispatch@@YAHQAUHINSTANCE__@@KQAX@Z 10013510     LIBCMT:dll_dllmain.obj
 0002:00005530       __sehtable$___scrt_is_nonwritable_in_current_image 10013530     LIBCMT:utility.obj
 0002:00005550       __sehtable$___DestructExceptionObject 10013550     libvcruntime:ehhelpers.obj
 0002:00005570       __sehtable$?FrameUnwindToState@__FrameHandler3@@SAXPAUEHRegistrationNode@@PAXPBU_s_FuncInfo@@H@Z 10013570     libvcruntime:frame.obj
 0002:00005598       __sehtable$?CallCatchBlock@@YAPAXPAUEHExceptionRecord@@PAUEHRegistrationNode@@PAU_CONTEXT@@PBU_s_FuncInfo@@PAXHK@Z 10013598     libvcruntime:frame.obj
 0002:000055c0       __catchsym$?CallUnexpected@@YAXPBU_s_ESTypeList@@@Z$2 100135c0     libvcruntime:frame.obj
 0002:000055d0       __unwindtable$?CallUnexpected@@YAXPBU_s_ESTypeList@@@Z 100135d0     libvcruntime:frame.obj
 0002:000055e0       __tryblocktable$?CallUnexpected@@YAXPBU_s_ESTypeList@@@Z 100135e0     libvcruntime:frame.obj
 0002:000055f4       __ehfuncinfo$?CallUnexpected@@YAXPBU_s_ESTypeList@@@Z 100135f4     libvcruntime:frame.obj
 0002:00005618       __sehtable$??$BuildCatchObjectHelperInternal@V__FrameHandler3@@@@YAHPAUEHExceptionRecord@@PAXPBU_s_HandlerType@@PBU_s_CatchableType@@@Z 10013618     libvcruntime:frame.obj
 0002:00005638       __sehtable$??$BuildCatchObjectInternal@V__FrameHandler3@@@@YAXPAUEHExceptionRecord@@PAXPBU_s_HandlerType@@PBU_s_CatchableType@@@Z 10013638     libvcruntime:frame.obj
 0002:000056a8       __ehfuncinfo$?write_double_translated_ansi_nolock@@YA?AUwrite_result@?A0x17268360@@HQBDIAAV__crt_cached_ptd_host@@@Z 100136a8     libucrt:write.obj
 0002:000056a8       __ehfuncinfo$?try_cor_exit_process@@YAXI@Z 100136a8     libucrt:exit.obj
 0002:000056cc       __unwindtable$?common_exit@@YAXHW4_crt_exit_cleanup_mode@@W4_crt_exit_return_mode@@@Z 100136cc     libucrt:exit.obj
 0002:000056d4       __ehfuncinfo$?common_exit@@YAXHW4_crt_exit_cleanup_mode@@W4_crt_exit_return_mode@@@Z 100136d4     libucrt:exit.obj
 0002:000056f8       __sehtable$??R<lambda_6e4b09c48022b2350581041d5f6b0c4c>@@QBE@XZ 100136f8     libucrt:exit.obj
 0002:00005718       __sehtable$??$?RV<lambda_03b1d95aef87969028cfba75ccab2455>@@AAV<lambda_6e4b09c48022b2350581041d5f6b0c4c>@@V<lambda_22bdf7517842c4b3e53723af5aa32b9e>@@@?$__crt_seh_guarded_call@X@@QAEX$$QAV<lambda_03b1d95aef87969028cfba75ccab2455>@@AAV<lambda_6e4b09c48022b2350581041d5f6b0c4c>@@$$QAV<lambda_22bdf7517842c4b3e53723af5aa32b9e>@@@Z 10013718     libucrt:exit.obj
 0002:00005734       __unwindtable$___dcrt_uninitialize_environments_nolock 10013734     libucrt:environment_initialization.obj
 0002:00005734       __unwindtable$___acrt_getptd_noexit 10013734     libucrt:per_thread_data.obj
 0002:00005744       __ehfuncinfo$___dcrt_uninitialize_environments_nolock 10013744     libucrt:environment_initialization.obj
 0002:00005744       __ehfuncinfo$___acrt_getptd_noexit 10013744     libucrt:per_thread_data.obj
 0002:00005768       __unwindtable$___acrt_freeptd 10013768     libucrt:per_thread_data.obj
 0002:00005768       __unwindtable$___acrt_getptd_head 10013768     libucrt:per_thread_data.obj
 0002:00005768       __unwindtable$___acrt_getptd_noexit_explicit 10013768     libucrt:per_thread_data.obj
 0002:00005768       __unwindtable$__execute_onexit_table 10013768     libucrt:onexit.obj
 0002:00005770       __ehfuncinfo$___acrt_freeptd 10013770     libucrt:per_thread_data.obj
 0002:00005770       __ehfuncinfo$___acrt_getptd_head 10013770     libucrt:per_thread_data.obj
 0002:00005770       __ehfuncinfo$___acrt_getptd_noexit_explicit 10013770     libucrt:per_thread_data.obj
 0002:00005770       __ehfuncinfo$__execute_onexit_table 10013770     libucrt:onexit.obj
 0002:00005798       __sehtable$??$?RV<lambda_69a2805e680e0e292e8ba93315fe43a8>@@AAV<lambda_f03950bc5685219e0bcd2087efbe011e>@@V<lambda_03fcd07e894ec930e3f35da366ca99d6>@@@?$__crt_seh_guarded_call@H@@QAEH$$QAV<lambda_69a2805e680e0e292e8ba93315fe43a8>@@AAV<lambda_f03950bc5685219e0bcd2087efbe011e>@@$$QAV<lambda_03fcd07e894ec930e3f35da366ca99d6>@@@Z 10013798     libucrt:onexit.obj
 0002:000057b8       __sehtable$_terminate      100137b8     libucrt:terminate.obj
 0002:000057d8       __sehtable$??$?RV<lambda_15ade71b0218206bbe3333a0c9b79046>@@AAV<lambda_da44e0f8b0f19ba52fefafb335991732>@@V<lambda_207f2d024fc103971653565357d6cd41>@@@?$__crt_seh_guarded_call@X@@QAEX$$QAV<lambda_15ade71b0218206bbe3333a0c9b79046>@@AAV<lambda_da44e0f8b0f19ba52fefafb335991732>@@$$QAV<lambda_207f2d024fc103971653565357d6cd41>@@@Z 100137d8     libucrt:per_thread_data.obj
 0002:000057f8       __sehtable$??$?RV<lambda_a7e850c220f1c8d1e6efeecdedd162c6>@@AAV<lambda_46720907175c18b6c9d2717bc0d2d362>@@V<lambda_9048902d66e8d99359bc9897bbb930a8>@@@?$__crt_seh_guarded_call@X@@QAEX$$QAV<lambda_a7e850c220f1c8d1e6efeecdedd162c6>@@AAV<lambda_46720907175c18b6c9d2717bc0d2d362>@@$$QAV<lambda_9048902d66e8d99359bc9897bbb930a8>@@@Z 100137f8     libucrt:per_thread_data.obj
 0002:00005818       __sehtable$??$?RV<lambda_38edbb1296d33220d7e4dd0ed76b244a>@@AAV<lambda_5ce1d447e08cb34b2473517608e21441>@@V<lambda_fb385d3da700c9147fc39e65dd577a8c>@@@?$__crt_seh_guarded_call@X@@QAEX$$QAV<lambda_38edbb1296d33220d7e4dd0ed76b244a>@@AAV<lambda_5ce1d447e08cb34b2473517608e21441>@@$$QAV<lambda_fb385d3da700c9147fc39e65dd577a8c>@@@Z 10013818     libucrt:per_thread_data.obj
 0002:00005838       __sehtable$??$?RV<lambda_6affb1475c98b40b75cdec977db92e3c>@@AAV<lambda_b8d4b9c228a6ecc3f80208dbb4b4a104>@@V<lambda_608742c3c92a14382c1684fc64f96c88>@@@?$__crt_seh_guarded_call@X@@QAEX$$QAV<lambda_6affb1475c98b40b75cdec977db92e3c>@@AAV<lambda_b8d4b9c228a6ecc3f80208dbb4b4a104>@@$$QAV<lambda_608742c3c92a14382c1684fc64f96c88>@@@Z 10013838     libucrt:per_thread_data.obj
 0002:00005858       __sehtable$?update_thread_multibyte_data_internal@@YAPAU__crt_multibyte_data@@QAU__acrt_ptd@@QAPAU1@@Z 10013858     libucrt:mbctype.obj
 0002:00005878       __sehtable$??$?RV<lambda_ceb1ee4838e85a9d631eb091e2fbe199>@@AAV<lambda_ae742caa10f662c28703da3d2ea5e57e>@@V<lambda_cd08b5d6af4937fe54fc07d0c9bf6b37>@@@?$__crt_seh_guarded_call@X@@QAEX$$QAV<lambda_ceb1ee4838e85a9d631eb091e2fbe199>@@AAV<lambda_ae742caa10f662c28703da3d2ea5e57e>@@$$QAV<lambda_cd08b5d6af4937fe54fc07d0c9bf6b37>@@@Z 10013878     libucrt:mbctype.obj
 0002:00005898       __sehtable$___acrt_initialize_lowio 10013898     libucrt:ioinit.obj
 0002:000058b8       __sehtable$__set_new_handler 100138b8     libucrt:new_handler.obj
 0002:000058d8       __sehtable$__query_new_handler 100138d8     libucrt:new_handler.obj
 0002:000058f8       __sehtable$_raise          100138f8     libucrt:signal.obj
 0002:00005918       __sehtable$??$?RV<lambda_cbab9ec6f41b0180b23cc171c22676b0>@@AAV<lambda_44731a7d0e6d81c3e6aa82d741081786>@@V<lambda_4b292cb8dd18144e164572427af410ab>@@@?$__crt_seh_guarded_call@P6AXH@Z@@QAEP6AXH@Z$$QAV<lambda_cbab9ec6f41b0180b23cc171c22676b0>@@AAV<lambda_44731a7d0e6d81c3e6aa82d741081786>@@$$QAV<lambda_4b292cb8dd18144e164572427af410ab>@@@Z 10013918     libucrt:signal.obj
 0002:00005938       __sehtable$??$?RV<lambda_2866be3712abc81a800a822484c830d8>@@AAV<lambda_39ca0ed439415581b5b15c265174cece>@@V<lambda_2b24c74d71094a6cd0cb82e44167d71b>@@@?$__crt_seh_guarded_call@X@@QAEX$$QAV<lambda_2866be3712abc81a800a822484c830d8>@@AAV<lambda_39ca0ed439415581b5b15c265174cece>@@$$QAV<lambda_2b24c74d71094a6cd0cb82e44167d71b>@@@Z 10013938     libucrt:fflush.obj
 0002:00005958       __sehtable$??$?RV<lambda_2cc53f568c5a2bb6f192f930a45d44ea>@@AAV<lambda_ab61a845afdef5b7c387490eaf3616ee>@@V<lambda_c2ffc0b7726aa6be21d5f0026187e748>@@@?$__crt_seh_guarded_call@X@@QAEX$$QAV<lambda_2cc53f568c5a2bb6f192f930a45d44ea>@@AAV<lambda_ab61a845afdef5b7c387490eaf3616ee>@@$$QAV<lambda_c2ffc0b7726aa6be21d5f0026187e748>@@@Z 10013958     libucrt:fflush.obj
 0002:00005978       __sehtable$??$?RV<lambda_e5124f882df8998aaf41531e079ba474>@@AAV<lambda_3e16ef9562a7dcce91392c22ab16ea36>@@V<lambda_e25ca0880e6ef98be67edffd8c599615>@@@?$__crt_seh_guarded_call@X@@QAEX$$QAV<lambda_e5124f882df8998aaf41531e079ba474>@@AAV<lambda_3e16ef9562a7dcce91392c22ab16ea36>@@$$QAV<lambda_e25ca0880e6ef98be67edffd8c599615>@@@Z 10013978     libucrt:wsetlocale.obj
 0002:00005998       __sehtable$___acrt_update_thread_locale_data 10013998     libucrt:locale_refcounting.obj
 0002:000059b8       __sehtable$___acrt_lowio_ensure_fh_exists 100139b8     libucrt:osfinfo.obj
 0002:000059d8       __sehtable$??$?RV<lambda_9e9de3de5fa147e2223d7db92bc10aa6>@@AAV<lambda_38ce7e780aa69e748d6df282ebc68efe>@@V<lambda_8ca6da459f0f6780f1cff60fdc3d00e5>@@@?$__crt_seh_guarded_call@H@@QAEH$$QAV<lambda_9e9de3de5fa147e2223d7db92bc10aa6>@@AAV<lambda_38ce7e780aa69e748d6df282ebc68efe>@@$$QAV<lambda_8ca6da459f0f6780f1cff60fdc3d00e5>@@@Z 100139d8     libucrt:commit.obj
 0002:000059f8       __sehtable$__write_internal 100139f8     libucrt:write.obj
 0002:00005a18       __sehtable$__fcloseall     10013a18     libucrt:closeall.obj
 0002:00005a38       __sehtable$?_fclose_internal@@YAHQAU_iobuf@@AAV__crt_cached_ptd_host@@@Z 10013a38     libucrt:fclose.obj
 0002:00005a58       __sehtable$??$?RV<lambda_d422a76eb4c3bf3ad751449ab71a6ea4>@@AAV<lambda_c9ba49e555ba839a7b07aa3fbecb7617>@@V<lambda_9476263c8ee91a25d21c55370bdb50de>@@@?$__crt_seh_guarded_call@H@@QAEH$$QAV<lambda_d422a76eb4c3bf3ad751449ab71a6ea4>@@AAV<lambda_c9ba49e555ba839a7b07aa3fbecb7617>@@$$QAV<lambda_9476263c8ee91a25d21c55370bdb50de>@@@Z 10013a58     libucrt:close.obj
 0002:00005a78       __sehtable$__IsNonwritableInCurrentImage 10013a78     LIBCMT:pesect.obj
 0002:00005aa0       .edata                     10013aa0     SharedDLL_x86_release.exp
 0002:00005ac8       rgpv                       10013ac8     SharedDLL_x86_release.exp
 0002:00005ad0       rgszName                   10013ad0     SharedDLL_x86_release.exp
 0002:00005ad8       rgwOrd                     10013ad8     SharedDLL_x86_release.exp
 0002:00005adc       szName                     10013adc     SharedDLL_x86_release.exp
 0002:00005aea       $N00001                    10013aea     SharedDLL_x86_release.exp
 0002:00005afc       $N00002                    10013afc     SharedDLL_x86_release.exp
 0002:0000616c       .idata$6                   1001416c     kernel32:KERNEL32.dll
 0003:00000060       ?__vcrt_flsindex@@3KA      10015060     libvcruntime:per_thread_data.obj
 0003:00000090       ?__acrt_flsindex@@3KA      10015090     libucrt:per_thread_data.obj
 0003:00000094       ?errno_no_memory@@3HA      10015094     libucrt:errno.obj
 0003:00000098       ?doserrno_no_memory@@3KA   10015098     libucrt:errno.obj
 0003:000002c0       __mbctypes                 100152c0     libucrt:mbctype.obj
 0003:000003c8       __mbcasemaps               100153c8     libucrt:mbctype.obj
 0003:000004c8       ?__rgctypeflag@@3PADA      100154c8     libucrt:mbctype.obj
 0003:000004d0       ?__rgcode_page_info@@3PAUcode_page_info@@A 100154d0     libucrt:mbctype.obj
 0003:00000890       ?__dcrt_lowio_console_output_handle@@3PAXA 10015890     libucrt:initcon.obj
 0003:00000908       ?__proc_attached@@3HA      10015908     LIBCMT:dll_dllmain.obj
 0003:00000910       _GS_ExceptionRecord        10015910     LIBCMT:gs_report.obj
 0003:00000960       _GS_ContextRecord          10015960     LIBCMT:gs_report.obj
 0003:00000c50       ?is_initialized_as_dll@@3_NA 10015c50     LIBCMT:utility.obj
 0003:00000c51       ?module_local_atexit_table_initialized@@3_NA 10015c51     LIBCMT:utility.obj
 0003:00000c54       ?module_local_atexit_table@@3U_onexit_table_t@@A 10015c54     LIBCMT:utility.obj
 0003:00000c60       ?module_local_at_quick_exit_table@@3U_onexit_table_t@@A 10015c60     LIBCMT:utility.obj
 0003:00000ca8       ?heap@@3V_HeapManager@@A   10015ca8     libvcruntime:undname.obj
 0003:00000cbc       ?__vcrt_startup_thread_ptd@@3U__vcrt_ptd@@A 10015cbc     libvcruntime:per_thread_data.obj
 0003:00000ce4       ___vcrt_lock_table         10015ce4     libvcruntime:locks.obj
 0003:00000cfc       ___vcrt_locks_initialized  10015cfc     libvcruntime:locks.obj
 0003:00000d00       ?module_handles@@3PAPAUHINSTANCE__@@A 10015d00     libvcruntime:winapi_downlevel.obj
 0003:00000d0c       ?function_pointers@@3PAPAXA 10015d0c     libvcruntime:winapi_downlevel.obj
 0003:00000d24       ?c_termination_complete@@3JA 10015d24     libucrt:exit.obj
 0003:00000d28       ?thread_local_exit_callback_func@@3P6GXPAXK0@ZA 10015d28     libucrt:exit.obj
 0003:00000d2c       ?c_exit_complete@?1???R<lambda_6e4b09c48022b2350581041d5f6b0c4c>@@QBE@XZ@4_NA 10015d2c     libucrt:exit.obj
 0003:00000d30       ?program_name@?1???$common_configure_argv@D@@YAHW4_crt_argv_mode@@@Z@4PADA 10015d30     libucrt:argv_parsing.obj
 0003:00000e68       ?__acrt_lock_table@@3PAU_RTL_CRITICAL_SECTION@@A 10015e68     libucrt:locks.obj
 0003:00000fd0       ?__acrt_locks_initialized@@3IA 10015fd0     libucrt:locks.obj
 0003:00000fd4       ?__acrt_invalid_parameter_handler@@3V?$dual_state_global@P6AXPB_W00II@Z@__crt_state_management@@A 10015fd4     libucrt:invalid_parameter.obj
 0003:00000fe4       ?fSystemSet@@3HA           10015fe4     libucrt:mbctype.obj
 0003:00000fe8       ?initialized@?1??__acrt_initialize_multibyte@@9@4_NA 10015fe8     libucrt:mbctype.obj
 0003:00001008       ?module_handles@@3PAPAUHINSTANCE__@@A 10016008     libucrt:winapi_thunks.obj
 0003:0000126c       ?__acrt_new_handler@@3V?$dual_state_global@P6AHI@Z@__crt_state_management@@A 1001626c     libucrt:new_handler.obj
 0003:00001270       ?ctrlc_action@@3V?$dual_state_global@P6AXH@Z@__crt_state_management@@A 10016270     libucrt:signal.obj
 0003:00001274       ?ctrlbreak_action@@3V?$dual_state_global@P6AXH@Z@__crt_state_management@@A 10016274     libucrt:signal.obj
 0003:00001278       ?abort_action@@3V?$dual_state_global@P6AXH@Z@__crt_state_management@@A 10016278     libucrt:signal.obj
 0003:0000127c       ?term_action@@3V?$dual_state_global@P6AXH@Z@__crt_state_management@@A 1001627c     libucrt:signal.obj
 0003:00001280       ?user_matherr@@3V?$dual_state_global@P6AHPAU_exception@@@Z@__crt_state_management@@A 10016280     libucrt:matherr.obj
 0003:00001298       ?internal_state@?1??_mbtowc_internal@@9@4U_Mbstatet@@A 10016298     libucrt:mbtowc.obj
 0003:000012a0       ?internal_pst@?1??__mbrtoc32_utf8@__crt_mbstring@@YAIPA_UPBDIPAU_Mbstatet@@AAV__crt_cached_ptd_host@@@Z@4U3@A 100162a0     libucrt:mbrtoc32.obj
 0003:000012ac       ?__acrt_global_new_mode@@3V?$dual_state_global@J@__crt_state_management@@A 100162ac     libucrt:new_mode.obj
 0003:000012b8       ?__acrt_app_type@@3W4_crt_app_type@@A 100162b8     libucrt:report_runtime_error.obj
 0003:000012bc       __pmatherr_set             100162bc     libucrt:libm_error.obj
 0004:00000000       ?function_pointers@@3PAPAXA 10017000     libucrt:winapi_thunks.obj
 0006:00000060       $R000000                   10019060     * linker generated manifest res *
