 SharedDLL_x86_debug

 Timestamp is 6791fcfe (Thu Jan 23 17:25:34 2025)

 Preferred load address is 10000000

 Start         Length     Name                   Class
 0001:00000000 00055e32H .textbss                DATA
 0002:00000000 000b5740H .text$mn                CODE
 0002:000b5740 00002782H .text$x                 CODE
 0003:00000000 00000104H .CRT$XCA                DATA
 0003:00000104 00000104H .CRT$XCZ                DATA
 0003:00000208 00000104H .CRT$XIA                DATA
 0003:0000030c 00000110H .CRT$XIC                DATA
 0003:0000041c 00000104H .CRT$XIZ                DATA
 0003:00000520 00000104H .CRT$XPA                DATA
 0003:00000624 0000010cH .CRT$XPX                DATA
 0003:00000730 00000104H .CRT$XPXA               DATA
 0003:00000834 00000104H .CRT$XPZ                DATA
 0003:00000938 00000104H .CRT$XTA                DATA
 0003:00000a3c 00000104H .CRT$XTZ                DATA
 0003:00000b40 00022980H .rdata                  DATA
 0003:000234c0 00000180H .rdata$CastGuardVftablesA DATA
 0003:00023640 0000014cH .rdata$CastGuardVftablesC DATA
 0003:0002378c 00000444H .rdata$r                DATA
 0003:00023bd0 000001c0H .rdata$zzzdbg           DATA
 0003:00023d90 00000104H .rtc$IAA                DATA
 0003:00023e94 00000104H .rtc$IMZ                DATA
 0003:00023f98 00000104H .rtc$IZZ                DATA
 0003:0002409c 00000104H .rtc$TAA                DATA
 0003:000241a0 00000104H .rtc$TMZ                DATA
 0003:000242a4 00000104H .rtc$TZZ                DATA
 0003:000243a8 00002208H .xdata$x                DATA
 0003:000265b0 0000017eH .edata                  DATA
 0004:00000000 00000c78H .data                   DATA
 0004:00000c78 00000170H .data$r                 DATA
 0004:00000de8 000001d8H .data$rs                DATA
 0004:00000fc0 00001674H .bss                    DATA
 0005:00000000 000001e4H .idata$5                DATA
 0005:000001e4 00000014H .idata$2                DATA
 0005:000001f8 00000014H .idata$3                DATA
 0005:0000020c 000001e4H .idata$4                DATA
 0005:000003f0 00000864H .idata$6                DATA
 0006:00000000 0000012bH Shared                  DATA
 0007:00000000 000001cdH .msvcjmc                DATA
 0008:00000000 0000010eH .00cfg                  DATA
 0009:00000000 00000199H .fptable                DATA
 000a:00000000 00000170H .rsrc$01                DATA
 000a:00000170 000001b6H .rsrc$02                DATA

  Address         Publics by Value              Rva+Base       Lib:Object

 0000:00000000       ___AbsoluteZero            00000000     <absolute>
 0000:00000000       ___arm64x_extra_rfe_table  00000000     <absolute>
 0000:00000000       ___arm64x_extra_rfe_table_size 00000000     <absolute>
 0000:00000000       ___arm64x_native_entrypoint 00000000     <absolute>
 0000:00000000       ___arm64x_redirection_metadata 00000000     <absolute>
 0000:00000000       ___arm64x_redirection_metadata_count 00000000     <absolute>
 0000:00000000       ___dynamic_value_reloc_table 00000000     <absolute>
 0000:00000000       ___enclave_config          00000000     <absolute>
 0000:00000000       ___guard_check_icall_a64n_fptr 00000000     <absolute>
 0000:00000000       ___guard_eh_cont_count     00000000     <absolute>
 0000:00000000       ___guard_eh_cont_table     00000000     <absolute>
 0000:00000000       ___guard_fids_count        00000000     <absolute>
 0000:00000000       ___guard_fids_table        00000000     <absolute>
 0000:00000000       ___guard_iat_count         00000000     <absolute>
 0000:00000000       ___guard_iat_table         00000000     <absolute>
 0000:00000000       ___guard_longjmp_count     00000000     <absolute>
 0000:00000000       ___guard_longjmp_table     00000000     <absolute>
 0000:00000000       ___hybrid_auxiliary_delayload_iat 00000000     <absolute>
 0000:00000000       ___hybrid_auxiliary_delayload_iat_copy 00000000     <absolute>
 0000:00000000       ___hybrid_auxiliary_iat    00000000     <absolute>
 0000:00000000       ___hybrid_auxiliary_iat_copy 00000000     <absolute>
 0000:00000000       ___hybrid_code_map         00000000     <absolute>
 0000:00000000       ___hybrid_code_map_count   00000000     <absolute>
 0000:00000000       ___hybrid_image_info_bitfield 00000000     <absolute>
 0000:00000000       ___safe_se_handler_count   00000000     <absolute>
 0000:00000000       ___safe_se_handler_table   00000000     <absolute>
 0000:00000000       ___volatile_metadata       00000000     <absolute>
 0000:00000000       ___x64_code_ranges_to_entry_points 00000000     <absolute>
 0000:00000000       ___x64_code_ranges_to_entry_points_count 00000000     <absolute>
 0000:00000000       __except_list              00000000     <absolute>
 0000:00000100       ___guard_flags             00000100     <absolute>
 0000:00000000       ___ImageBase               10000000     <linker-defined>
 0001:00000000       __enc$textbss$begin        10001000     <linker-defined>
 0001:00055e32       __enc$textbss$end          10056e32     <linker-defined>
 0002:00006950       _DllCreateInstance@4       1005d950 f   dllmain.obj
 0002:000069b0       _DllMain@12                1005d9b0 f   dllmain.obj
 0002:00006a10       _GetDllString@4            1005da10 f   dllmain.obj
 0002:00006a80       __JustMyCode_Default       1005da80 f i dllmain.obj
 0002:00006a90       @__CheckForDebuggerJustMyCode@4 1005da90 f   LIBCMTD:debugger_jmc.obj
 0002:00006ae0       @_RTC_AllocaHelper@12      1005dae0 f   LIBCMTD:stack.obj
 0002:00006b20       @_RTC_CheckStackVars2@12   1005db20 f   LIBCMTD:stack.obj
 0002:00006c30       @_RTC_CheckStackVars@8     1005dc30 f   LIBCMTD:stack.obj
 0002:00006ca0       __RTC_CheckEsp             1005dca0 f   LIBCMTD:stack.obj
 0002:00006cd0       __CRT_RTC_INIT             1005dcd0 f   LIBCMTD:init.obj
 0002:00006ce0       __CRT_RTC_INITW            1005dce0 f   LIBCMTD:init.obj
 0002:00006cf0       __RTC_InitBase             1005dcf0 f   LIBCMTD:init.obj
 0002:00006d30       __RTC_Shutdown             1005dd30 f   LIBCMTD:init.obj
 0002:00007350       __CRT_INIT@12              1005e350 f   LIBCMTD:dll_dllmain.obj
 0002:00007370       __DllMainCRTStartup@12     1005e370 f   LIBCMTD:dll_dllmain.obj
 0002:00007450       ?_RTC_AllocaFailure@@YAXPAXPAU_RTC_ALLOCA_NODE@@H@Z 1005e450 f   LIBCMTD:error.obj
 0002:00007570       ?_RTC_Failure@@YAXPAXH@Z   1005e570 f   LIBCMTD:error.obj
 0002:000075e0       ?_RTC_StackFailure@@YAXPAXPBD@Z 1005e5e0 f   LIBCMTD:error.obj
 0002:00007ac0       __RTC_UninitUse            1005eac0 f   LIBCMTD:error.obj
 0002:00007ba0       ___local_stdio_printf_options 1005eba0 f i LIBCMTD:error.obj
 0002:00007bb0       __vsprintf_s_l             1005ebb0 f i LIBCMTD:error.obj
 0002:00007bf0       _sprintf_s                 1005ebf0 f i LIBCMTD:error.obj
 0002:00007c20       ?_RTC_GetErrorFunc@@YAP6AHHPBDH00ZZPBX@Z 1005ec20 f   LIBCMTD:userapi.obj
 0002:00007c30       ?_RTC_GetErrorFuncW@@YAP6AHHPB_WH00ZZPBX@Z 1005ec30 f   LIBCMTD:userapi.obj
 0002:00007c40       __RTC_GetErrDesc           1005ec40 f   LIBCMTD:userapi.obj
 0002:00007c60       __RTC_NumErrors            1005ec60 f   LIBCMTD:userapi.obj
 0002:00007c70       __RTC_SetErrorFunc         1005ec70 f   LIBCMTD:userapi.obj
 0002:00007ca0       __RTC_SetErrorFuncW        1005eca0 f   LIBCMTD:userapi.obj
 0002:00007cd0       __RTC_SetErrorType         1005ecd0 f   LIBCMTD:userapi.obj
 0002:00007d90       ___security_init_cookie    1005ed90 f   LIBCMTD:gs_support.obj
 0002:00007e30       ?__scrt_initialize_type_info@@YAXXZ 1005ee30 f   LIBCMTD:tncleanup.obj
 0002:00007e50       ?__scrt_uninitialize_type_info@@YAXXZ 1005ee50 f   LIBCMTD:tncleanup.obj
 0002:00007e70       ___local_stdio_scanf_options 1005ee70 f i LIBCMTD:default_local_stdio_options.obj
 0002:00007e80       ___scrt_initialize_default_local_stdio_options 1005ee80 f   LIBCMTD:default_local_stdio_options.obj
 0002:00007ed0       ?configure_argv@__scrt_narrow_argv_policy@@SAHXZ 1005eed0 f i LIBCMTD:utility.obj
 0002:00007fa0       ?initialize_environment@__scrt_narrow_environment_policy@@SAHXZ 1005efa0 f i LIBCMTD:utility.obj
 0002:00008040       _NtCurrentTeb              1005f040 f i LIBCMTD:utility.obj
 0002:00008050       ___scrt_acquire_startup_lock 1005f050 f   LIBCMTD:utility.obj
 0002:000080b0       ___scrt_dllmain_after_initialize_c 1005f0b0 f   LIBCMTD:utility.obj
 0002:000080f0       ___scrt_dllmain_before_initialize_c 1005f0f0 f   LIBCMTD:utility.obj
 0002:00008120       ___scrt_dllmain_crt_thread_attach 1005f120 f   LIBCMTD:utility.obj
 0002:00008160       ___scrt_dllmain_crt_thread_detach 1005f160 f   LIBCMTD:utility.obj
 0002:00008180       ___scrt_dllmain_exception_filter 1005f180 f   LIBCMTD:utility.obj
 0002:000081e0       ___scrt_dllmain_uninitialize_c 1005f1e0 f   LIBCMTD:utility.obj
 0002:00008220       ___scrt_dllmain_uninitialize_critical 1005f220 f   LIBCMTD:utility.obj
 0002:00008240       ___scrt_initialize_crt     1005f240 f   LIBCMTD:utility.obj
 0002:000082a0       ___scrt_initialize_onexit_tables 1005f2a0 f   LIBCMTD:utility.obj
 0002:000083b0       ___scrt_is_nonwritable_in_current_image 1005f3b0 f   LIBCMTD:utility.obj
 0002:00008530       ___scrt_release_startup_lock 1005f530 f   LIBCMTD:utility.obj
 0002:00008560       ___scrt_uninitialize_crt   1005f560 f   LIBCMTD:utility.obj
 0002:000085b0       __onexit                   1005f5b0 f   LIBCMTD:utility.obj
 0002:00008630       _at_quick_exit             1005f630 f   LIBCMTD:utility.obj
 0002:00008680       _atexit                    1005f680 f   LIBCMTD:utility.obj
 0002:000086c0       ___scrt_get_dyn_tls_init_callback 1005f6c0 f   LIBCMTD:dyn_tls_init.obj
 0002:000086d0       ___scrt_fastfail           1005f6d0 f   LIBCMTD:utility_desktop.obj
 0002:00008860       ___scrt_get_show_window_mode 1005f860 f   LIBCMTD:utility_desktop.obj
 0002:000088b0       ___scrt_initialize_mta     1005f8b0 f   LIBCMTD:utility_desktop.obj
 0002:000088c0       ___scrt_initialize_winrt   1005f8c0 f   LIBCMTD:utility_desktop.obj
 0002:000088d0       ___scrt_is_managed_app     1005f8d0 f   LIBCMTD:utility_desktop.obj
 0002:00008980       ___scrt_set_unhandled_exception_filter 1005f980 f   LIBCMTD:utility_desktop.obj
 0002:000089a0       ___scrt_exe_initialize_mta 1005f9a0 f   LIBCMTD:utility_desktop.obj
 0002:000089a0       ___scrt_stub_for_initialize_mta 1005f9a0 f   LIBCMTD:utility_desktop.obj
 0002:000089b0       ___scrt_unhandled_exception_filter@4 1005f9b0 f   LIBCMTD:utility_desktop.obj
 0002:00008a50       __crt_debugger_hook        1005fa50 f   LIBCMTD:utility_desktop.obj
 0002:00008a70       __RTC_Initialize           1005fa70 f   LIBCMTD:initsect.obj
 0002:00008ab0       __RTC_Terminate            1005fab0 f   LIBCMTD:initsect.obj
 0002:00008af0       @_guard_check_icall_nop@4  1005faf0 f i LIBCMTD:guard_support.obj
 0002:00008b00       _ReadNoFence               1005fb00 f i LIBCMTD:guard_support.obj
 0002:00008b20       _ReadPointerNoFence        1005fb20 f i LIBCMTD:guard_support.obj
 0002:00008b40       __InlineInterlockedExchangePointer 1005fb40 f i LIBCMTD:guard_support.obj
 0002:00008b50       ___castguard_check_failure_debugbreak 1005fb50 f i LIBCMTD:guard_support.obj
 0002:00008b70       ___castguard_check_failure_fastfail 1005fb70 f i LIBCMTD:guard_support.obj
 0002:00008ba0       ___castguard_check_failure_nop 1005fba0 f i LIBCMTD:guard_support.obj
 0002:00008bb0       ___castguard_check_failure_os_handled 1005fbb0 f i LIBCMTD:guard_support.obj
 0002:00008c20       ___castguard_check_failure_user_handled 1005fc20 f i LIBCMTD:guard_support.obj
 0002:00008cf0       ___castguard_set_user_handler 1005fcf0 f i LIBCMTD:guard_support.obj
 0002:00008d20       ___castguard_slow_path_check_debugbreak 1005fd20 f i LIBCMTD:guard_support.obj
 0002:00008d60       ___castguard_slow_path_check_fastfail 1005fd60 f i LIBCMTD:guard_support.obj
 0002:00008db0       ___castguard_slow_path_check_nop 1005fdb0 f i LIBCMTD:guard_support.obj
 0002:00008dc0       ___castguard_slow_path_check_os_handled 1005fdc0 f i LIBCMTD:guard_support.obj
 0002:00008e10       ___castguard_slow_path_check_user_handled 1005fe10 f i LIBCMTD:guard_support.obj
 0002:00008eb0       __guard_icall_checks_enforced 1005feb0 f i LIBCMTD:guard_support.obj
 0002:00009440       ?_RTC_GetSrcLine@@YAHPAEPA_WKPAH1K@Z 10060440 f   LIBCMTD:pdblkup.obj
 0002:000098a0       @__security_check_cookie@4 100608a0 f   LIBCMTD:secchk.obj
 0002:000098c0       __except_handler4_noexcept 100608c0 f   LIBCMTD:chandler4_noexcept.obj
 0002:00009940       ___isa_available_init      10060940 f   LIBCMTD:cpu_disp.obj
 0002:00009f00       __get_startup_argv_mode    10060f00 f   LIBCMTD:argv_mode.obj
 0002:00009f10       ___scrt_is_ucrt_dll_in_use 10060f10 f   LIBCMTD:ucrt_detection.obj
 0002:00009f40       ___raise_securityfailure   10060f40 f   LIBCMTD:gs_report.obj
 0002:00009f80       ___report_gsfailure        10060f80 f   LIBCMTD:gs_report.obj
 0002:0000a0d0       ___report_rangecheckfailure 100610d0 f   LIBCMTD:gs_report.obj
 0002:0000a0e0       ___report_securityfailure  100610e0 f   LIBCMTD:gs_report.obj
 0002:0000a1f0       ___report_securityfailureEx 100611f0 f   LIBCMTD:gs_report.obj
 0002:0000a3e0       __except_handler4          100613e0 f   libvcruntimed:chandler4.obj
 0002:0000a680       ??$?RD@__crt_internal_free_policy@@QBEXQBD@Z 10061680 f i libvcruntimed:std_type_info.obj
 0002:0000a6b0       ??$?RX@__crt_internal_free_policy@@QBEXQBX@Z 100616b0 f i libvcruntimed:std_type_info.obj
 0002:0000a6e0       ??$__crt_interlocked_compare_exchange_pointer@$$CBDPAD$$T@@YAPBDPDSBDQAD$$T@Z 100616e0 f i libvcruntimed:std_type_info.obj
 0002:0000a700       ??$__crt_interlocked_read_pointer@$$CBD@@YAPBDPDSBD@Z 10061700 f i libvcruntimed:std_type_info.obj
 0002:0000a720       ??0?$__crt_unique_heap_ptr@DU__crt_internal_free_policy@@@@QAE@QAD@Z 10061720 f i libvcruntimed:std_type_info.obj
 0002:0000a740       ??0?$__crt_unique_heap_ptr@XU__crt_internal_free_policy@@@@QAE@QAX@Z 10061740 f i libvcruntimed:std_type_info.obj
 0002:0000a760       ??1?$__crt_unique_heap_ptr@DU__crt_internal_free_policy@@@@QAE@XZ 10061760 f i libvcruntimed:std_type_info.obj
 0002:0000a780       ??1?$__crt_unique_heap_ptr@XU__crt_internal_free_policy@@@@QAE@XZ 10061780 f i libvcruntimed:std_type_info.obj
 0002:0000a7a0       ??B?$__crt_unique_heap_ptr@DU__crt_internal_free_policy@@@@QBE_NXZ 100617a0 f i libvcruntimed:std_type_info.obj
 0002:0000a7c0       ??B?$__crt_unique_heap_ptr@XU__crt_internal_free_policy@@@@QBE_NXZ 100617c0 f i libvcruntimed:std_type_info.obj
 0002:0000a840       ?__crt_interlocked_read_32@@YAHPDH@Z 10061840 f i libvcruntimed:std_type_info.obj
 0002:0000a860       ?detach@?$__crt_unique_heap_ptr@XU__crt_internal_free_policy@@@@QAEPAXXZ 10061860 f i libvcruntimed:std_type_info.obj
 0002:0000a890       ?get@?$__crt_unique_heap_ptr@DU__crt_internal_free_policy@@@@QBEPADXZ 10061890 f i libvcruntimed:std_type_info.obj
 0002:0000a8b0       ?get@?$__crt_unique_heap_ptr@XU__crt_internal_free_policy@@@@QBEPAXXZ 100618b0 f i libvcruntimed:std_type_info.obj
 0002:0000a8d0       ?is_valid@?$__crt_unique_heap_ptr@DU__crt_internal_free_policy@@@@QBE_NXZ 100618d0 f i libvcruntimed:std_type_info.obj
 0002:0000a910       ?is_valid@?$__crt_unique_heap_ptr@XU__crt_internal_free_policy@@@@QBE_NXZ 10061910 f i libvcruntimed:std_type_info.obj
 0002:0000a950       ?release@?$__crt_unique_heap_ptr@DU__crt_internal_free_policy@@@@QAEXXZ 10061950 f i libvcruntimed:std_type_info.obj
 0002:0000a980       ?release@?$__crt_unique_heap_ptr@XU__crt_internal_free_policy@@@@QAEXXZ 10061980 f i libvcruntimed:std_type_info.obj
 0002:0000a9b0       ___std_type_info_compare   100619b0 f   libvcruntimed:std_type_info.obj
 0002:0000a9e0       ___std_type_info_destroy_list 100619e0 f   libvcruntimed:std_type_info.obj
 0002:0000aa30       ___std_type_info_hash      10061a30 f   libvcruntimed:std_type_info.obj
 0002:0000aaa0       ___std_type_info_name      10061aa0 f   libvcruntimed:std_type_info.obj
 0002:0000ace0       ___vcrt_initialize         10061ce0 f   libvcruntimed:initialization.obj
 0002:0000ad20       ___vcrt_thread_attach      10061d20 f   libvcruntimed:initialization.obj
 0002:0000ad40       ___vcrt_thread_detach      10061d40 f   libvcruntimed:initialization.obj
 0002:0000ad50       ___vcrt_uninitialize       10061d50 f   libvcruntimed:initialization.obj
 0002:0000ad70       ___vcrt_uninitialize_critical 10061d70 f   libvcruntimed:initialization.obj
 0002:0000ad90       ___DestructExceptionObject 10061d90 f   libvcruntimed:ehhelpers.obj
 0002:0000af00       ?_CallMemberFunction0@@YGXQAX0@Z 10061f00 f i libvcruntimed:ehhelpers.obj
 0002:0000afd0       ?raw_name@type_info@@QBEPBDXZ 10061fd0 f i libvcruntimed:ehhelpers.obj
 0002:0000aff0       __IsExceptionObjectToBeDestroyed 10061ff0 f   libvcruntimed:ehhelpers.obj
 0002:0000b040       __SetWinRTOutOfMemoryExceptionCallback 10062040 f   libvcruntimed:ehhelpers.obj
 0002:0000b050       ___AdjustPointer           10062050 f   libvcruntimed:ehhelpers.obj
 0002:0000b0b0       ___FrameUnwindFilter       100620b0 f   libvcruntimed:ehhelpers.obj
 0002:0000b160       ___GetPlatformExceptionInfo 10062160 f   libvcruntimed:ehhelpers.obj
 0002:0000b200       ___current_exception       10062200 f   libvcruntimed:ehhelpers.obj
 0002:0000b210       ___current_exception_context 10062210 f   libvcruntimed:ehhelpers.obj
 0002:0000b220       ___processing_throw        10062220 f   libvcruntimed:ehhelpers.obj
 0002:0000b230       ___std_terminate           10062230 f   libvcruntimed:ehhelpers.obj
 0002:0000b240       __is_exception_typeof      10062240 f   libvcruntimed:ehhelpers.obj
 0002:0000b360       _memset                    10062360 f   libvcruntimed:memset.obj
 0002:0000b510       ___vcrt_GetModuleFileNameW 10062510 f   libvcruntimed:winapi_thunks.obj
 0002:0000b530       ___vcrt_GetModuleHandleW   10062530 f   libvcruntimed:winapi_thunks.obj
 0002:0000b550       ___vcrt_LoadLibraryExW     10062550 f   libvcruntimed:winapi_thunks.obj
 0002:0000b570       __local_unwind4            10062570 f   libvcruntimed:exsup4.obj
 0002:0000b6a0       __seh_longjmp_unwind4@4    100626a0 f   libvcruntimed:exsup4.obj
 0002:0000b6e0       @_EH4_CallFilterFunc@8     100626e0 f   libvcruntimed:exsup4.obj
 0002:0000b700       @_EH4_TransferToHandler@8  10062700 f   libvcruntimed:exsup4.obj
 0002:0000b720       @_EH4_GlobalUnwind2@8      10062720 f   libvcruntimed:exsup4.obj
 0002:0000b740       @_EH4_LocalUnwind@16       10062740 f   libvcruntimed:exsup4.obj
 0002:0000b770       ___except_validate_context_record 10062770 f   libvcruntimed:jbcxrval.obj
 0002:0000b7d0       ___except_validate_jump_buffer 100627d0 f   libvcruntimed:jbcxrval.obj
 0002:0000b7f0       ___except_validate_jump_buffer_common 100627f0 f i libvcruntimed:jbcxrval.obj
 0002:0000b860       ??$?0$00@DName@@QAE@PBDU?$StringLifeSelector@$00@@@Z 10062860 f i libvcruntimed:undname.obj
 0002:0000b8d0       ??$?0$00@pcharNode@@QAE@PBDHU?$StringLifeSelector@$00@@@Z 100628d0 f i libvcruntimed:undname.obj
 0002:0000b910       ??$?0$01@DName@@QAE@PBDU?$StringLifeSelector@$01@@@Z 10062910 f i libvcruntimed:undname.obj
 0002:0000b980       ??$?0$01@pcharNode@@QAE@PBDHU?$StringLifeSelector@$01@@@Z 10062980 f i libvcruntimed:undname.obj
 0002:0000ba20       ??$?0$0A@@DName@@QAE@PBDU?$StringLifeSelector@$0A@@@@Z 10062a20 f i libvcruntimed:undname.obj
 0002:0000ba90       ??$?0$0A@@pcharNode@@QAE@PBDHU?$StringLifeSelector@$0A@@@@Z 10062a90 f i libvcruntimed:undname.obj
 0002:0000bb30       ??$?0_K$0A@@?$optional@_K@std@@QAE@$$QA_K@Z 10062b30 f i libvcruntimed:undname.obj
 0002:0000bb60       ??$?0_K@?$_Optional_construct_base@_K@std@@QAE@Uin_place_t@1@$$QA_K@Z 10062b60 f i libvcruntimed:undname.obj
 0002:0000bb90       ??$?0_K@?$_Optional_destruct_base@_K$00@std@@QAE@Uin_place_t@1@$$QA_K@Z 10062b90 f i libvcruntimed:undname.obj
 0002:0000bbc0       ??$append@VDNameNode@@@DName@@AAEXPBVDNameNode@@@Z 10062bc0 f i libvcruntimed:undname.obj
 0002:0000bc70       ??$append@VDNameStatusNode@@@DName@@AAEXPBVDNameStatusNode@@@Z 10062c70 f i libvcruntimed:undname.obj
 0002:0000bd20       ??$append@VcharNode@@@DName@@AAEXPBVcharNode@@@Z 10062d20 f i libvcruntimed:undname.obj
 0002:0000bdd0       ??$append@VpDNameNode@@@DName@@AAEXPBVpDNameNode@@@Z 10062dd0 f i libvcruntimed:undname.obj
 0002:0000be80       ??$append@VpcharNode@@@DName@@AAEXPBVpcharNode@@@Z 10062e80 f i libvcruntimed:undname.obj
 0002:0000bf30       ??$doPchar@$00@DName@@AAEXPBDH@Z 10062f30 f i libvcruntimed:undname.obj
 0002:0000c080       ??$doPchar@$01@DName@@AAEXPBDH@Z 10063080 f i libvcruntimed:undname.obj
 0002:0000c1d0       ??$doPchar@$0A@@DName@@AAEXPBDH@Z 100631d0 f i libvcruntimed:undname.obj
 0002:0000c4a0       ??0?$_Optional_construct_base@_K@std@@QAE@XZ 100634a0 f i libvcruntimed:undname.obj
 0002:0000c4c0       ??0?$_Optional_destruct_base@_K$00@std@@QAE@XZ 100634c0 f i libvcruntimed:undname.obj
 0002:0000c4f0       ??0?$optional@_K@std@@QAE@XZ 100634f0 f i libvcruntimed:undname.obj
 0002:0000c510       ??0Block@_HeapManager@@QAE@XZ 10063510 f i libvcruntimed:undname.obj
 0002:0000c530       ??0DName@@QAE@AAPBDD@Z     10063530 f   libvcruntimed:undname.obj
 0002:0000c700       ??0DName@@QAE@ABUStringLiteral@@@Z 10063700 f   libvcruntimed:undname.obj
 0002:0000c760       ??0DName@@QAE@ABV0@@Z      10063760 f i libvcruntimed:undname.obj
 0002:0000c790       ??0DName@@QAE@D@Z          10063790 f   libvcruntimed:undname.obj
 0002:0000c7d0       ??0DName@@QAE@PAV0@@Z      100637d0 f   libvcruntimed:undname.obj
 0002:0000c8b0       ??0DName@@QAE@W4DNameStatus@@@Z 100638b0 f   libvcruntimed:undname.obj
 0002:0000c970       ??0DName@@QAE@XZ           10063970 f i libvcruntimed:undname.obj
 0002:0000c9a0       ??0DName@@QAE@_J@Z         100639a0 f   libvcruntimed:undname.obj
 0002:0000cac0       ??0DName@@QAE@_K@Z         10063ac0 f   libvcruntimed:undname.obj
 0002:0000cb90       ??0DNameNode@@IAE@XZ       10063b90 f i libvcruntimed:undname.obj
 0002:0000cbb0       ??0Replicator@@QAE@XZ      10063bb0 f i libvcruntimed:undname.obj
 0002:0000cc30       ??0UnDecorator@@QAE@PBDP6APADJ@ZK@Z 10063c30 f i libvcruntimed:undname.obj
 0002:0000ccd0       ??0_Nontrivial_dummy_type@std@@QAE@XZ 10063cd0 f i libvcruntimed:undname.obj
 0002:0000ccf0       ??0charNode@@QAE@D@Z       10063cf0 f i libvcruntimed:undname.obj
 0002:0000cd30       ??0pDNameNode@@QAE@PAVDName@@@Z 10063d30 f   libvcruntimed:undname.obj
 0002:0000cdb0       ??0pairNode@@QAE@PBVDNameNode@@0@Z 10063db0 f i libvcruntimed:undname.obj
 0002:0000ce20       ??2@YAPAXIAAV_HeapManager@@H@Z 10063e20 f   libvcruntimed:undname.obj
 0002:0000ce70       ??4DName@@QAEAAV0@ABUStringLiteral@@@Z 10063e70 f   libvcruntimed:undname.obj
 0002:0000cec0       ??4DName@@QAEAAV0@ABV0@@Z  10063ec0 f   libvcruntimed:undname.obj
 0002:0000cef0       ??4DName@@QAEAAV0@D@Z      10063ef0 f i libvcruntimed:undname.obj
 0002:0000cf30       ??4DName@@QAEAAV0@PAV0@@Z  10063f30 f   libvcruntimed:undname.obj
 0002:0000cff0       ??4DName@@QAEAAV0@W4DNameStatus@@@Z 10063ff0 f   libvcruntimed:undname.obj
 0002:0000d090       ??AReplicator@@QBE?AVDName@@H@Z 10064090 f   libvcruntimed:undname.obj
 0002:0000d110       ??B?$optional@_K@std@@QBE_NXZ 10064110 f i libvcruntimed:undname.obj
 0002:0000d130       ??D?$_Optional_construct_base@_K@std@@QGAEAA_KXZ 10064130 f i libvcruntimed:undname.obj
 0002:0000d1b0       ??H@YA?AVDName@@ABUStringLiteral@@ABV0@@Z 100641b0 f i libvcruntimed:undname.obj
 0002:0000d1f0       ??H@YA?AVDName@@DABV0@@Z   100641f0 f i libvcruntimed:undname.obj
 0002:0000d230       ??H@YA?AVDName@@W4DNameStatus@@ABV0@@Z 10064230 f i libvcruntimed:undname.obj
 0002:0000d270       ??HDName@@QBE?AV0@ABUStringLiteral@@@Z 10064270 f   libvcruntimed:undname.obj
 0002:0000d2b0       ??HDName@@QBE?AV0@ABV0@@Z  100642b0 f   libvcruntimed:undname.obj
 0002:0000d2f0       ??HDName@@QBE?AV0@D@Z      100642f0 f   libvcruntimed:undname.obj
 0002:0000d330       ??HDName@@QBE?AV0@PAV0@@Z  10064330 f   libvcruntimed:undname.obj
 0002:0000d370       ??HDName@@QBE?AV0@W4DNameStatus@@@Z 10064370 f   libvcruntimed:undname.obj
 0002:0000d3b0       ??HStringLiteral@@QBE?AU0@H@Z 100643b0 f i libvcruntimed:undname.obj
 0002:0000d3f0       ??YDName@@QAEAAV0@ABUStringLiteral@@@Z 100643f0 f   libvcruntimed:undname.obj
 0002:0000d4b0       ??YDName@@QAEAAV0@ABV0@@Z  100644b0 f   libvcruntimed:undname.obj
 0002:0000d570       ??YDName@@QAEAAV0@D@Z      10064570 f   libvcruntimed:undname.obj
 0002:0000d620       ??YDName@@QAEAAV0@PAV0@@Z  10064620 f   libvcruntimed:undname.obj
 0002:0000d700       ??YDName@@QAEAAV0@W4DNameStatus@@@Z 10064700 f   libvcruntimed:undname.obj
 0002:0000d780       ??YReplicator@@QAEAAV0@ABVDName@@@Z 10064780 f   libvcruntimed:undname.obj
 0002:0000d830       ??_5DName@@QAEAAV0@ABV0@@Z 10064830 f   libvcruntimed:undname.obj
 0002:0000d8b0       ??__K_l@@YA?AUStringLiteral@@PBDI@Z 100648b0 f i libvcruntimed:undname.obj
 0002:0000d8e0       ?Constructor@_HeapManager@@QAEXP6APAXI@ZP6AXPAX@Z@Z 100648e0 f i libvcruntimed:undname.obj
 0002:0000d930       ?Destructor@_HeapManager@@QAEXXZ 10064930 f i libvcruntimed:undname.obj
 0002:0000d9d0       ?UScore@UnDecorator@@SA?AUStringLiteral@@W4Tokens@@@Z 100649d0 f   libvcruntimed:undname.obj
 0002:0000da30       ?composeDeclaration@UnDecorator@@CA?AVDName@@ABV2@@Z 10064a30 f i libvcruntimed:undname.obj
 0002:00010200       ?doAccessSpecifiers@UnDecorator@@SAHXZ 10067200 f i libvcruntimed:undname.obj
 0002:00010230       ?doAllocationLanguage@UnDecorator@@SAHXZ 10067230 f i libvcruntimed:undname.obj
 0002:00010260       ?doAllocationModel@UnDecorator@@SAHXZ 10067260 f i libvcruntimed:undname.obj
 0002:00010290       ?doEcsu@UnDecorator@@SAHXZ 10067290 f i libvcruntimed:undname.obj
 0002:000102c0       ?doEllipsis@UnDecorator@@SAHXZ 100672c0 f i libvcruntimed:undname.obj
 0002:000102f0       ?doFunctionReturns@UnDecorator@@SAHXZ 100672f0 f i libvcruntimed:undname.obj
 0002:00010320       ?doMSKeywords@UnDecorator@@SAHXZ 10067320 f i libvcruntimed:undname.obj
 0002:00010350       ?doMemberTypes@UnDecorator@@SAHXZ 10067350 f i libvcruntimed:undname.obj
 0002:00010380       ?doNameOnly@UnDecorator@@SAHXZ 10067380 f i libvcruntimed:undname.obj
 0002:000103a0       ?doNoIdentCharCheck@UnDecorator@@SAHXZ 100673a0 f i libvcruntimed:undname.obj
 0002:000103c0       ?doPchar@DName@@AAEXD@Z    100673c0 f   libvcruntimed:undname.obj
 0002:00010450       ?doPtr64@UnDecorator@@SAHXZ 10067450 f i libvcruntimed:undname.obj
 0002:00010480       ?doRestrictionSpec@UnDecorator@@SAHXZ 10067480 f i libvcruntimed:undname.obj
 0002:000104b0       ?doThisTypes@UnDecorator@@SAHXZ 100674b0 f i libvcruntimed:undname.obj
 0002:000104f0       ?doThrowTypes@UnDecorator@@SAHXZ 100674f0 f i libvcruntimed:undname.obj
 0002:00010520       ?doTypeOnly@UnDecorator@@SAHXZ 10067520 f i libvcruntimed:undname.obj
 0002:00010540       ?doUnderScore@UnDecorator@@SAHXZ 10067540 f i libvcruntimed:undname.obj
 0002:00010570       ?getAddressOf@UnDecorator@@CA?AVDName@@XZ 10067570 f   libvcruntimed:undname.obj
 0002:00010610       ?getArgumentList@UnDecorator@@CA?AVDName@@XZ 10067610 f   libvcruntimed:undname.obj
 0002:000107a0       ?getArgumentTypes@UnDecorator@@CA?AVDName@@XZ 100677a0 f   libvcruntimed:undname.obj
 0002:000109b0       ?getArrayAccess@UnDecorator@@CA?AVDName@@XZ 100679b0 f   libvcruntimed:undname.obj
 0002:00010a70       ?getArrayObject@UnDecorator@@CA?AVDName@@XZ 10067a70 f   libvcruntimed:undname.obj
 0002:00010bb0       ?getArrayType@UnDecorator@@CA?AVDName@@ABV2@@Z 10067bb0 f i libvcruntimed:undname.obj
 0002:00010f00       ?getBasedType@UnDecorator@@CA?AVDName@@XZ 10067f00 f   libvcruntimed:undname.obj
 0002:00011060       ?getBasicDataType@UnDecorator@@CA?AVDName@@ABV2@@Z 10068060 f   libvcruntimed:undname.obj
 0002:00011ca0       ?getCHPEName@UnDecorator@@QAEPADPADH@Z 10068ca0 f i libvcruntimed:undname.obj
 0002:00011e60       ?getCallIndex@UnDecorator@@CA?AVDName@@XZ 10068e60 f i libvcruntimed:undname.obj
 0002:00011e80       ?getCallingConvention@UnDecorator@@CA?AVDName@@XZ 10068e80 f   libvcruntimed:undname.obj
 0002:00012160       ?getDataIndirectType@UnDecorator@@CA?AVDName@@ABV2@W4IndirectionKind@@0H@Z 10069160 f   libvcruntimed:undname.obj
 0002:00012ce0       ?getDataIndirectType@UnDecorator@@CA?AVDName@@XZ 10069ce0 f i libvcruntimed:undname.obj
 0002:00012d30       ?getDataType@UnDecorator@@CA?AVDName@@PAV2@@Z 10069d30 f   libvcruntimed:undname.obj
 0002:00012e90       ?getDecoratedName@UnDecorator@@CA?AVDName@@XZ 10069e90 f   libvcruntimed:undname.obj
 0002:000133c0       ?getDimension@UnDecorator@@CA?AVDName@@_N@Z 1006a3c0 f   libvcruntimed:undname.obj
 0002:00013680       ?getDispatchTarget@UnDecorator@@CA?AVDName@@XZ 1006a680 f   libvcruntimed:undname.obj
 0002:00013720       ?getDisplacement@UnDecorator@@CA?AVDName@@XZ 1006a720 f i libvcruntimed:undname.obj
 0002:00013740       ?getECSUDataType@UnDecorator@@CA?AVDName@@XZ 1006a740 f   libvcruntimed:undname.obj
 0002:00013ad0       ?getECSUName@UnDecorator@@CA?AVDName@@XZ 1006aad0 f i libvcruntimed:undname.obj
 0002:00013af0       ?getEnumType@UnDecorator@@CA?AVDName@@XZ 1006aaf0 f i libvcruntimed:undname.obj
 0002:00013d10       ?getExtendedDataIndirectType@UnDecorator@@CA?AVDName@@AAW4IndirectionKind@@AA_NH@Z 1006ad10 f   libvcruntimed:undname.obj
 0002:00014010       ?getExternalDataType@UnDecorator@@CA?AVDName@@ABV2@@Z 1006b010 f i libvcruntimed:undname.obj
 0002:000140c0       ?getFloatingPoint@UnDecorator@@CA?AVDName@@H@Z 1006b0c0 f   libvcruntimed:undname.obj
 0002:00014250       ?getFunctionIndirectType@UnDecorator@@CA?AVDName@@ABV2@@Z 1006b250 f   libvcruntimed:undname.obj
 0002:00014850       ?getGuardNumber@UnDecorator@@CA?AVDName@@XZ 1006b850 f i libvcruntimed:undname.obj
 0002:00014870       ?getLastChar@DName@@QBEDXZ 1006b870 f i libvcruntimed:undname.obj
 0002:000148c0       ?getLastChar@DNameStatusNode@@UBEDXZ 1006b8c0 f i libvcruntimed:undname.obj
 0002:00014900       ?getLastChar@charNode@@UBEDXZ 1006b900 f i libvcruntimed:undname.obj
 0002:00014920       ?getLastChar@pDNameNode@@UBEDXZ 1006b920 f i libvcruntimed:undname.obj
 0002:00014960       ?getLastChar@pairNode@@UBEDXZ 1006b960 f i libvcruntimed:undname.obj
 0002:000149e0       ?getLastChar@pcharNode@@UBEDXZ 1006b9e0 f i libvcruntimed:undname.obj
 0002:00014a20       ?getLexicalFrame@UnDecorator@@CA?AVDName@@XZ 1006ba20 f i libvcruntimed:undname.obj
 0002:00014a70       ?getMemberAccess@UnDecorator@@CA?AVDName@@XZ 1006ba70 f   libvcruntimed:undname.obj
 0002:00014b20       ?getMemoryWithBuffer@_HeapManager@@QAEPAXI@Z 1006bb20 f   libvcruntimed:undname.obj
 0002:00014c40       ?getMemoryWithoutBuffer@_HeapManager@@QAEPAXI@Z 1006bc40 f   libvcruntimed:undname.obj
 0002:00014c90       ?getNoexcept@UnDecorator@@CA?AVDName@@XZ 1006bc90 f   libvcruntimed:undname.obj
 0002:00014d10       ?getNumberOfDimensions@UnDecorator@@CAHXZ 1006bd10 f   libvcruntimed:undname.obj
 0002:00014df0       ?getOperatorName@UnDecorator@@CA?AVDName@@_NPA_N@Z 1006bdf0 f i libvcruntimed:undname.obj
 0002:00015ab0       ?getPointerToMember@UnDecorator@@CA?AVDName@@XZ 1006cab0 f   libvcruntimed:undname.obj
 0002:00015bc0       ?getPointerType@UnDecorator@@CA?AVDName@@ABV2@0@Z 1006cbc0 f i libvcruntimed:undname.obj
 0002:00015bf0       ?getPointerTypeArray@UnDecorator@@CA?AVDName@@ABV2@0@Z 1006cbf0 f i libvcruntimed:undname.obj
 0002:00015c20       ?getPrimaryDataType@UnDecorator@@CA?AVDName@@ABV2@@Z 1006cc20 f   libvcruntimed:undname.obj
 0002:00016160       ?getPtrRefDataType@UnDecorator@@CA?AVDName@@ABV2@H@Z 1006d160 f   libvcruntimed:undname.obj
 0002:000164a0       ?getPtrRefType@UnDecorator@@CA?AVDName@@ABV2@0W4IndirectionKind@@@Z 1006d4a0 f   libvcruntimed:undname.obj
 0002:00016690       ?getReferenceType@UnDecorator@@CA?AVDName@@ABV2@0W4IndirectionKind@@@Z 1006d690 f i libvcruntimed:undname.obj
 0002:000166c0       ?getRestrictionSpec@UnDecorator@@CA?AVDName@@XZ 1006d6c0 f   libvcruntimed:undname.obj
 0002:000168c0       ?getReturnType@UnDecorator@@CA?AVDName@@PAV2@@Z 1006d8c0 f   libvcruntimed:undname.obj
 0002:00016910       ?getScope@UnDecorator@@CA?AVDName@@XZ 1006d910 f   libvcruntimed:undname.obj
 0002:00016fc0       ?getScopedName@UnDecorator@@CA?AVDName@@XZ 1006dfc0 f   libvcruntimed:undname.obj
 0002:00017160       ?getSignedDimension@UnDecorator@@CA?AVDName@@XZ 1006e160 f   libvcruntimed:undname.obj
 0002:000171f0       ?getStorageConvention@UnDecorator@@CA?AVDName@@XZ 1006e1f0 f i libvcruntimed:undname.obj
 0002:00017210       ?getString@DName@@QBEPADPAD0@Z 1006e210 f i libvcruntimed:undname.obj
 0002:00017280       ?getString@DName@@QBEPADPADH@Z 1006e280 f i libvcruntimed:undname.obj
 0002:00017330       ?getString@DNameStatusNode@@UBEPADPAD0@Z 1006e330 f i libvcruntimed:undname.obj
 0002:00017370       ?getString@charNode@@UBEPADPAD0@Z 1006e370 f i libvcruntimed:undname.obj
 0002:000173b0       ?getString@pDNameNode@@UBEPADPAD0@Z 1006e3b0 f i libvcruntimed:undname.obj
 0002:00017400       ?getString@pairNode@@UBEPADPAD0@Z 1006e400 f i libvcruntimed:undname.obj
 0002:000174b0       ?getString@pcharNode@@UBEPADPAD0@Z 1006e4b0 f i libvcruntimed:undname.obj
 0002:000174f0       ?getStringEncoding@UnDecorator@@CA?AVDName@@W4PrefixKind@@H@Z 1006e4f0 f   libvcruntimed:undname.obj
 0002:00017610       ?getStringHelper@@YAPADPADPBD1H@Z 1006e610 f i libvcruntimed:undname.obj
 0002:00017660       ?getStringObject@UnDecorator@@CA?AVDName@@XZ 1006e660 f   libvcruntimed:undname.obj
 0002:00017710       ?getSymbolName@UnDecorator@@CA?AVDName@@XZ 1006e710 f i libvcruntimed:undname.obj
 0002:000177b0       ?getTemplateArgumentList@UnDecorator@@CA?AVDName@@XZ 1006e7b0 f   libvcruntimed:undname.obj
 0002:00017b30       ?getTemplateName@UnDecorator@@CA?AVDName@@_N@Z 1006eb30 f   libvcruntimed:undname.obj
 0002:00017d50       ?getTemplateNonTypeArgument@UnDecorator@@CA?AVDName@@XZ 1006ed50 f   libvcruntimed:undname.obj
 0002:00018510       ?getTemplateTypeArgument@UnDecorator@@CA?AVDName@@XZ 1006f510 f   libvcruntimed:undname.obj
 0002:00018720       ?getThisType@UnDecorator@@CA?AVDName@@XZ 1006f720 f i libvcruntimed:undname.obj
 0002:00018770       ?getThrowTypes@UnDecorator@@CA?AVDName@@XZ 1006f770 f   libvcruntimed:undname.obj
 0002:000187a0       ?getTypeEncoding@UnDecorator@@CAHXZ 1006f7a0 f i libvcruntimed:undname.obj
 0002:000194a0       ?getUndecoratedName@UnDecorator@@QAEPADPADH@Z 100704a0 f i libvcruntimed:undname.obj
 0002:00019650       ?getUnionObject@UnDecorator@@CA?AVDName@@XZ 10070650 f   libvcruntimed:undname.obj
 0002:00019750       ?getVCallThunkType@UnDecorator@@CA?AVDName@@XZ 10070750 f i libvcruntimed:undname.obj
 0002:000197e0       ?getValue@UnDecorator@@CA?AV?$optional@_K@std@@XZ 100707e0 f   libvcruntimed:undname.obj
 0002:000198d0       ?getValueObject@UnDecorator@@CA?AVDName@@XZ 100708d0 f   libvcruntimed:undname.obj
 0002:00019b50       ?getVbTableType@UnDecorator@@CA?AVDName@@ABV2@@Z 10070b50 f i libvcruntimed:undname.obj
 0002:00019b70       ?getVdispMapType@UnDecorator@@CA?AVDName@@ABV2@@Z 10070b70 f i libvcruntimed:undname.obj
 0002:00019c00       ?getVfTableType@UnDecorator@@CA?AVDName@@ABV2@@Z 10070c00 f i libvcruntimed:undname.obj
 0002:00019e60       ?getZName@UnDecorator@@CA?AVDName@@_N0@Z 10070e60 f   libvcruntimed:undname.obj
 0002:0001a240       ?get_current_character_and_increment_buffer@UnDecorator@@CADXZ 10071240 f i libvcruntimed:undname.obj
 0002:0001a280       ?haveTemplateParameters@UnDecorator@@SAHXZ 10071280 f i libvcruntimed:undname.obj
 0002:0001a2a0       ?increment_buffer@UnDecorator@@CA_NI@Z 100712a0 f i libvcruntimed:undname.obj
 0002:0001a300       ?increment_buffer_no_check@UnDecorator@@CAXI@Z 10071300 f i libvcruntimed:undname.obj
 0002:0001a340       ?increment_buffer_no_check@UnDecorator@@CAXXZ 10071340 f i libvcruntimed:undname.obj
 0002:0001a360       ?isArray@DName@@QBEHXZ     10071360 f i libvcruntimed:undname.obj
 0002:0001a380       ?isComArray@DName@@QBEHXZ  10071380 f i libvcruntimed:undname.obj
 0002:0001a3a0       ?isEmpty@DName@@QBEHXZ     100713a0 f i libvcruntimed:undname.obj
 0002:0001a3e0       ?isFull@Replicator@@QBEHXZ 100713e0 f i libvcruntimed:undname.obj
 0002:0001a420       ?isNoTE@DName@@QBEHXZ      10071420 f i libvcruntimed:undname.obj
 0002:0001a440       ?isPinPtr@DName@@QBEHXZ    10071440 f i libvcruntimed:undname.obj
 0002:0001a460       ?isPtrRef@DName@@QBEHXZ    10071460 f i libvcruntimed:undname.obj
 0002:0001a480       ?isUDC@DName@@QBEHXZ       10071480 f i libvcruntimed:undname.obj
 0002:0001a4d0       ?isUDTThunk@DName@@QBEHXZ  100714d0 f i libvcruntimed:undname.obj
 0002:0001a520       ?isVCallThunk@DName@@QBEHXZ 10071520 f i libvcruntimed:undname.obj
 0002:0001a540       ?isValid@DName@@QBEHXZ     10071540 f i libvcruntimed:undname.obj
 0002:0001a580       ?length@DName@@QBEHXZ      10071580 f i libvcruntimed:undname.obj
 0002:0001a5d0       ?length@DNameStatusNode@@UBEHXZ 100715d0 f i libvcruntimed:undname.obj
 0002:0001a5f0       ?length@charNode@@UBEHXZ   100715f0 f i libvcruntimed:undname.obj
 0002:0001a610       ?length@pDNameNode@@UBEHXZ 10071610 f i libvcruntimed:undname.obj
 0002:0001a650       ?length@pairNode@@UBEHXZ   10071650 f i libvcruntimed:undname.obj
 0002:0001a6e0       ?length@pcharNode@@UBEHXZ  100716e0 f i libvcruntimed:undname.obj
 0002:0001a700       ?make@DNameStatusNode@@SAPBV1@W4DNameStatus@@@Z 10071700 f i libvcruntimed:undname.obj
 0002:0001a740       ?parseDecoratedName@UnDecorator@@CA?AVDName@@XZ 10071740 f   libvcruntimed:undname.obj
 0002:0001a930       ?raw_length@DNameStatusNode@@UBEHXZ 10071930 f i libvcruntimed:undname.obj
 0002:0001a950       ?raw_length@charNode@@UBEHXZ 10071950 f i libvcruntimed:undname.obj
 0002:0001a970       ?raw_length@pDNameNode@@UBEHXZ 10071970 f i libvcruntimed:undname.obj
 0002:0001a990       ?raw_length@pairNode@@UBEHXZ 10071990 f i libvcruntimed:undname.obj
 0002:0001a9b0       ?raw_length@pcharNode@@UBEHXZ 100719b0 f i libvcruntimed:undname.obj
 0002:0001a9d0       ?setIsArray@DName@@QAEXXZ  100719d0 f i libvcruntimed:undname.obj
 0002:0001aa00       ?setIsComArray@DName@@QAEXXZ 10071a00 f i libvcruntimed:undname.obj
 0002:0001aa30       ?setIsNoTE@DName@@QAEXXZ   10071a30 f i libvcruntimed:undname.obj
 0002:0001aa60       ?setIsPinPtr@DName@@QAEXXZ 10071a60 f i libvcruntimed:undname.obj
 0002:0001aa90       ?setIsUDC@DName@@QAEXXZ    10071a90 f i libvcruntimed:undname.obj
 0002:0001aad0       ?setIsVCallThunk@DName@@QAEXXZ 10071ad0 f i libvcruntimed:undname.obj
 0002:0001ab00       ?setPtrRef@DName@@QAEAAV1@XZ 10071b00 f i libvcruntimed:undname.obj
 0002:0001ab30       ?status@DName@@QBE?AW4DNameStatus@@XZ 10071b30 f i libvcruntimed:undname.obj
 0002:0001ac50       ___unDName                 10071c50 f   libvcruntimed:undname.obj
 0002:0001ac90       ___unDNameEx               10071c90 f   libvcruntimed:undname.obj
 0002:0001ad90       _snprintf                  10071d90 f i libvcruntimed:undname.obj
 0002:0001ade0       _unDNameGenerateCHPE       10071de0 f   libvcruntimed:undname.obj
 0002:0001ae60       _vsnprintf                 10071e60 f i libvcruntimed:undname.obj
 0002:0001aed0       ??$?RU__vcrt_ptd@@@__crt_internal_free_policy@@QBEXQBU__vcrt_ptd@@@Z 10071ed0 f i libvcruntimed:per_thread_data.obj
 0002:0001af00       ??0?$__crt_unique_heap_ptr@U__vcrt_ptd@@U__crt_internal_free_policy@@@@QAE@QAU__vcrt_ptd@@@Z 10071f00 f i libvcruntimed:per_thread_data.obj
 0002:0001af40       ??1?$__crt_unique_heap_ptr@U__vcrt_ptd@@U__crt_internal_free_policy@@@@QAE@XZ 10071f40 f i libvcruntimed:per_thread_data.obj
 0002:0001af80       ??B?$__crt_unique_heap_ptr@U__vcrt_ptd@@U__crt_internal_free_policy@@@@QBE_NXZ 10071f80 f i libvcruntimed:per_thread_data.obj
 0002:0001afa0       ?detach@?$__crt_unique_heap_ptr@U__vcrt_ptd@@U__crt_internal_free_policy@@@@QAEPAU__vcrt_ptd@@XZ 10071fa0 f i libvcruntimed:per_thread_data.obj
 0002:0001afd0       ?get@?$__crt_unique_heap_ptr@U__vcrt_ptd@@U__crt_internal_free_policy@@@@QBEPAU__vcrt_ptd@@XZ 10071fd0 f i libvcruntimed:per_thread_data.obj
 0002:0001aff0       ?is_valid@?$__crt_unique_heap_ptr@U__vcrt_ptd@@U__crt_internal_free_policy@@@@QBE_NXZ 10071ff0 f i libvcruntimed:per_thread_data.obj
 0002:0001b030       ?release@?$__crt_unique_heap_ptr@U__vcrt_ptd@@U__crt_internal_free_policy@@@@QAEXXZ 10072030 f i libvcruntimed:per_thread_data.obj
 0002:0001b090       ___vcrt_freefls@4          10072090 f   libvcruntimed:per_thread_data.obj
 0002:0001b0c0       ___vcrt_freeptd_for_this_thread 100720c0 f   libvcruntimed:per_thread_data.obj
 0002:0001b110       ___vcrt_getptd             10072110 f   libvcruntimed:per_thread_data.obj
 0002:0001b140       ___vcrt_getptd_noexit      10072140 f   libvcruntimed:per_thread_data.obj
 0002:0001b2f0       ___vcrt_getptd_noinit      100722f0 f   libvcruntimed:per_thread_data.obj
 0002:0001b360       ___vcrt_initialize_ptd     10072360 f   libvcruntimed:per_thread_data.obj
 0002:0001b3c0       ___vcrt_uninitialize_ptd   100723c0 f   libvcruntimed:per_thread_data.obj
 0002:0001b400       ___vcrt_initialize_locks   10072400 f   libvcruntimed:locks.obj
 0002:0001b470       ___vcrt_lock               10072470 f   libvcruntimed:locks.obj
 0002:0001b490       ___vcrt_uninitialize_locks 10072490 f   libvcruntimed:locks.obj
 0002:0001b4f0       ___vcrt_unlock             100724f0 f   libvcruntimed:locks.obj
 0002:0001b510       __global_unwind2           10072510 f   libvcruntimed:exsup.obj
 0002:0001b5a0       __local_unwind2            100725a0 f   libvcruntimed:exsup.obj
 0002:0001b660       __abnormal_termination     10072660 f   libvcruntimed:exsup.obj
 0002:0001b6a0       __NLG_Notify1              100726a0 f   libvcruntimed:exsup.obj
 0002:0001b6b0       __NLG_Notify               100726b0 f   libvcruntimed:exsup.obj
 0002:0001b6c7       __NLG_Dispatch             100726c7     libvcruntimed:exsup.obj
 0002:0001b6c7       __NLG_Dispatch2            100726c7     libvcruntimed:exsup.obj
 0002:0001b6e0       __NLG_Call                 100726e0 f   libvcruntimed:exsup.obj
 0002:0001b6e2       __NLG_Return2              100726e2     libvcruntimed:exsup.obj
 0002:0001b6f0       ??$__crt_interlocked_exchange_pointer@$$A6AXXZP6AXXZ@@YAP6AXXZPDS6AXXZQ6AXXZ@Z 100726f0 f i libvcruntimed:purevirt.obj
 0002:0001b700       ??$__crt_interlocked_read_pointer@$$A6AXXZ@@YAP6AXXZPDS6AXXZ@Z 10072700 f i libvcruntimed:purevirt.obj
 0002:0001b720       __get_purecall_handler     10072720 f   libvcruntimed:purevirt.obj
 0002:0001b740       __purecall                 10072740 f   libvcruntimed:purevirt.obj
 0002:0001b780       __set_purecall_handler     10072780 f   libvcruntimed:purevirt.obj
 0002:0001b7a0       _memcpy                    100727a0 f   libvcruntimed:memcpy.obj
 0002:0001be80       ??$?0AAViterator@TryBlockMap@__FrameHandler3@@AAV012@$0A@@?$pair@Viterator@TryBlockMap@__FrameHandler3@@V123@@std@@QAE@AAViterator@TryBlockMap@__FrameHandler3@@0@Z 10072e80 f i libvcruntimed:trnsctrl.obj
 0002:0001bec0       ??0iterator@TryBlockMap@__FrameHandler3@@QAE@AAV12@I@Z 10072ec0 f i libvcruntimed:trnsctrl.obj
 0002:0001bef0       ?GetRangeOfTrysToCheck@__FrameHandler3@@SA?AU?$pair@Viterator@TryBlockMap@__FrameHandler3@@V123@@std@@AAVTryBlockMap@1@HPAXPBU_s_FuncInfo@@H@Z 10072ef0 f   libvcruntimed:trnsctrl.obj
 0002:0001c010       ?_CallCatchBlock2@@YAPAXPAUEHRegistrationNode@@PBU_s_FuncInfo@@PAXHK@Z 10073010 f   libvcruntimed:trnsctrl.obj
 0002:0001c0a0       ?_CallSETranslator@@YAHPAUEHExceptionRecord@@PAUEHRegistrationNode@@PAX2PBU_s_FuncInfo@@H1@Z 100730a0 f   libvcruntimed:trnsctrl.obj
 0002:0001c1f0       ?_JumpToContinuation@@YGXPAXPAUEHRegistrationNode@@@Z 100731f0 f   libvcruntimed:trnsctrl.obj
 0002:0001c230       ?_UnwindNestedFrames@@YGXPAUEHRegistrationNode@@PAUEHExceptionRecord@@@Z 10073230 f   libvcruntimed:trnsctrl.obj
 0002:0001c2a0       __CatchGuardHandler        100732a0 f   libvcruntimed:trnsctrl.obj
 0002:0001c300       __CreateFrameInfo          10073300 f   libvcruntimed:trnsctrl.obj
 0002:0001c340       __FindAndUnlinkFrame       10073340 f   libvcruntimed:trnsctrl.obj
 0002:0001c3d0       __TranslatorGuardHandler   100733d0 f   libvcruntimed:trnsctrl.obj
 0002:0001c4b0       ___CxxFrameHandler         100734b0 f   libvcruntimed:trnsctrl.obj
 0002:0001c500       ___CxxFrameHandler2        10073500 f   libvcruntimed:trnsctrl.obj
 0002:0001c550       ___CxxFrameHandler3        10073550 f   libvcruntimed:trnsctrl.obj
 0002:0001c5a0       ___CxxLongjmpUnwind@4      100735a0 f   libvcruntimed:trnsctrl.obj
 0002:0001c5f0       ??$__crt_interlocked_exchange_pointer@UHINSTANCE__@@PAU1@@@YAPAUHINSTANCE__@@PDSAU0@QAU0@@Z 100735f0 f i libvcruntimed:winapi_downlevel.obj
 0002:0001c600       ??$__crt_interlocked_exchange_pointer@UHINSTANCE__@@PAX@@YAPAUHINSTANCE__@@PDSAU0@QAX@Z 10073600 f i libvcruntimed:winapi_downlevel.obj
 0002:0001c610       ??$__crt_interlocked_exchange_pointer@XPAX@@YAPAXPDSAXQAX@Z 10073610 f i libvcruntimed:winapi_downlevel.obj
 0002:0001c620       ??$__crt_interlocked_read_pointer@UHINSTANCE__@@@@YAPAUHINSTANCE__@@PDSAU0@@Z 10073620 f i libvcruntimed:winapi_downlevel.obj
 0002:0001c640       ??$__crt_interlocked_read_pointer@X@@YAPAXPDSAX@Z 10073640 f i libvcruntimed:winapi_downlevel.obj
 0002:0001cb20       ___vcrt_FlsAlloc           10073b20 f   libvcruntimed:winapi_downlevel.obj
 0002:0001cb70       ___vcrt_FlsFree            10073b70 f   libvcruntimed:winapi_downlevel.obj
 0002:0001cbc0       ___vcrt_FlsGetValue        10073bc0 f   libvcruntimed:winapi_downlevel.obj
 0002:0001cc10       ___vcrt_FlsSetValue        10073c10 f   libvcruntimed:winapi_downlevel.obj
 0002:0001cc70       ___vcrt_InitializeCriticalSectionEx 10073c70 f   libvcruntimed:winapi_downlevel.obj
 0002:0001db10       ??$TypeMatchHelper@V__FrameHandler3@@@@YAHPBU_s_HandlerType@@PBU_s_CatchableType@@PBU_s_ThrowInfo@@@Z 10074b10 f i libvcruntimed:frame.obj
 0002:0001dc20       ??$__InternalCxxFrameHandler@V__FrameHandler3@@@@YA?AW4_EXCEPTION_DISPOSITION@@PAUEHExceptionRecord@@PAUEHRegistrationNode@@PAU_CONTEXT@@PAXPBU_s_FuncInfo@@H1E@Z 10074c20 f i libvcruntimed:frame.obj
 0002:0001de50       ??$__InternalCxxFrameHandlerWrapper@V__FrameHandler3@@@@YA?AW4_EXCEPTION_DISPOSITION@@PAUEHExceptionRecord@@PAUEHRegistrationNode@@PAU_CONTEXT@@PAXPBU_s_FuncInfo@@H1E@Z 10074e50 f i libvcruntimed:frame.obj
 0002:0001de90       ??0HandlerMap@__FrameHandler3@@QAE@PBU_s_TryBlockMapEntry@@II@Z 10074e90 f i libvcruntimed:frame.obj
 0002:0001dec0       ??0TryBlockMap@__FrameHandler3@@QAE@PBU_s_FuncInfo@@I@Z 10074ec0 f i libvcruntimed:frame.obj
 0002:0001def0       ??0bad_exception@std@@QAE@ABV01@@Z 10074ef0 f i libvcruntimed:frame.obj
 0002:0001df20       ??0bad_exception@std@@QAE@XZ 10074f20 f i libvcruntimed:frame.obj
 0002:0001df50       ??0exception@std@@QAE@ABV01@@Z 10074f50 f i libvcruntimed:frame.obj
 0002:0001dfa0       ??0exception@std@@QAE@QBDH@Z 10074fa0 f i libvcruntimed:frame.obj
 0002:0001dfe0       ??0iterator@HandlerMap@__FrameHandler3@@QAE@AAV12@I@Z 10074fe0 f i libvcruntimed:frame.obj
 0002:0001e010       ??1bad_exception@std@@UAE@XZ 10075010 f i libvcruntimed:frame.obj
 0002:0001e030       ??1exception@std@@UAE@XZ   10075030 f i libvcruntimed:frame.obj
 0002:0001e060       ??8iterator@HandlerMap@__FrameHandler3@@QBE_NABV012@@Z 10075060 f i libvcruntimed:frame.obj
 0002:0001e0a0       ??8type_info@@QBE_NABV0@@Z 100750a0 f i libvcruntimed:frame.obj
 0002:0001e120       ??9iterator@HandlerMap@__FrameHandler3@@QBE_NABV012@@Z 10075120 f i libvcruntimed:frame.obj
 0002:0001e170       ??Diterator@HandlerMap@__FrameHandler3@@QAE?BU_s_HandlerType@@XZ 10075170 f i libvcruntimed:frame.obj
 0002:0001e1c0       ??Diterator@TryBlockMap@__FrameHandler3@@QAE?BU_s_TryBlockMapEntry@@XZ 100751c0 f i libvcruntimed:frame.obj
 0002:0001e220       ??Eiterator@HandlerMap@__FrameHandler3@@QAEAAV012@XZ 10075220 f i libvcruntimed:frame.obj
 0002:0001e250       ??Eiterator@TryBlockMap@__FrameHandler3@@QAEAAV012@XZ 10075250 f i libvcruntimed:frame.obj
 0002:0001e280       ??Miterator@TryBlockMap@__FrameHandler3@@QBE_NABV012@@Z 10075280 f i libvcruntimed:frame.obj
 0002:0001e2c0       ??_Ebad_exception@std@@UAEPAXI@Z 100752c0 f i libvcruntimed:frame.obj
 0002:0001e2c0       ??_Gbad_exception@std@@UAEPAXI@Z 100752c0 f i libvcruntimed:frame.obj
 0002:0001e300       ??_Eexception@std@@UAEPAXI@Z 10075300 f i libvcruntimed:frame.obj
 0002:0001e300       ??_Gexception@std@@UAEPAXI@Z 10075300 f i libvcruntimed:frame.obj
 0002:0001e340       ?BuildCatchObject@__FrameHandler3@@SAXPAUEHExceptionRecord@@PAXPBU_s_HandlerType@@PBU_s_CatchableType@@@Z 10075340 f   libvcruntimed:frame.obj
 0002:0001e370       ?BuildCatchObjectHelper@__FrameHandler3@@SAHPAUEHExceptionRecord@@PAXPBU_s_HandlerType@@PBU_s_CatchableType@@@Z 10075370 f   libvcruntimed:frame.obj
 0002:0001e800       ?FrameUnwindToEmptyState@__FrameHandler3@@SAXPAUEHRegistrationNode@@PAXPBU_s_FuncInfo@@@Z 10075800 f   libvcruntimed:frame.obj
 0002:0001e830       ?FrameUnwindToState@__FrameHandler3@@SAXPAUEHRegistrationNode@@PAXPBU_s_FuncInfo@@H@Z 10075830 f   libvcruntimed:frame.obj
 0002:0001ea10       ?GetMaxState@__FrameHandler3@@SAHPAXPBU_s_FuncInfo@@@Z 10075a10 f i libvcruntimed:frame.obj
 0002:0001eb70       ?TypeMatch@__FrameHandler3@@SAHPBU_s_HandlerType@@PBU_s_CatchableType@@PBU_s_ThrowInfo@@@Z 10075b70 f   libvcruntimed:frame.obj
 0002:0001eb90       ?_CallMemberFunction1@@YGXQAX00@Z 10075b90 f i libvcruntimed:frame.obj
 0002:0001ebc0       ?_CallMemberFunction2@@YGXQAX00H@Z 10075bc0 f i libvcruntimed:frame.obj
 0002:0001ebf0       ?begin@HandlerMap@__FrameHandler3@@QAE?AViterator@12@XZ 10075bf0 f i libvcruntimed:frame.obj
 0002:0001ec20       ?end@HandlerMap@__FrameHandler3@@QAE?AViterator@12@XZ 10075c20 f i libvcruntimed:frame.obj
 0002:0001ec50       ?getESTypes@__FrameHandler3@@SAPBU_s_ESTypeList@@PBU_s_FuncInfo@@@Z 10075c50 f i libvcruntimed:frame.obj
 0002:0001ec60       ?getLastEntry@HandlerMap@__FrameHandler3@@QAEPBU_s_HandlerType@@XZ 10075c60 f i libvcruntimed:frame.obj
 0002:0001ec90       ?getMagicNum@__FrameHandler3@@SAIPBU_s_FuncInfo@@@Z 10075c90 f i libvcruntimed:frame.obj
 0002:0001ecb0       ?getNumTryBlocks@TryBlockMap@__FrameHandler3@@QAEIXZ 10075cb0 f i libvcruntimed:frame.obj
 0002:0001ecd0       ?isEHs@__FrameHandler3@@SA_NPBU_s_FuncInfo@@@Z 10075cd0 f i libvcruntimed:frame.obj
 0002:0001ed00       ?isNoExcept@__FrameHandler3@@SA_NPBU_s_FuncInfo@@@Z 10075d00 f i libvcruntimed:frame.obj
 0002:0001ed30       ?what@exception@std@@UBEPBDXZ 10075d30 f i libvcruntimed:frame.obj
 0002:0001ed70       ___BuildCatchObject        10075d70 f   libvcruntimed:frame.obj
 0002:0001eda0       ___BuildCatchObjectHelper  10075da0 f   libvcruntimed:frame.obj
 0002:0001edd0       ___TypeMatch               10075dd0 f   libvcruntimed:frame.obj
 0002:0001edf0       ___vcrt_EncodePointer      10075df0 f i libvcruntimed:frame.obj
 0002:0001ee10       __CallSettingFrame@12      10075e10 f   libvcruntimed:lowhelpr.obj
 0002:0001ee37       __NLG_Return               10075e37     libvcruntimed:lowhelpr.obj
 0002:0001eea0       __get_unexpected           10075ea0 f   libvcruntimed:unexpected.obj
 0002:0001eec0       _set_unexpected            10075ec0 f   libvcruntimed:unexpected.obj
 0002:0001ef00       _unexpected                10075f00 f   libvcruntimed:unexpected.obj
 0002:0001ef50       _memmove                   10075f50 f   libvcruntimed:memmove.obj
 0002:0001f630       ?GetCurrentState@__FrameHandler3@@SAHPAUEHRegistrationNode@@PAXPBU_s_FuncInfo@@@Z 10076630 f   libvcruntimed:ehstate.obj
 0002:0001f670       ?SetState@__FrameHandler3@@SAXPAUEHRegistrationNode@@PBU_s_FuncInfo@@H@Z 10076670 f   libvcruntimed:ehstate.obj
 0002:0001f690       ??$?RD@__crt_public_free_policy@@QBEXQBD@Z 10076690 f i libvcruntimed:std_exception.obj
 0002:0001f6b0       ??0?$__crt_unique_heap_ptr@DU__crt_public_free_policy@@@@QAE@QAD@Z 100766b0 f i libvcruntimed:std_exception.obj
 0002:0001f6d0       ??1?$__crt_unique_heap_ptr@DU__crt_public_free_policy@@@@QAE@XZ 100766d0 f i libvcruntimed:std_exception.obj
 0002:0001f6f0       ??B?$__crt_unique_heap_ptr@DU__crt_public_free_policy@@@@QBE_NXZ 100766f0 f i libvcruntimed:std_exception.obj
 0002:0001f710       ?detach@?$__crt_unique_heap_ptr@DU__crt_public_free_policy@@@@QAEPADXZ 10076710 f i libvcruntimed:std_exception.obj
 0002:0001f740       ?get@?$__crt_unique_heap_ptr@DU__crt_public_free_policy@@@@QBEPADXZ 10076740 f i libvcruntimed:std_exception.obj
 0002:0001f760       ?is_valid@?$__crt_unique_heap_ptr@DU__crt_public_free_policy@@@@QBE_NXZ 10076760 f i libvcruntimed:std_exception.obj
 0002:0001f7a0       ?release@?$__crt_unique_heap_ptr@DU__crt_public_free_policy@@@@QAEXXZ 100767a0 f i libvcruntimed:std_exception.obj
 0002:0001f7d0       ___std_exception_copy      100767d0 f   libvcruntimed:std_exception.obj
 0002:0001f900       ___std_exception_destroy   10076900 f   libvcruntimed:std_exception.obj
 0002:0001f940       __CxxThrowException@8      10076940 f   libvcruntimed:throw.obj
 0002:000209f0       ??1?$__crt_simd_cleanup_guard@$00@@QAE@XZ 100779f0 f i libucrtd:strnlen.obj
 0002:00020a10       ??1?$__crt_simd_cleanup_guard@$0A@@@QAE@XZ 10077a10 f i libucrtd:strnlen.obj
 0002:00020a20       ?compare_equals@?$__crt_simd_traits@$00E@@SA?AT__m256i@@T2@0@Z 10077a20 f i libucrtd:strnlen.obj
 0002:00020a70       ?compare_equals@?$__crt_simd_traits@$00G@@SA?AT__m256i@@T2@0@Z 10077a70 f i libucrtd:strnlen.obj
 0002:00020ac0       ?compare_equals@?$__crt_simd_traits@$0A@E@@SA?AT__m128i@@T2@0@Z 10077ac0 f i libucrtd:strnlen.obj
 0002:00020b10       ?compare_equals@?$__crt_simd_traits@$0A@G@@SA?AT__m128i@@T2@0@Z 10077b10 f i libucrtd:strnlen.obj
 0002:00020b60       ?compute_byte_mask@?$__crt_simd_pack_traits@$00@@SAHT__m256i@@@Z 10077b60 f i libucrtd:strnlen.obj
 0002:00020ba0       ?compute_byte_mask@?$__crt_simd_pack_traits@$0A@@@SAHT__m128i@@@Z 10077ba0 f i libucrtd:strnlen.obj
 0002:00020be0       ?get_zero_pack@?$__crt_simd_pack_traits@$00@@SA?AT__m256i@@XZ 10077be0 f i libucrtd:strnlen.obj
 0002:00020c20       ?get_zero_pack@?$__crt_simd_pack_traits@$0A@@@SA?AT__m128i@@XZ 10077c20 f i libucrtd:strnlen.obj
 0002:00020c60       _strnlen                   10077c60 f   libucrtd:strnlen.obj
 0002:00020c80       _wcslen                    10077c80 f   libucrtd:strnlen.obj
 0002:00020ca0       _wcsnlen                   10077ca0 f   libucrtd:strnlen.obj
 0002:00020cc0       ??$?RU?$__crt_report_hook_node@D@@@__crt_internal_free_policy@@QBEXQBU?$__crt_report_hook_node@D@@@Z 10077cc0 f i libucrtd:dbgrpt.obj
 0002:00020cf0       ??$?RU?$__crt_report_hook_node@_W@@@__crt_internal_free_policy@@QBEXQBU?$__crt_report_hook_node@_W@@@Z 10077cf0 f i libucrtd:dbgrpt.obj
 0002:00021f90       ??$get_module_file_name@AAPAUHINSTANCE__@@AAY0BAF@DK@?$__crt_char_traits@D@@SAKAAPAUHINSTANCE__@@AAY0BAF@D$$QAK@Z 10078f90 f i libucrtd:dbgrpt.obj
 0002:00021fc0       ??$get_module_file_name@AAPAUHINSTANCE__@@AAY0BAF@_WK@?$__crt_char_traits@_W@@SAKAAPAUHINSTANCE__@@AAY0BAF@_W$$QAK@Z 10078fc0 f i libucrtd:dbgrpt.obj
 0002:00021ff0       ??$tcscpy_s@AAY0BAF@DIPBD@?$__crt_char_traits@D@@SAHAAY0BAF@D$$QAI$$QAPBD@Z 10078ff0 f i libucrtd:dbgrpt.obj
 0002:00022020       ??$tcscpy_s@AAY0BAF@_WIPB_W@?$__crt_char_traits@_W@@SAHAAY0BAF@_W$$QAI$$QAPB_W@Z 10079020 f i libucrtd:dbgrpt.obj
 0002:00022050       ??$tcslen@AAY0BAF@D@?$__crt_char_traits@D@@SAIAAY0BAF@D@Z 10079050 f i libucrtd:dbgrpt.obj
 0002:00022070       ??$tcslen@AAY0BAF@_W@?$__crt_char_traits@_W@@SAIAAY0BAF@_W@Z 10079070 f i libucrtd:dbgrpt.obj
 0002:00022090       ??$tcslen@ABQBD@?$__crt_char_traits@D@@SAIABQBD@Z 10079090 f i libucrtd:dbgrpt.obj
 0002:000220b0       ??$tcslen@ABQB_W@?$__crt_char_traits@_W@@SAIABQB_W@Z 100790b0 f i libucrtd:dbgrpt.obj
 0002:000221f0       ??0?$__crt_unique_heap_ptr@U?$__crt_report_hook_node@D@@U__crt_internal_free_policy@@@@QAE@QAU?$__crt_report_hook_node@D@@@Z 100791f0 f i libucrtd:dbgrpt.obj
 0002:00022210       ??0?$__crt_unique_heap_ptr@U?$__crt_report_hook_node@_W@@U__crt_internal_free_policy@@@@QAE@QAU?$__crt_report_hook_node@_W@@@Z 10079210 f i libucrtd:dbgrpt.obj
 0002:00022230       ??1?$__crt_unique_heap_ptr@U?$__crt_report_hook_node@D@@U__crt_internal_free_policy@@@@QAE@XZ 10079230 f i libucrtd:dbgrpt.obj
 0002:00022250       ??1?$__crt_unique_heap_ptr@U?$__crt_report_hook_node@_W@@U__crt_internal_free_policy@@@@QAE@XZ 10079250 f i libucrtd:dbgrpt.obj
 0002:00022270       ??B?$__crt_unique_heap_ptr@U?$__crt_report_hook_node@D@@U__crt_internal_free_policy@@@@QBE_NXZ 10079270 f i libucrtd:dbgrpt.obj
 0002:00022290       ??B?$__crt_unique_heap_ptr@U?$__crt_report_hook_node@_W@@U__crt_internal_free_policy@@@@QBE_NXZ 10079290 f i libucrtd:dbgrpt.obj
 0002:00022950       ?detach@?$__crt_unique_heap_ptr@U?$__crt_report_hook_node@D@@U__crt_internal_free_policy@@@@QAEPAU?$__crt_report_hook_node@D@@XZ 10079950 f i libucrtd:dbgrpt.obj
 0002:00022980       ?detach@?$__crt_unique_heap_ptr@U?$__crt_report_hook_node@_W@@U__crt_internal_free_policy@@@@QAEPAU?$__crt_report_hook_node@_W@@XZ 10079980 f i libucrtd:dbgrpt.obj
 0002:000229b0       ?get@?$__crt_unique_heap_ptr@U?$__crt_report_hook_node@D@@U__crt_internal_free_policy@@@@QBEPAU?$__crt_report_hook_node@D@@XZ 100799b0 f i libucrtd:dbgrpt.obj
 0002:000229d0       ?get@?$__crt_unique_heap_ptr@U?$__crt_report_hook_node@_W@@U__crt_internal_free_policy@@@@QBEPAU?$__crt_report_hook_node@_W@@XZ 100799d0 f i libucrtd:dbgrpt.obj
 0002:00022a50       ?is_valid@?$__crt_unique_heap_ptr@U?$__crt_report_hook_node@D@@U__crt_internal_free_policy@@@@QBE_NXZ 10079a50 f i libucrtd:dbgrpt.obj
 0002:00022a90       ?is_valid@?$__crt_unique_heap_ptr@U?$__crt_report_hook_node@_W@@U__crt_internal_free_policy@@@@QBE_NXZ 10079a90 f i libucrtd:dbgrpt.obj
 0002:00022ad0       ?release@?$__crt_unique_heap_ptr@U?$__crt_report_hook_node@D@@U__crt_internal_free_policy@@@@QAEXXZ 10079ad0 f i libucrtd:dbgrpt.obj
 0002:00022b00       ?release@?$__crt_unique_heap_ptr@U?$__crt_report_hook_node@_W@@U__crt_internal_free_policy@@@@QAEXXZ 10079b00 f i libucrtd:dbgrpt.obj
 0002:00022b30       __CrtDbgReport             10079b30 f   libucrtd:dbgrpt.obj
 0002:00022b90       __CrtDbgReportW            10079b90 f   libucrtd:dbgrpt.obj
 0002:00022bf0       __CrtSetReportHook2        10079bf0 f   libucrtd:dbgrpt.obj
 0002:00022c10       __CrtSetReportHookW2       10079c10 f   libucrtd:dbgrpt.obj
 0002:00022c30       ___acrt_MessageWindowA     10079c30 f   libucrtd:dbgrpt.obj
 0002:00022c60       ___acrt_MessageWindowW     10079c60 f   libucrtd:dbgrpt.obj
 0002:00022c90       __invoke_watson_if_error   10079c90 f i libucrtd:dbgrpt.obj
 0002:00022cd0       __invoke_watson_if_oneof   10079cd0 f i libucrtd:dbgrpt.obj
 0002:00022d20       __snwprintf_s              10079d20 f i libucrtd:dbgrpt.obj
 0002:00022d70       __vsnwprintf_s_l           10079d70 f i libucrtd:dbgrpt.obj
 0002:00022de0       __initterm                 10079de0 f   libucrtd:initterm.obj
 0002:00022e40       __initterm_e               10079e40 f   libucrtd:initterm.obj
 0002:00023280       _strcpy_s                  1007a280 f   libucrtd:strcpy_s.obj
 0002:000237d0       _strcat_s                  1007a7d0 f   libucrtd:strcat_s.obj
 0002:00023800       ??$?0ABV?$stream_output_adapter@D@__crt_stdio_output@@AB_KABQBDAAV__crt_cached_ptd_host@@ABQAD@?$format_validation_base@DV?$stream_output_adapter@D@__crt_stdio_output@@@__crt_stdio_output@@IAE@ABV?$stream_output_adapter@D@1@AB_KABQBDAAV__crt_cached_ptd_host@@ABQAD@Z 1007a800 f i libucrtd:output.obj
 0002:00023840       ??$?0ABV?$stream_output_adapter@D@__crt_stdio_output@@AB_KABQBDAAV__crt_cached_ptd_host@@ABQAD@?$positional_parameter_base@DV?$stream_output_adapter@D@__crt_stdio_output@@@__crt_stdio_output@@IAE@ABV?$stream_output_adapter@D@1@AB_KABQBDAAV__crt_cached_ptd_host@@ABQAD@Z 1007a840 f i libucrtd:output.obj
 0002:000238d0       ??$?0ABV?$stream_output_adapter@D@__crt_stdio_output@@AB_KABQBDAAV__crt_cached_ptd_host@@ABQAD@?$standard_base@DV?$stream_output_adapter@D@__crt_stdio_output@@@__crt_stdio_output@@IAE@ABV?$stream_output_adapter@D@1@AB_KABQBDAAV__crt_cached_ptd_host@@ABQAD@Z 1007a8d0 f i libucrtd:output.obj
 0002:00023930       ??$?0ABV?$stream_output_adapter@_W@__crt_stdio_output@@AB_KABQB_WAAV__crt_cached_ptd_host@@ABQAD@?$format_validation_base@_WV?$stream_output_adapter@_W@__crt_stdio_output@@@__crt_stdio_output@@IAE@ABV?$stream_output_adapter@_W@1@AB_KABQB_WAAV__crt_cached_ptd_host@@ABQAD@Z 1007a930 f i libucrtd:output.obj
 0002:00023970       ??$?0ABV?$stream_output_adapter@_W@__crt_stdio_output@@AB_KABQB_WAAV__crt_cached_ptd_host@@ABQAD@?$positional_parameter_base@_WV?$stream_output_adapter@_W@__crt_stdio_output@@@__crt_stdio_output@@IAE@ABV?$stream_output_adapter@_W@1@AB_KABQB_WAAV__crt_cached_ptd_host@@ABQAD@Z 1007a970 f i libucrtd:output.obj
 0002:00023a00       ??$?0ABV?$stream_output_adapter@_W@__crt_stdio_output@@AB_KABQB_WAAV__crt_cached_ptd_host@@ABQAD@?$standard_base@_WV?$stream_output_adapter@_W@__crt_stdio_output@@@__crt_stdio_output@@IAE@ABV?$stream_output_adapter@_W@1@AB_KABQB_WAAV__crt_cached_ptd_host@@ABQAD@Z 1007aa00 f i libucrtd:output.obj
 0002:00023a60       ??$?0ABV?$string_output_adapter@D@__crt_stdio_output@@AB_KABQBDAAV__crt_cached_ptd_host@@ABQAD@?$format_validation_base@DV?$string_output_adapter@D@__crt_stdio_output@@@__crt_stdio_output@@IAE@ABV?$string_output_adapter@D@1@AB_KABQBDAAV__crt_cached_ptd_host@@ABQAD@Z 1007aa60 f i libucrtd:output.obj
 0002:00023aa0       ??$?0ABV?$string_output_adapter@D@__crt_stdio_output@@AB_KABQBDAAV__crt_cached_ptd_host@@ABQAD@?$positional_parameter_base@DV?$string_output_adapter@D@__crt_stdio_output@@@__crt_stdio_output@@IAE@ABV?$string_output_adapter@D@1@AB_KABQBDAAV__crt_cached_ptd_host@@ABQAD@Z 1007aaa0 f i libucrtd:output.obj
 0002:00023b30       ??$?0ABV?$string_output_adapter@D@__crt_stdio_output@@AB_KABQBDAAV__crt_cached_ptd_host@@ABQAD@?$standard_base@DV?$string_output_adapter@D@__crt_stdio_output@@@__crt_stdio_output@@IAE@ABV?$string_output_adapter@D@1@AB_KABQBDAAV__crt_cached_ptd_host@@ABQAD@Z 1007ab30 f i libucrtd:output.obj
 0002:00023b90       ??$?0ABV?$string_output_adapter@_W@__crt_stdio_output@@AB_KABQB_WAAV__crt_cached_ptd_host@@ABQAD@?$format_validation_base@_WV?$string_output_adapter@_W@__crt_stdio_output@@@__crt_stdio_output@@IAE@ABV?$string_output_adapter@_W@1@AB_KABQB_WAAV__crt_cached_ptd_host@@ABQAD@Z 1007ab90 f i libucrtd:output.obj
 0002:00023bd0       ??$?0ABV?$string_output_adapter@_W@__crt_stdio_output@@AB_KABQB_WAAV__crt_cached_ptd_host@@ABQAD@?$positional_parameter_base@_WV?$string_output_adapter@_W@__crt_stdio_output@@@__crt_stdio_output@@IAE@ABV?$string_output_adapter@_W@1@AB_KABQB_WAAV__crt_cached_ptd_host@@ABQAD@Z 1007abd0 f i libucrtd:output.obj
 0002:00023c60       ??$?0ABV?$string_output_adapter@_W@__crt_stdio_output@@AB_KABQB_WAAV__crt_cached_ptd_host@@ABQAD@?$standard_base@_WV?$string_output_adapter@_W@__crt_stdio_output@@@__crt_stdio_output@@IAE@ABV?$string_output_adapter@_W@1@AB_KABQB_WAAV__crt_cached_ptd_host@@ABQAD@Z 1007ac60 f i libucrtd:output.obj
 0002:00024440       ??$__crt_interlocked_read@J@@YAJPDJ@Z 1007b440 f i libucrtd:output.obj
 0002:00024460       ??$_tcstol_internal@DPAPAD$0A@@@YAJAAV__crt_cached_ptd_host@@QBDQAPADH@Z 1007b460 f i libucrtd:output.obj
 0002:000244b0       ??$_tcstol_internal@_WPAPA_W$0A@@@YAJAAV__crt_cached_ptd_host@@QB_WQAPA_WH@Z 1007b4b0 f i libucrtd:output.obj
 0002:00028050       ??$count@D@formatting_buffer@__crt_stdio_output@@QBEIXZ 1007f050 f i libucrtd:output.obj
 0002:000280a0       ??$count@_W@formatting_buffer@__crt_stdio_output@@QBEIXZ 1007f0a0 f i libucrtd:output.obj
 0002:000280f0       ??$data@D@formatting_buffer@__crt_stdio_output@@QAEPADXZ 1007f0f0 f i libucrtd:output.obj
 0002:00028140       ??$data@_W@formatting_buffer@__crt_stdio_output@@QAEPA_WXZ 1007f140 f i libucrtd:output.obj
 0002:00028190       ??$ensure_buffer_is_big_enough@D@formatting_buffer@__crt_stdio_output@@QAE_NIAAV__crt_cached_ptd_host@@@Z 1007f190 f i libucrtd:output.obj
 0002:000282c0       ??$ensure_buffer_is_big_enough@_W@formatting_buffer@__crt_stdio_output@@QAE_NIAAV__crt_cached_ptd_host@@@Z 1007f2c0 f i libucrtd:output.obj
 0002:000283f0       ??$extract_argument_from_va_list@C_J@?$positional_parameter_base@DV?$stream_output_adapter@D@__crt_stdio_output@@@__crt_stdio_output@@IAE_NAA_J@Z 1007f3f0 f i libucrtd:output.obj
 0002:000285b0       ??$extract_argument_from_va_list@C_J@?$positional_parameter_base@DV?$string_output_adapter@D@__crt_stdio_output@@@__crt_stdio_output@@IAE_NAA_J@Z 1007f5b0 f i libucrtd:output.obj
 0002:00028770       ??$extract_argument_from_va_list@C_J@?$positional_parameter_base@_WV?$stream_output_adapter@_W@__crt_stdio_output@@@__crt_stdio_output@@IAE_NAA_J@Z 1007f770 f i libucrtd:output.obj
 0002:00028930       ??$extract_argument_from_va_list@C_J@?$positional_parameter_base@_WV?$string_output_adapter@_W@__crt_stdio_output@@@__crt_stdio_output@@IAE_NAA_J@Z 1007f930 f i libucrtd:output.obj
 0002:00028af0       ??$extract_argument_from_va_list@C_J@?$standard_base@DV?$stream_output_adapter@D@__crt_stdio_output@@@__crt_stdio_output@@IAE_NAA_J@Z 1007faf0 f i libucrtd:output.obj
 0002:00028b30       ??$extract_argument_from_va_list@C_J@?$standard_base@DV?$string_output_adapter@D@__crt_stdio_output@@@__crt_stdio_output@@IAE_NAA_J@Z 1007fb30 f i libucrtd:output.obj
 0002:00028b70       ??$extract_argument_from_va_list@C_J@?$standard_base@_WV?$stream_output_adapter@_W@__crt_stdio_output@@@__crt_stdio_output@@IAE_NAA_J@Z 1007fb70 f i libucrtd:output.obj
 0002:00028bb0       ??$extract_argument_from_va_list@C_J@?$standard_base@_WV?$string_output_adapter@_W@__crt_stdio_output@@@__crt_stdio_output@@IAE_NAA_J@Z 1007fbb0 f i libucrtd:output.obj
 0002:00028bf0       ??$extract_argument_from_va_list@E_J@?$positional_parameter_base@DV?$stream_output_adapter@D@__crt_stdio_output@@@__crt_stdio_output@@IAE_NAA_J@Z 1007fbf0 f i libucrtd:output.obj
 0002:00028db0       ??$extract_argument_from_va_list@E_J@?$positional_parameter_base@DV?$string_output_adapter@D@__crt_stdio_output@@@__crt_stdio_output@@IAE_NAA_J@Z 1007fdb0 f i libucrtd:output.obj
 0002:00028f70       ??$extract_argument_from_va_list@E_J@?$positional_parameter_base@_WV?$stream_output_adapter@_W@__crt_stdio_output@@@__crt_stdio_output@@IAE_NAA_J@Z 1007ff70 f i libucrtd:output.obj
 0002:00029130       ??$extract_argument_from_va_list@E_J@?$positional_parameter_base@_WV?$string_output_adapter@_W@__crt_stdio_output@@@__crt_stdio_output@@IAE_NAA_J@Z 10080130 f i libucrtd:output.obj
 0002:000292f0       ??$extract_argument_from_va_list@E_J@?$standard_base@DV?$stream_output_adapter@D@__crt_stdio_output@@@__crt_stdio_output@@IAE_NAA_J@Z 100802f0 f i libucrtd:output.obj
 0002:00029330       ??$extract_argument_from_va_list@E_J@?$standard_base@DV?$string_output_adapter@D@__crt_stdio_output@@@__crt_stdio_output@@IAE_NAA_J@Z 10080330 f i libucrtd:output.obj
 0002:00029370       ??$extract_argument_from_va_list@E_J@?$standard_base@_WV?$stream_output_adapter@_W@__crt_stdio_output@@@__crt_stdio_output@@IAE_NAA_J@Z 10080370 f i libucrtd:output.obj
 0002:000293b0       ??$extract_argument_from_va_list@E_J@?$standard_base@_WV?$string_output_adapter@_W@__crt_stdio_output@@@__crt_stdio_output@@IAE_NAA_J@Z 100803b0 f i libucrtd:output.obj
 0002:000293f0       ??$extract_argument_from_va_list@F_J@?$positional_parameter_base@DV?$stream_output_adapter@D@__crt_stdio_output@@@__crt_stdio_output@@IAE_NAA_J@Z 100803f0 f i libucrtd:output.obj
 0002:000295b0       ??$extract_argument_from_va_list@F_J@?$positional_parameter_base@DV?$string_output_adapter@D@__crt_stdio_output@@@__crt_stdio_output@@IAE_NAA_J@Z 100805b0 f i libucrtd:output.obj
 0002:00029770       ??$extract_argument_from_va_list@F_J@?$positional_parameter_base@_WV?$stream_output_adapter@_W@__crt_stdio_output@@@__crt_stdio_output@@IAE_NAA_J@Z 10080770 f i libucrtd:output.obj
 0002:00029930       ??$extract_argument_from_va_list@F_J@?$positional_parameter_base@_WV?$string_output_adapter@_W@__crt_stdio_output@@@__crt_stdio_output@@IAE_NAA_J@Z 10080930 f i libucrtd:output.obj
 0002:00029af0       ??$extract_argument_from_va_list@F_J@?$standard_base@DV?$stream_output_adapter@D@__crt_stdio_output@@@__crt_stdio_output@@IAE_NAA_J@Z 10080af0 f i libucrtd:output.obj
 0002:00029b30       ??$extract_argument_from_va_list@F_J@?$standard_base@DV?$string_output_adapter@D@__crt_stdio_output@@@__crt_stdio_output@@IAE_NAA_J@Z 10080b30 f i libucrtd:output.obj
 0002:00029b70       ??$extract_argument_from_va_list@F_J@?$standard_base@_WV?$stream_output_adapter@_W@__crt_stdio_output@@@__crt_stdio_output@@IAE_NAA_J@Z 10080b70 f i libucrtd:output.obj
 0002:00029bb0       ??$extract_argument_from_va_list@F_J@?$standard_base@_WV?$string_output_adapter@_W@__crt_stdio_output@@@__crt_stdio_output@@IAE_NAA_J@Z 10080bb0 f i libucrtd:output.obj
 0002:00029bf0       ??$extract_argument_from_va_list@GD@?$positional_parameter_base@DV?$stream_output_adapter@D@__crt_stdio_output@@@__crt_stdio_output@@IAE_NAAD@Z 10080bf0 f i libucrtd:output.obj
 0002:00029da0       ??$extract_argument_from_va_list@GD@?$positional_parameter_base@DV?$string_output_adapter@D@__crt_stdio_output@@@__crt_stdio_output@@IAE_NAAD@Z 10080da0 f i libucrtd:output.obj
 0002:00029f50       ??$extract_argument_from_va_list@GD@?$standard_base@DV?$stream_output_adapter@D@__crt_stdio_output@@@__crt_stdio_output@@IAE_NAAD@Z 10080f50 f i libucrtd:output.obj
 0002:00029f80       ??$extract_argument_from_va_list@GD@?$standard_base@DV?$string_output_adapter@D@__crt_stdio_output@@@__crt_stdio_output@@IAE_NAAD@Z 10080f80 f i libucrtd:output.obj
 0002:00029fb0       ??$extract_argument_from_va_list@G_J@?$positional_parameter_base@DV?$stream_output_adapter@D@__crt_stdio_output@@@__crt_stdio_output@@IAE_NAA_J@Z 10080fb0 f i libucrtd:output.obj
 0002:0002a170       ??$extract_argument_from_va_list@G_J@?$positional_parameter_base@DV?$string_output_adapter@D@__crt_stdio_output@@@__crt_stdio_output@@IAE_NAA_J@Z 10081170 f i libucrtd:output.obj
 0002:0002a330       ??$extract_argument_from_va_list@G_J@?$positional_parameter_base@_WV?$stream_output_adapter@_W@__crt_stdio_output@@@__crt_stdio_output@@IAE_NAA_J@Z 10081330 f i libucrtd:output.obj
 0002:0002a4f0       ??$extract_argument_from_va_list@G_J@?$positional_parameter_base@_WV?$string_output_adapter@_W@__crt_stdio_output@@@__crt_stdio_output@@IAE_NAA_J@Z 100814f0 f i libucrtd:output.obj
 0002:0002a6b0       ??$extract_argument_from_va_list@G_J@?$standard_base@DV?$stream_output_adapter@D@__crt_stdio_output@@@__crt_stdio_output@@IAE_NAA_J@Z 100816b0 f i libucrtd:output.obj
 0002:0002a6f0       ??$extract_argument_from_va_list@G_J@?$standard_base@DV?$string_output_adapter@D@__crt_stdio_output@@@__crt_stdio_output@@IAE_NAA_J@Z 100816f0 f i libucrtd:output.obj
 0002:0002a730       ??$extract_argument_from_va_list@G_J@?$standard_base@_WV?$stream_output_adapter@_W@__crt_stdio_output@@@__crt_stdio_output@@IAE_NAA_J@Z 10081730 f i libucrtd:output.obj
 0002:0002a770       ??$extract_argument_from_va_list@G_J@?$standard_base@_WV?$string_output_adapter@_W@__crt_stdio_output@@@__crt_stdio_output@@IAE_NAA_J@Z 10081770 f i libucrtd:output.obj
 0002:0002a7b0       ??$extract_argument_from_va_list@H_J@?$positional_parameter_base@DV?$stream_output_adapter@D@__crt_stdio_output@@@__crt_stdio_output@@IAE_NAA_J@Z 100817b0 f i libucrtd:output.obj
 0002:0002a970       ??$extract_argument_from_va_list@H_J@?$positional_parameter_base@DV?$string_output_adapter@D@__crt_stdio_output@@@__crt_stdio_output@@IAE_NAA_J@Z 10081970 f i libucrtd:output.obj
 0002:0002ab30       ??$extract_argument_from_va_list@H_J@?$positional_parameter_base@_WV?$stream_output_adapter@_W@__crt_stdio_output@@@__crt_stdio_output@@IAE_NAA_J@Z 10081b30 f i libucrtd:output.obj
 0002:0002acf0       ??$extract_argument_from_va_list@H_J@?$positional_parameter_base@_WV?$string_output_adapter@_W@__crt_stdio_output@@@__crt_stdio_output@@IAE_NAA_J@Z 10081cf0 f i libucrtd:output.obj
 0002:0002aeb0       ??$extract_argument_from_va_list@H_J@?$standard_base@DV?$stream_output_adapter@D@__crt_stdio_output@@@__crt_stdio_output@@IAE_NAA_J@Z 10081eb0 f i libucrtd:output.obj
 0002:0002aef0       ??$extract_argument_from_va_list@H_J@?$standard_base@DV?$string_output_adapter@D@__crt_stdio_output@@@__crt_stdio_output@@IAE_NAA_J@Z 10081ef0 f i libucrtd:output.obj
 0002:0002af30       ??$extract_argument_from_va_list@H_J@?$standard_base@_WV?$stream_output_adapter@_W@__crt_stdio_output@@@__crt_stdio_output@@IAE_NAA_J@Z 10081f30 f i libucrtd:output.obj
 0002:0002af70       ??$extract_argument_from_va_list@H_J@?$standard_base@_WV?$string_output_adapter@_W@__crt_stdio_output@@@__crt_stdio_output@@IAE_NAA_J@Z 10081f70 f i libucrtd:output.obj
 0002:0002afb0       ??$extract_argument_from_va_list@I_J@?$positional_parameter_base@DV?$stream_output_adapter@D@__crt_stdio_output@@@__crt_stdio_output@@IAE_NAA_J@Z 10081fb0 f i libucrtd:output.obj
 0002:0002b170       ??$extract_argument_from_va_list@I_J@?$positional_parameter_base@DV?$string_output_adapter@D@__crt_stdio_output@@@__crt_stdio_output@@IAE_NAA_J@Z 10082170 f i libucrtd:output.obj
 0002:0002b330       ??$extract_argument_from_va_list@I_J@?$positional_parameter_base@_WV?$stream_output_adapter@_W@__crt_stdio_output@@@__crt_stdio_output@@IAE_NAA_J@Z 10082330 f i libucrtd:output.obj
 0002:0002b4f0       ??$extract_argument_from_va_list@I_J@?$positional_parameter_base@_WV?$string_output_adapter@_W@__crt_stdio_output@@@__crt_stdio_output@@IAE_NAA_J@Z 100824f0 f i libucrtd:output.obj
 0002:0002b6b0       ??$extract_argument_from_va_list@I_J@?$standard_base@DV?$stream_output_adapter@D@__crt_stdio_output@@@__crt_stdio_output@@IAE_NAA_J@Z 100826b0 f i libucrtd:output.obj
 0002:0002b6f0       ??$extract_argument_from_va_list@I_J@?$standard_base@DV?$string_output_adapter@D@__crt_stdio_output@@@__crt_stdio_output@@IAE_NAA_J@Z 100826f0 f i libucrtd:output.obj
 0002:0002b730       ??$extract_argument_from_va_list@I_J@?$standard_base@_WV?$stream_output_adapter@_W@__crt_stdio_output@@@__crt_stdio_output@@IAE_NAA_J@Z 10082730 f i libucrtd:output.obj
 0002:0002b770       ??$extract_argument_from_va_list@I_J@?$standard_base@_WV?$string_output_adapter@_W@__crt_stdio_output@@@__crt_stdio_output@@IAE_NAA_J@Z 10082770 f i libucrtd:output.obj
 0002:0002b7b0       ??$extract_argument_from_va_list@PADPAD@?$positional_parameter_base@DV?$stream_output_adapter@D@__crt_stdio_output@@@__crt_stdio_output@@IAE_NAAPAD@Z 100827b0 f i libucrtd:output.obj
 0002:0002b960       ??$extract_argument_from_va_list@PADPAD@?$positional_parameter_base@DV?$string_output_adapter@D@__crt_stdio_output@@@__crt_stdio_output@@IAE_NAAPAD@Z 10082960 f i libucrtd:output.obj
 0002:0002bb10       ??$extract_argument_from_va_list@PADPAD@?$positional_parameter_base@_WV?$stream_output_adapter@_W@__crt_stdio_output@@@__crt_stdio_output@@IAE_NAAPAD@Z 10082b10 f i libucrtd:output.obj
 0002:0002bcd0       ??$extract_argument_from_va_list@PADPAD@?$positional_parameter_base@_WV?$string_output_adapter@_W@__crt_stdio_output@@@__crt_stdio_output@@IAE_NAAPAD@Z 10082cd0 f i libucrtd:output.obj
 0002:0002be90       ??$extract_argument_from_va_list@PADPAD@?$standard_base@DV?$stream_output_adapter@D@__crt_stdio_output@@@__crt_stdio_output@@IAE_NAAPAD@Z 10082e90 f i libucrtd:output.obj
 0002:0002bec0       ??$extract_argument_from_va_list@PADPAD@?$standard_base@DV?$string_output_adapter@D@__crt_stdio_output@@@__crt_stdio_output@@IAE_NAAPAD@Z 10082ec0 f i libucrtd:output.obj
 0002:0002bef0       ??$extract_argument_from_va_list@PADPAD@?$standard_base@_WV?$stream_output_adapter@_W@__crt_stdio_output@@@__crt_stdio_output@@IAE_NAAPAD@Z 10082ef0 f i libucrtd:output.obj
 0002:0002bf20       ??$extract_argument_from_va_list@PADPAD@?$standard_base@_WV?$string_output_adapter@_W@__crt_stdio_output@@@__crt_stdio_output@@IAE_NAAPAD@Z 10082f20 f i libucrtd:output.obj
 0002:0002bf50       ??$extract_argument_from_va_list@PAUansi_string@?1??type_case_Z@?$output_processor@DV?$stream_output_adapter@D@__crt_stdio_output@@V?$format_validation_base@DV?$stream_output_adapter@D@__crt_stdio_output@@@2@@__crt_stdio_output@@AAE_NXZ@PAU1?1??234@AAE_NXZ@@?$standard_base@DV?$stream_output_adapter@D@__crt_stdio_output@@@__crt_stdio_output@@IAE_NAAPAUansi_string@?1??type_case_Z@?$output_processor@DV?$stream_output_adapter@D@__crt_stdio_output@@V?$format_validation_base@DV?$stream_output_adapter@D@__crt_stdio_output@@@2@@1@AAE_NXZ@@Z 10082f50 f i libucrtd:output.obj
 0002:0002bf80       ??$extract_argument_from_va_list@PAUansi_string@?1??type_case_Z@?$output_processor@DV?$stream_output_adapter@D@__crt_stdio_output@@V?$positional_parameter_base@DV?$stream_output_adapter@D@__crt_stdio_output@@@2@@__crt_stdio_output@@AAE_NXZ@PAU1?1??234@AAE_NXZ@@?$positional_parameter_base@DV?$stream_output_adapter@D@__crt_stdio_output@@@__crt_stdio_output@@IAE_NAAPAUansi_string@?1??type_case_Z@?$output_processor@DV?$stream_output_adapter@D@__crt_stdio_output@@V?$positional_parameter_base@DV?$stream_output_adapter@D@__crt_stdio_output@@@2@@1@AAE_NXZ@@Z 10082f80 f i libucrtd:output.obj
 0002:0002c130       ??$extract_argument_from_va_list@PAUansi_string@?1??type_case_Z@?$output_processor@DV?$stream_output_adapter@D@__crt_stdio_output@@V?$positional_parameter_base@DV?$stream_output_adapter@D@__crt_stdio_output@@@2@@__crt_stdio_output@@AAE_NXZ@PAU1?1??234@AAE_NXZ@@?$standard_base@DV?$stream_output_adapter@D@__crt_stdio_output@@@__crt_stdio_output@@IAE_NAAPAUansi_string@?1??type_case_Z@?$output_processor@DV?$stream_output_adapter@D@__crt_stdio_output@@V?$positional_parameter_base@DV?$stream_output_adapter@D@__crt_stdio_output@@@2@@1@AAE_NXZ@@Z 10083130 f i libucrtd:output.obj
 0002:0002c160       ??$extract_argument_from_va_list@PAUansi_string@?1??type_case_Z@?$output_processor@DV?$stream_output_adapter@D@__crt_stdio_output@@V?$standard_base@DV?$stream_output_adapter@D@__crt_stdio_output@@@2@@__crt_stdio_output@@AAE_NXZ@PAU1?1??234@AAE_NXZ@@?$standard_base@DV?$stream_output_adapter@D@__crt_stdio_output@@@__crt_stdio_output@@IAE_NAAPAUansi_string@?1??type_case_Z@?$output_processor@DV?$stream_output_adapter@D@__crt_stdio_output@@V?$standard_base@DV?$stream_output_adapter@D@__crt_stdio_output@@@2@@1@AAE_NXZ@@Z 10083160 f i libucrtd:output.obj
 0002:0002c190       ??$extract_argument_from_va_list@PAUansi_string@?1??type_case_Z@?$output_processor@DV?$string_output_adapter@D@__crt_stdio_output@@V?$format_validation_base@DV?$string_output_adapter@D@__crt_stdio_output@@@2@@__crt_stdio_output@@AAE_NXZ@PAU1?1??234@AAE_NXZ@@?$standard_base@DV?$string_output_adapter@D@__crt_stdio_output@@@__crt_stdio_output@@IAE_NAAPAUansi_string@?1??type_case_Z@?$output_processor@DV?$string_output_adapter@D@__crt_stdio_output@@V?$format_validation_base@DV?$string_output_adapter@D@__crt_stdio_output@@@2@@1@AAE_NXZ@@Z 10083190 f i libucrtd:output.obj
 0002:0002c1c0       ??$extract_argument_from_va_list@PAUansi_string@?1??type_case_Z@?$output_processor@DV?$string_output_adapter@D@__crt_stdio_output@@V?$positional_parameter_base@DV?$string_output_adapter@D@__crt_stdio_output@@@2@@__crt_stdio_output@@AAE_NXZ@PAU1?1??234@AAE_NXZ@@?$positional_parameter_base@DV?$string_output_adapter@D@__crt_stdio_output@@@__crt_stdio_output@@IAE_NAAPAUansi_string@?1??type_case_Z@?$output_processor@DV?$string_output_adapter@D@__crt_stdio_output@@V?$positional_parameter_base@DV?$string_output_adapter@D@__crt_stdio_output@@@2@@1@AAE_NXZ@@Z 100831c0 f i libucrtd:output.obj
[...]
 0004:00000200       __ctype_loc_style          10136200     libucrtd:wsetlocale.obj
 0004:000005d0       __mbctypes                 101365d0     libucrtd:mbctype.obj
 0004:00000708       __mbcasemaps               10136708     libucrtd:mbctype.obj
 0004:0000083c       ?__rgctypeflag@@3PADA      1013683c     libucrtd:mbctype.obj
 0004:00000840       ?__rgcode_page_info@@3PAUcode_page_info@@A 10136840     libucrtd:mbctype.obj
 0004:00000b20       ?__DAZ_ENABLED@?1??__set_fpsr_sse2@@9@9 10136b20     libucrtd:fpctrl.obj
 0004:00000b24       ?__dcrt_lowio_console_output_handle@@3PAXA 10136b24     libucrtd:initcon.obj
 0004:00000fc4       ?init@?1??_RTC_InitBase@@9@4_NA 10136fc4     LIBCMTD:init.obj
 0004:00000fc8       ?__proc_attached@@3HA      10136fc8     LIBCMTD:dll_dllmain.obj
 0004:00000fdc       ?_RTC_ErrorReportFunc@@3P6AHHPBDH00ZZA 10136fdc     LIBCMTD:userapi.obj
 0004:00000fe0       ?_RTC_ErrorReportFuncW@@3P6AHHPB_WH00ZZA 10136fe0     LIBCMTD:userapi.obj
 0004:0000100c       ?is_initialized_as_dll@@3_NA 1013700c     LIBCMTD:utility.obj
 0004:0000100d       ?module_local_atexit_table_initialized@@3_NA 1013700d     LIBCMTD:utility.obj
 0004:00001010       ?module_local_atexit_table@@3U_onexit_table_t@@A 10137010     LIBCMTD:utility.obj
 0004:0000101c       ?module_local_at_quick_exit_table@@3U_onexit_table_t@@A 1013701c     LIBCMTD:utility.obj
 0004:00001038       ?mspdb@@3PAUHINSTANCE__@@A 10137038     LIBCMTD:pdblkup.obj
 0004:0000103c       ?alreadyTried@?1??GetPdbDll@@YAPAUHINSTANCE__@@XZ@4_NA 1013703c     LIBCMTD:pdblkup.obj
 0004:0000103d       ?PDBOK@?1??_RTC_GetSrcLine@@YAHPAEPA_WKPAH1K@Z@4_NA 1013703d     LIBCMTD:pdblkup.obj
 0004:00001050       _GS_ExceptionRecord        10137050     LIBCMTD:gs_report.obj
 0004:000010a0       _GS_ContextRecord          101370a0     LIBCMTD:gs_report.obj
 0004:00001438       ?heap@@3V_HeapManager@@A   10137438     libvcruntimed:undname.obj
 0004:00001458       ?__vcrt_startup_thread_ptd@@3U__vcrt_ptd@@A 10137458     libvcruntimed:per_thread_data.obj
 0004:00001488       ___vcrt_lock_table         10137488     libvcruntimed:locks.obj
 0004:000014a0       ___vcrt_locks_initialized  101374a0     libvcruntimed:locks.obj
 0004:000014ac       ?module_handles@@3PAPAUHINSTANCE__@@A 101374ac     libvcruntimed:winapi_downlevel.obj
 0004:000014b8       ?function_pointers@@3PAPAXA 101374b8     libvcruntimed:winapi_downlevel.obj
 0004:000014d8       ?c_termination_complete@@3JA 101374d8     libucrtd:exit.obj
 0004:000014dc       ?thread_local_exit_callback_func@@3P6GXPAXK0@ZA 101374dc     libucrtd:exit.obj
 0004:000014e0       ?c_exit_complete@?1???R<lambda_6e4b09c48022b2350581041d5f6b0c4c>@@QBE@XZ@4_NA 101374e0     libucrtd:exit.obj
 0004:000014e8       ?program_name@?1???$common_configure_argv@D@@YAHW4_crt_argv_mode@@@Z@4PADA 101374e8     libucrtd:argv_parsing.obj
 0004:00001628       ?program_name@?1???$common_configure_argv@_W@@YAHW4_crt_argv_mode@@@Z@4PA_WA 10137628     libucrtd:argv_parsing.obj
 0004:000018d0       ?__acrt_first_block@@3PAU_CrtMemBlockHeader@@A 101378d0     libucrtd:debug_heap.obj
 0004:000018d4       ?__acrt_last_block@@3PAU_CrtMemBlockHeader@@A 101378d4     libucrtd:debug_heap.obj
 0004:000018d8       ?__acrt_total_allocations@@3IA 101378d8     libucrtd:debug_heap.obj
 0004:000018dc       ?__acrt_current_allocations@@3IA 101378dc     libucrtd:debug_heap.obj
 0004:000018e0       ?__acrt_max_allocations@@3IA 101378e0     libucrtd:debug_heap.obj
 0004:000018e4       ?__acrt_check_frequency@@3IA 101378e4     libucrtd:debug_heap.obj
 0004:000018e8       ?__acrt_check_counter@@3IA 101378e8     libucrtd:debug_heap.obj
 0004:000018f0       ?heap_validation_pending@@3_NA 101378f0     libucrtd:debug_heap.obj
 0004:000018f4       ?__acrt_invalid_parameter_handler@@3V?$dual_state_global@P6AXPB_W00II@Z@__crt_state_management@@A 101378f4     libucrtd:invalid_parameter.obj
 0004:00001908       ?__acrt_lock_table@@3PAU_RTL_CRITICAL_SECTION@@A 10137908     libucrtd:locks.obj
 0004:00001a70       ?__acrt_locks_initialized@@3IA 10137a70     libucrtd:locks.obj
 0004:00001abc       ?console_ctrl_handler_installed@@3_NA 10137abc     libucrtd:signal.obj
 0004:00001ac0       ?ctrlc_action@@3V?$dual_state_global@P6AXH@Z@__crt_state_management@@A 10137ac0     libucrtd:signal.obj
 0004:00001ac4       ?ctrlbreak_action@@3V?$dual_state_global@P6AXH@Z@__crt_state_management@@A 10137ac4     libucrtd:signal.obj
 0004:00001ac8       ?abort_action@@3V?$dual_state_global@P6AXH@Z@__crt_state_management@@A 10137ac8     libucrtd:signal.obj
 0004:00001acc       ?term_action@@3V?$dual_state_global@P6AXH@Z@__crt_state_management@@A 10137acc     libucrtd:signal.obj
 0004:00001ad4       ?internal_state@?1??_mbtowc_internal@@9@4U_Mbstatet@@A 10137ad4     libucrtd:mbtowc.obj
 0004:00001ae0       ?internal_pst@?1??__mbrtoc32_utf8@__crt_mbstring@@YAIPA_UPBDIPAU_Mbstatet@@AAV__crt_cached_ptd_host@@@Z@4U3@A 10137ae0     libucrtd:mbrtoc32.obj
 0004:00001aec       ?internal_pst@?1??__c16rtomb_utf8@__crt_mbstring@@YAIPAD_SPAU_Mbstatet@@AAV__crt_cached_ptd_host@@@Z@4U3@A 10137aec     libucrtd:c16rtomb.obj
 0004:00001af8       ?mbst@?1??mbrlen@@9@4U_Mbstatet@@A 10137af8     libucrtd:mbrtowc.obj
 0004:00001b04       ?mbst@?1??mbrtowc@@9@4U_Mbstatet@@A 10137b04     libucrtd:mbrtowc.obj
 0004:00001b10       ?mbst@?1??_mbsrtowcs_helper@@YAIPA_WPAPBDIPAU_Mbstatet@@AAV__crt_cached_ptd_host@@@Z@4U2@A 10137b10     libucrtd:mbrtowc.obj
 0004:00001b2c       ?enable_percent_n@@3IA     10137b2c     libucrtd:printf_count_output.obj
 0004:00001db4       ?state_cache@?1???$get_cached_win_policy@Ubegin_thread_init_policy_properties@?1??__acrt_get_begin_thread_init_policy@@YA?AW4begin_thread_init_policy@@XZ@@@YA?AW4begin_thread_init_policy@@W4AppPolicyThreadInitializationType@@@Z@4JA 10137db4     libucrtd:win_policies.obj
 0004:00001db8       ?state_cache@?1???$get_cached_win_policy@Udeveloper_information_policy_properties@?1??__acrt_get_developer_information_policy@@YA?AW4developer_information_policy@@XZ@@@YA?AW4developer_information_policy@@W4AppPolicyShowDeveloperDiagnostic@@@Z@4JA 10137db8     libucrtd:win_policies.obj
 0004:00001dbc       ?state_cache@?1???$get_cached_win_policy@Uwindowing_model_policy_properties@?1??__acrt_get_windowing_model_policy@@YA?AW4windowing_model_policy@@XZ@@@YA?AW4windowing_model_policy@@W4AppPolicyWindowingModel@@@Z@4JA 10137dbc     libucrtd:win_policies.obj
 0004:00001dcc       ?fSystemSet@@3HA           10137dcc     libucrtd:mbctype.obj
 0004:00001dd3       ?initialized@?1??__acrt_initialize_multibyte@@9@4_NA 10137dd3     libucrtd:mbctype.obj
 0004:00001df0       ?module_handles@@3PAPAUHINSTANCE__@@A 10137df0     libucrtd:winapi_thunks.obj
 0004:00001e60       ?static_enum_proc@?1??enum_system_locales_ex_nolock@@YAHQ6GHPA_WKJ@Z@Z@4P6GH0KJ@ZA 10137e60     libucrtd:winapi_thunks.obj
 0004:00001e68       ?__acrt_new_handler@@3V?$dual_state_global@P6AHI@Z@__crt_state_management@@A 10137e68     libucrtd:new_handler.obj
 0004:00001e6c       ?user_matherr@@3V?$dual_state_global@P6AHPAU_exception@@@Z@__crt_state_management@@A 10137e6c     libucrtd:matherr.obj
 0004:00001e70       ?__acrt_global_new_mode@@3V?$dual_state_global@J@__crt_state_management@@A 10137e70     libucrtd:new_mode.obj
 0004:00001e74       ?__acrt_app_type@@3W4_crt_app_type@@A 10137e74     libucrtd:report_runtime_error.obj
 0004:00001e78       ?outmsg@?9??__acrt_report_runtime_error@@9@4PA_WA 10137e78     libucrtd:report_runtime_error.obj
 0004:000025e0       ___acrt_error_mode         101385e0     libucrtd:set_error_mode.obj
 0004:000025e4       ?local_state@?7??_wcrtomb_internal@@YAHQAHQADI_WQAU_Mbstatet@@AAV__crt_cached_ptd_host@@@Z@4U2@A 101385e4     libucrtd:wcrtomb.obj
 0004:000025f0       __pmatherr_set             101385f0     libucrtd:libm_error.obj
 0005:00000a9a       .idata$6                   10139a9a     kernel32:KERNEL32.dll
 0007:00000000       __B7CF36DC_SharedDLL_x86_debug@pch 1013b000     dllmain.obj
 0007:00000001       __261B6A79_dllmain@cpp     1013b001     dllmain.obj
 0007:00000002       __ABF08CC8_pch@h           1013b002     dllmain.obj
 0007:00000003       __9442DE96_pch@cpp         1013b003     dllmain.obj
 0007:00000004       __4C2AD0C7_winpackagefamily@h 1013b004     pch.obj
 0007:00000005       __9DED9ED1_winapifamily@h  1013b005     pch.obj
 0007:00000006       __12FEDF4E_sdkddkver@h     1013b006     pch.obj
 0007:00000007       __3A77C584_concurrencysal@h 1013b007     pch.obj
 0007:00000008       __7D61E6FE_sal@h           1013b008     pch.obj
 0007:00000009       __F85DFF2E_vadefs@h        1013b009     pch.obj
 0007:0000000a       __E62C82FD_vcruntime@h     1013b00a     pch.obj
 0007:0000000b       __175159AA_excpt@h         1013b00b     pch.obj
 0007:0000000c       __B48F2F87_stdarg@h        1013b00c     pch.obj
 0007:0000000d       __6B04FCB3_specstrings_undef@h 1013b00d     pch.obj
 0007:0000000e       __F4027AF7_specstrings_strict@h 1013b00e     pch.obj
 0007:0000000f       __B90340D4_sdv_driverspecs@h 1013b00f     pch.obj
 0007:00000010       __BFFF5AD3_driverspecs@h   1013b010     pch.obj
 0007:00000011       __32847078_specstrings@h   1013b011     pch.obj
 0007:00000012       __735960E1_corecrt@h       1013b012     pch.obj
 0007:00000013       __108B2620_corecrt_wctype@h 1013b013     pch.obj
 0007:00000014       __6CD6613D_ctype@h         1013b014     pch.obj
 0007:00000015       __30902A1F_kernelspecs@h   1013b015     pch.obj
 0007:00000016       __376FD5CA_basetsd@h       1013b016     pch.obj
 0007:00000017       __13DE2371_errno@h         1013b017     pch.obj
 0007:00000018       __731D38DD_vcruntime_string@h 1013b018     pch.obj
 0007:00000019       __8ACB2152_corecrt_memcpy_s@h 1013b019     pch.obj
 0007:0000001a       __EA6C9D17_corecrt_memory@h 1013b01a     pch.obj
 0007:0000001b       __0DF2AF52_corecrt_wstring@h 1013b01b     pch.obj
 0007:0000001c       __6E889ECC_string@h        1013b01c     pch.obj
 0007:0000001d       __9BEDF4DE_guiddef@h       1013b01d     pch.obj
 0007:0000001e       __51BFD2FE_pshpack4@h      1013b01e     pch.obj
 0007:0000001f       __31652CEA_poppack@h       1013b01f     pch.obj
 0007:00000020       __5532AE4C_pshpack2@h      1013b020     pch.obj
 0007:00000021       __58A52B9A_pshpack8@h      1013b021     pch.obj
 0007:00000022       __57741015_pshpack1@h      1013b022     pch.obj
 0007:00000023       __CDE68C90_apiset@h        1013b023     pch.obj
 0007:00000024       __0BF06E8D_ktmtypes@h      1013b024     pch.obj
 0007:00000025       __40C200C0_winnt@h         1013b025     pch.obj
 0007:00000026       __9336F789_minwindef@h     1013b026     pch.obj
 0007:00000027       __55136115_windef@h        1013b027     pch.obj
 0007:00000028       __32205BF0_apisetcconv@h   1013b028     pch.obj
 0007:00000029       __B48FDEA0_minwinbase@h    1013b029     pch.obj
 0007:0000002a       __3551B028_apiquery2@h     1013b02a     pch.obj
 0007:0000002b       __65BE04AA_processenv@h    1013b02b     pch.obj
 0007:0000002c       __4767CA46_fileapi@h       1013b02c     pch.obj
 0007:0000002d       __282E6C4B_fileapifromapp@h 1013b02d     pch.obj
 0007:0000002e       __393AF12C_debugapi@h      1013b02e     pch.obj
 0007:0000002f       __EBC502B8_utilapiset@h    1013b02f     pch.obj
 0007:00000030       __1EAD8C69_handleapi@h     1013b030     pch.obj
 0007:00000031       __D8EF9B29_errhandlingapi@h 1013b031     pch.obj
 0007:00000032       __97FC1204_fibersapi@h     1013b032     pch.obj
 0007:00000033       __27448220_namedpipeapi@h  1013b033     pch.obj
 0007:00000034       __6EA33B2A_profileapi@h    1013b034     pch.obj
 0007:00000035       __EAC6F673_heapapi@h       1013b035     pch.obj
 0007:00000036       __D64EEA5A_ioapiset@h      1013b036     pch.obj
 0007:00000037       __144BD4B6_synchapi@h      1013b037     pch.obj
 0007:00000038       __03B1C640_interlockedapi@h 1013b038     pch.obj
 0007:00000039       __DC64CB38_processthreadsapi@h 1013b039     pch.obj
 0007:0000003a       __D719B518_sysinfoapi@h    1013b03a     pch.obj
 0007:0000003b       __410385B1_memoryapi@h     1013b03b     pch.obj
 0007:0000003c       __C1AD45EF_enclaveapi@h    1013b03c     pch.obj
 0007:0000003d       __F4C3AA32_threadpoollegacyapiset@h 1013b03d     pch.obj
 0007:0000003e       __AC5A7A9F_threadpoolapiset@h 1013b03e     pch.obj
 0007:0000003f       __F5254B21_jobapi@h        1013b03f     pch.obj
 0007:00000040       __BCEA6EE8_jobapi2@h       1013b040     pch.obj
 0007:00000041       __D18ACE72_wow64apiset@h   1013b041     pch.obj
 0007:00000042       __669B0D4A_libloaderapi@h  1013b042     pch.obj
 0007:00000043       __645F7034_securitybaseapi@h 1013b043     pch.obj
 0007:00000044       __67E58557_namespaceapi@h  1013b044     pch.obj
 0007:00000045       __599D9D3A_systemtopologyapi@h 1013b045     pch.obj
 0007:00000046       __2337E373_processtopologyapi@h 1013b046     pch.obj
 0007:00000047       __02BFF239_securityappcontainer@h 1013b047     pch.obj
 0007:00000048       __9C196272_realtimeapiset@h 1013b048     pch.obj
 0007:00000049       __5AB313A4_winerror@h      1013b049     pch.obj
 0007:0000004a       __B7E7187B_timezoneapi@h   1013b04a     pch.obj
 0007:0000004b       __6DE9EB6F_winbase@h       1013b04b     pch.obj
 0007:0000004c       __56B2AFF2_wingdi@h        1013b04c     pch.obj
 0007:0000004d       __BA1161A9_tvout@h         1013b04d     pch.obj
 0007:0000004e       __0501A018_winuser@h       1013b04e     pch.obj
 0007:0000004f       __EF12FA99_datetimeapi@h   1013b04f     pch.obj
 0007:00000050       __8FA7C3CA_winnls@h        1013b050     pch.obj
 0007:00000051       __390F0C47_stringapiset@h  1013b051     pch.obj
 0007:00000052       __28605B0A_wincontypes@h   1013b052     pch.obj
 0007:00000053       __BFBDE86D_consoleapi@h    1013b053     pch.obj
 0007:00000054       __C3CAFBF0_consoleapi2@h   1013b054     pch.obj
 0007:00000055       __C20891C7_consoleapi3@h   1013b055     pch.obj
 0007:00000056       __717C98B6_wincon@h        1013b056     pch.obj
 0007:00000057       __2884C177_verrsrc@h       1013b057     pch.obj
 0007:00000058       __A3FD3A34_winver@h        1013b058     pch.obj
 0007:00000059       __6F8AD9F1_reason@h        1013b059     pch.obj
 0007:0000005a       __4C90FD6F_winreg@h        1013b05a     pch.obj
 0007:0000005b       __68AFEBAD_wnnc@h          1013b05b     pch.obj
 0007:0000005c       __5A7AB086_winnetwk@h      1013b05c     pch.obj
 0007:0000005d       __859C3CD3_cderr@h         1013b05d     pch.obj
 0007:0000005e       __81B12F1A_dde@h           1013b05e     pch.obj
 0007:0000005f       __DD3AF97A_ddeml@h         1013b05f     pch.obj
 0007:00000060       __E6B47715_dlgs@h          1013b060     pch.obj
 0007:00000061       __944BD57D_lzexpand@h      1013b061     pch.obj
 0007:00000062       __E4B2DFC7_mmsyscom@h      1013b062     pch.obj
 0007:00000063       __5287D88F_mciapi@h        1013b063     pch.obj
 0007:00000064       __DBDC1384_mmiscapi@h      1013b064     pch.obj
 0007:00000065       __1A78C0D7_mmiscapi2@h     1013b065     pch.obj
 0007:00000066       __0D05975C_playsoundapi@h  1013b066     pch.obj
 0007:00000067       __757A63A9_mmeapi@h        1013b067     pch.obj
 0007:00000068       __6326AB05_timeapi@h       1013b068     pch.obj
 0007:00000069       __77D483B2_joystickapi@h   1013b069     pch.obj
 0007:0000006a       __59CF7431_mmsystem@h      1013b06a     pch.obj
 0007:0000006b       __CEAC417E_nb30@h          1013b06b     pch.obj
 0007:0000006c       __3BA1A118_rpcdcep@h       1013b06c     pch.obj
 0007:0000006d       __74064437_rpcdce@h        1013b06d     pch.obj
 0007:0000006e       __90546602_rpcnsi@h        1013b06e     pch.obj
 0007:0000006f       __83114A2C_rpcnterr@h      1013b06f     pch.obj
 0007:00000070       __CA67519E_rpcasync@h      1013b070     pch.obj
 0007:00000071       __D8CEBCD8_rpc@h           1013b071     pch.obj
 0007:00000072       __9F43AC2D_shellapi@h      1013b072     pch.obj
 0007:00000073       __6C8D3703_winperf@h       1013b073     pch.obj
 0007:00000074       __AB40A29E_inaddr@h        1013b074     pch.obj
 0007:00000075       __40D4FEA5_winsock@h       1013b075     pch.obj
 0007:00000076       __51394074_bcrypt@h        1013b076     pch.obj
 0007:00000077       __F177C154_ncrypt@h        1013b077     pch.obj
 0007:00000078       __1445529E_dpapi@h         1013b078     pch.obj
 0007:00000079       __5743FB20_wincrypt@h      1013b079     pch.obj
 0007:0000007a       __97CA12BF_winefs@h        1013b07a     pch.obj
 0007:0000007b       __6DF63719_rpcnsip@h       1013b07b     pch.obj
 0007:0000007c       __031EFCA1_rpcsal@h        1013b07c     pch.obj
 0007:0000007d       __BA08D1DA_rpcndr@h        1013b07d     pch.obj
 0007:0000007e       __3A941F83_wtypesbase@h    1013b07e     pch.obj
 0007:0000007f       __C244FEE1_wtypes@h        1013b07f     pch.obj
 0007:00000080       __FB7C5F97_winioctl@h      1013b080     pch.obj
 0007:00000081       __4B65E4AC_winsmcrd@h      1013b081     pch.obj
 0007:00000082       __1EA80168_winscard@h      1013b082     pch.obj
 0007:00000083       __516FC0F9_prsht@h         1013b083     pch.obj
 0007:00000084       __88BA11C6_winspool@h      1013b084     pch.obj
 0007:00000085       __211DB995_corecrt_malloc@h 1013b085     pch.obj
 0007:00000086       __955456CD_stddef@h        1013b086     pch.obj
 0007:00000087       __99AED4FB_corecrt_search@h 1013b087     pch.obj
 0007:00000088       __8B813BF6_corecrt_wstdlib@h 1013b088     pch.obj
 0007:00000089       __3E26BF77_limits@h        1013b089     pch.obj
 0007:0000008a       __E8FB0A68_stdlib@h        1013b08a     pch.obj
 0007:0000008b       __18DB4C56_unknwnbase@h    1013b08b     pch.obj
 0007:0000008c       __1AE6FA1A_objidlbase@h    1013b08c     pch.obj
 0007:0000008d       __7F98E437_cguid@h         1013b08d     pch.obj
 0007:0000008e       __6B2DFB49_combaseapi@h    1013b08e     pch.obj
 0007:0000008f       __CB0E8B37_unknwn@h        1013b08f     pch.obj
 0007:00000090       __D981EF0A_objidl@h        1013b090     pch.obj
 0007:00000091       __37089EB8_oaidl@h         1013b091     pch.obj
 0007:00000092       __CA2DDD8B_propidlbase@h   1013b092     pch.obj
 0007:00000093       __39ED323E_coml2api@h      1013b093     pch.obj
 0007:00000094       __78E82682_oleidl@h        1013b094     pch.obj
 0007:00000095       __97883CFE_servprov@h      1013b095     pch.obj
 0007:00000096       __CE01DDB9_msxml@h         1013b096     pch.obj
 0007:00000097       __A4784895_urlmon@h        1013b097     pch.obj
 0007:00000098       __325F1C97_propidl@h       1013b098     pch.obj
 0007:00000099       __D3D43343_objbase@h       1013b099     pch.obj
 0007:0000009a       __B3A2AF1B_oleauto@h       1013b09a     pch.obj
 0007:0000009b       __5722A8AA_ole2@h          1013b09b     pch.obj
 0007:0000009c       __590A450A_commdlg@h       1013b09c     pch.obj
 0007:0000009d       __2FE8A10C_stralign@h      1013b09d     pch.obj
 0007:0000009e       __34558472_winsvc@h        1013b09e     pch.obj
 0007:0000009f       __058845F1_mcx@h           1013b09f     pch.obj
 0007:000000a0       __7F16006B_ime_cmodes@h    1013b0a0     pch.obj
 0007:000000a1       __0A3AF599_imm@h           1013b0a1     pch.obj
 0007:000000a2       __11B87C25_Windows@h       1013b0a2     pch.obj
 0007:000000a3       __10229E73_initguid@h      1013b0a3     pch.obj
 0007:000000a4       __60B45B40_corecrt_stdio_config@h 1013b0a4     pch.obj
 0007:000000a5       __CFA3741E_corecrt_wstdio@h 1013b0a5     pch.obj
 0007:000000a6       __B3FE3303_stdio@h         1013b0a6     pch.obj
 0007:000000a7       __FE30E2D2_framework@h     1013b0a7     pch.obj
 0007:000000a8       __ABF08CC8_pch@h           1013b0a8     pch.obj
 0007:000000a9       __B7CF36DC_SharedDLL_x86_debug@pch 1013b0a9     pch.obj
 0007:000000aa       __9442DE96_pch@cpp         1013b0aa     pch.obj
 0009:00000000       ?function_pointers@@3PAPAXA 1013d000     libucrtd:winapi_thunks.obj
 000a:00000170       $R000000                   1013e170     * linker generated manifest res *
