 SharedDLL_x64_release

 Timestamp is 6791fd01 (Thu Jan 23 17:25:37 2025)

 Preferred load address is 0000000180000000

 Start         Length     Name                   Class
 0001:00000000 0000bc70H .text$mn                CODE
 0001:0000bc70 00000060H .text$mn$00             CODE
 0001:0000bcd0 00000b00H .text$mn$21             CODE
 0001:0000c7d0 00000490H .text$x                 CODE
 0002:00000000 00000258H .idata$5                DATA
 0002:00000258 00000038H .00cfg                  DATA
 0002:00000290 00000008H .CRT$XCA                DATA
 0002:00000298 00000008H .CRT$XCZ                DATA
 0002:000002a0 00000008H .CRT$XIA                DATA
 0002:000002a8 00000018H .CRT$XIC                DATA
 0002:000002c0 00000008H .CRT$XIZ                DATA
 0002:000002c8 00000008H .CRT$XPA                DATA
 0002:000002d0 00000010H .CRT$XPX                DATA
 0002:000002e0 00000008H .CRT$XPXA               DATA
 0002:000002e8 00000008H .CRT$XPZ                DATA
 0002:000002f0 00000008H .CRT$XTA                DATA
 0002:000002f8 00000008H .CRT$XTZ                DATA
 0002:00000300 00000000H .gehcont$y              DATA
 0002:00000300 00000000H .gfids$y                DATA
 0002:00000300 00007770H .rdata                  DATA
 0002:00007a70 00000190H .rdata$00               DATA
 0002:00007c00 00000000H .rdata$CastGuardVftablesA DATA
 0002:00007c00 00000000H .rdata$CastGuardVftablesC DATA
 0002:00007c00 0000016cH .rdata$r                DATA
 0002:00007d6c 000000f4H .rdata$voltmd           DATA
 0002:00007e60 000003f8H .rdata$zzzdbg           DATA
 0002:00008258 00000008H .rtc$IAA                DATA
 0002:00008260 00000008H .rtc$IZZ                DATA
 0002:00008268 00000008H .rtc$TAA                DATA
 0002:00008270 00000008H .rtc$TZZ                DATA
 0002:00008278 00000dc0H .xdata                  DATA
 0002:00009038 00000088H .xdata$x                DATA
 0002:000090c0 0000006cH .edata                  DATA
 0002:0000912c 00000014H .idata$2                DATA
 0002:00009140 00000018H .idata$3                DATA
 0002:00009158 00000258H .idata$4                DATA
 0002:000093b0 0000056eH .idata$6                DATA
 0003:00000000 00000a20H .data                   DATA
 0003:00000a20 00000050H .data$r                 DATA
 0003:00000a70 00000020H .data$rs                DATA
 0003:00000a90 00001100H .bss                    DATA
 0004:00000000 00000f0cH .pdata                  DATA
 0005:00000000 00000100H .fptable                DATA
 0006:00000000 00000024H Shared                  DATA
 0007:00000000 00000060H .rsrc$01                DATA
 0007:00000060 00000098H .rsrc$02                DATA

  Address         Publics by Value              Rva+Base               Lib:Object

 0000:00000000       __AbsoluteZero             0000000000000000     <absolute>
 0000:00000000       ___safe_se_handler_count   0000000000000000     <absolute>
 0000:00000000       ___safe_se_handler_table   0000000000000000     <absolute>
 0000:00000000       __arm64x_extra_rfe_table   0000000000000000     <absolute>
 0000:00000000       __arm64x_extra_rfe_table_size 0000000000000000     <absolute>
 0000:00000000       __arm64x_native_entrypoint 0000000000000000     <absolute>
 0000:00000000       __arm64x_redirection_metadata 0000000000000000     <absolute>
 0000:00000000       __arm64x_redirection_metadata_count 0000000000000000     <absolute>
 0000:00000000       __dynamic_value_reloc_table 0000000000000000     <absolute>
 0000:00000000       __enclave_config           0000000000000000     <absolute>
 0000:00000000       __guard_check_icall_a64n_fptr 0000000000000000     <absolute>
 0000:00000000       __guard_eh_cont_count      0000000000000000     <absolute>
 0000:00000000       __guard_eh_cont_table      0000000000000000     <absolute>
 0000:00000000       __guard_fids_count         0000000000000000     <absolute>
 0000:00000000       __guard_fids_table         0000000000000000     <absolute>
 0000:00000000       __guard_iat_count          0000000000000000     <absolute>
 0000:00000000       __guard_iat_table          0000000000000000     <absolute>
 0000:00000000       __guard_longjmp_count      0000000000000000     <absolute>
 0000:00000000       __guard_longjmp_table      0000000000000000     <absolute>
 0000:00000000       __hybrid_auxiliary_delayload_iat 0000000000000000     <absolute>
 0000:00000000       __hybrid_auxiliary_delayload_iat_copy 0000000000000000     <absolute>
 0000:00000000       __hybrid_auxiliary_iat     0000000000000000     <absolute>
 0000:00000000       __hybrid_auxiliary_iat_copy 0000000000000000     <absolute>
 0000:00000000       __hybrid_code_map          0000000000000000     <absolute>
 0000:00000000       __hybrid_code_map_count    0000000000000000     <absolute>
 0000:00000000       __hybrid_image_info_bitfield 0000000000000000     <absolute>
 0000:00000000       __x64_code_ranges_to_entry_points 0000000000000000     <absolute>
 0000:00000000       __x64_code_ranges_to_entry_points_count 0000000000000000     <absolute>
 0000:00000100       __guard_flags              0000000000000100     <absolute>
 0000:00000000       __ImageBase                0000000180000000     <linker-defined>
 0001:00000000       DllMain                    0000000180001000 f   dllmain.obj
 0001:00000000       _get_startup_argv_mode     0000000180001000 f   LIBCMT:argv_mode.obj
 0001:00000010       GetDllString               0000000180001010 f   dllmain.obj
 0001:00000030       DllCreateInstance          0000000180001030 f   dllmain.obj
 0001:00000050       __security_check_cookie    0000000180001050 f   LIBCMT:amdsecgs.obj
 0001:00000380       _DllMainCRTStartup         0000000180001380 f   LIBCMT:dll_dllmain.obj
 0001:000003c0       __raise_securityfailure    00000001800013c0 f   LIBCMT:gs_report.obj
 0001:000003f4       __report_gsfailure         00000001800013f4 f   LIBCMT:gs_report.obj
 0001:0000053c       __security_init_cookie     000000018000153c f   LIBCMT:gs_support.obj
 0001:000005e8       ?__scrt_initialize_type_info@@YAXXZ 00000001800015e8 f   LIBCMT:tncleanup.obj
 0001:000005f8       ?__scrt_uninitialize_type_info@@YAXXZ 00000001800015f8 f   LIBCMT:tncleanup.obj
 0001:00000604       __local_stdio_printf_options 0000000180001604 f i LIBCMT:default_local_stdio_options.obj
 0001:0000060c       __local_stdio_scanf_options 000000018000160c f i LIBCMT:default_local_stdio_options.obj
 0001:00000614       __scrt_initialize_default_local_stdio_options 0000000180001614 f   LIBCMT:default_local_stdio_options.obj
 0001:00000630       __scrt_acquire_startup_lock 0000000180001630 f   LIBCMT:utility.obj
 0001:0000066c       __scrt_dllmain_after_initialize_c 000000018000166c f   LIBCMT:utility.obj
 0001:000006a0       __scrt_dllmain_before_initialize_c 00000001800016a0 f   LIBCMT:utility.obj
 0001:000006b8       __scrt_dllmain_crt_thread_attach 00000001800016b8 f   LIBCMT:utility.obj
 0001:000006e0       __scrt_dllmain_crt_thread_detach 00000001800016e0 f   LIBCMT:utility.obj
 0001:000006f8       __scrt_dllmain_exception_filter 00000001800016f8 f   LIBCMT:utility.obj
 0001:00000758       __scrt_dllmain_uninitialize_c 0000000180001758 f   LIBCMT:utility.obj
 0001:00000788       __scrt_dllmain_uninitialize_critical 0000000180001788 f   LIBCMT:utility.obj
 0001:0000079c       __scrt_initialize_crt      000000018000179c f   LIBCMT:utility.obj
 0001:000007d8       __scrt_initialize_onexit_tables 00000001800017d8 f   LIBCMT:utility.obj
 0001:00000864       __scrt_is_nonwritable_in_current_image 0000000180001864 f   LIBCMT:utility.obj
 0001:000008fc       __scrt_release_startup_lock 00000001800018fc f   LIBCMT:utility.obj
 0001:00000920       __scrt_uninitialize_crt    0000000180001920 f   LIBCMT:utility.obj
 0001:0000094c       __scrt_get_dyn_tls_init_callback 000000018000194c f   LIBCMT:dyn_tls_init.obj
 0001:00000954       __crt_debugger_hook        0000000180001954 f   LIBCMT:utility_desktop.obj
 0001:0000095c       __scrt_fastfail            000000018000195c f   LIBCMT:utility_desktop.obj
 0001:00000aa4       _RTC_Initialize            0000000180001aa4 f   LIBCMT:initsect.obj
 0001:00000ae0       _RTC_Terminate             0000000180001ae0 f   LIBCMT:initsect.obj
 0001:00000b1c       _guard_check_icall_nop     0000000180001b1c f i LIBCMT:guard_support.obj
 0001:00000b20       __isa_available_init       0000000180001b20 f   LIBCMT:cpu_disp.obj
 0001:00000dec       __scrt_is_ucrt_dll_in_use  0000000180001dec f   LIBCMT:ucrt_detection.obj
 0001:00000e00       __C_specific_handler       0000000180001e00 f   libvcruntime:riscchandler.obj
 0001:00001018       __std_type_info_compare    0000000180002018 f   libvcruntime:std_type_info.obj
 0001:00001040       __std_type_info_destroy_list 0000000180002040 f   libvcruntime:std_type_info.obj
 0001:0000106c       __vcrt_initialize          000000018000206c f   libvcruntime:initialization.obj
 0001:00001094       __vcrt_thread_attach       0000000180002094 f   libvcruntime:initialization.obj
 0001:000010a8       __vcrt_thread_detach       00000001800020a8 f   libvcruntime:initialization.obj
 0001:000010b8       __vcrt_uninitialize        00000001800020b8 f   libvcruntime:initialization.obj
 0001:000010d4       __vcrt_uninitialize_critical 00000001800020d4 f   libvcruntime:initialization.obj
 0001:000010e4       __DestructExceptionObject  00000001800020e4 f   libvcruntime:ehhelpers.obj
 0001:00001154       ?_CallMemberFunction0@@YAXQEAX0@Z 0000000180002154 f i libvcruntime:ehhelpers.obj
 0001:00001158       _IsExceptionObjectToBeDestroyed 0000000180002158 f   libvcruntime:ehhelpers.obj
 0001:00001188       __AdjustPointer            0000000180002188 f   libvcruntime:ehhelpers.obj
 0001:000011ac       __FrameUnwindFilter        00000001800021ac f   libvcruntime:ehhelpers.obj
 0001:00001214       __std_terminate            0000000180002214 f   libvcruntime:ehhelpers.obj
 0001:00001250       _NLG_Notify                0000000180002250 f   libvcruntime:notify.obj
 0001:00001270       __NLG_Dispatch2            0000000180002270 f   libvcruntime:notify.obj
 0001:00001280       __NLG_Return2              0000000180002280 f   libvcruntime:notify.obj
 0001:00001284       __except_validate_context_record 0000000180002284 f   libvcruntime:jbcxrval.obj
 0001:000012bc       __vcrt_freefls             00000001800022bc f   libvcruntime:per_thread_data.obj
 0001:000012dc       __vcrt_freeptd_for_this_thread 00000001800022dc f   libvcruntime:per_thread_data.obj
 0001:00001324       __vcrt_getptd              0000000180002324 f   libvcruntime:per_thread_data.obj
 0001:00001340       __vcrt_getptd_noexit       0000000180002340 f   libvcruntime:per_thread_data.obj
 0001:00001400       __vcrt_initialize_ptd      0000000180002400 f   libvcruntime:per_thread_data.obj
 0001:00001448       __vcrt_uninitialize_ptd    0000000180002448 f   libvcruntime:per_thread_data.obj
 0001:0000146c       __vcrt_initialize_locks    000000018000246c f   libvcruntime:locks.obj
 0001:000014b4       __vcrt_uninitialize_locks  00000001800024b4 f   libvcruntime:locks.obj
 0001:000014ec       ??$_CallSETranslator@V__FrameHandler3@@@@YAHPEAUEHExceptionRecord@@PEA_KPEAU_CONTEXT@@PEAU_xDISPATCHER_CONTEXT@@PEBU_s_FuncInfo@@K1H@Z 00000001800024ec f i libvcruntime:risctrnsctrl.obj
 0001:00001540       ?CatchTryBlock@__FrameHandler3@@SAPEBU_s_TryBlockMapEntry@@PEBU_s_FuncInfo@@H@Z 0000000180002540 f   libvcruntime:risctrnsctrl.obj
 0001:000015a4       ?ExecutionInCatch@__FrameHandler3@@SA_NPEAU_xDISPATCHER_CONTEXT@@PEBU_s_FuncInfo@@@Z 00000001800025a4 f   libvcruntime:risctrnsctrl.obj
 0001:000015d0       ?FrameUnwindToEmptyState@__FrameHandler3@@SAXPEA_KPEAU_xDISPATCHER_CONTEXT@@PEBU_s_FuncInfo@@@Z 00000001800025d0 f   libvcruntime:risctrnsctrl.obj
 0001:00001634       ?GetEstablisherFrame@__FrameHandler3@@SAPEA_KPEA_KPEAU_xDISPATCHER_CONTEXT@@PEBU_s_FuncInfo@@0@Z 0000000180002634 f   libvcruntime:risctrnsctrl.obj
 0001:00001704       ?GetRangeOfTrysToCheck@__FrameHandler3@@SA?AU?$pair@Viterator@TryBlockMap@__FrameHandler3@@V123@@std@@AEAVTryBlockMap@1@HPEAU_xDISPATCHER_CONTEXT@@PEBU_s_FuncInfo@@H@Z 0000000180002704 f   libvcruntime:risctrnsctrl.obj
 0001:00001838       ?UnwindNestedFrames@__FrameHandler3@@SAXPEA_KPEAUEHExceptionRecord@@PEAU_CONTEXT@@0PEAXPEBU_s_FuncInfo@@HHPEBU_s_HandlerType@@PEAU_xDISPATCHER_CONTEXT@@E@Z 0000000180002838 f   libvcruntime:risctrnsctrl.obj
 0001:0000193c       _CreateFrameInfo           000000018000293c f   libvcruntime:risctrnsctrl.obj
 0001:00001978       _FindAndUnlinkFrame        0000000180002978 f   libvcruntime:risctrnsctrl.obj
 0001:000019cc       _GetImageBase              00000001800029cc f   libvcruntime:risctrnsctrl.obj
 0001:000019e0       _GetThrowImageBase         00000001800029e0 f   libvcruntime:risctrnsctrl.obj
 0001:000019f4       _SetImageBase              00000001800029f4 f   libvcruntime:risctrnsctrl.obj
 0001:00001a0c       _SetThrowImageBase         0000000180002a0c f   libvcruntime:risctrnsctrl.obj
 0001:00001a24       __CxxFrameHandler3         0000000180002a24 f   libvcruntime:risctrnsctrl.obj
 0001:00001c00       __vcrt_FlsAlloc            0000000180002c00 f   libvcruntime:winapi_downlevel.obj
 0001:00001c48       __vcrt_FlsFree             0000000180002c48 f   libvcruntime:winapi_downlevel.obj
 0001:00001c90       __vcrt_FlsGetValue         0000000180002c90 f   libvcruntime:winapi_downlevel.obj
 0001:00001cd8       __vcrt_FlsSetValue         0000000180002cd8 f   libvcruntime:winapi_downlevel.obj
 0001:00001d2c       __vcrt_InitializeCriticalSectionEx 0000000180002d2c f   libvcruntime:winapi_downlevel.obj
 0001:00001d90       ?GetCurrentState@__FrameHandler3@@SAHPEA_KPEAU_xDISPATCHER_CONTEXT@@PEBU_s_FuncInfo@@@Z 0000000180002d90 f   libvcruntime:ehstate.obj
 0001:00001db8       ?GetUnwindTryBlock@__FrameHandler3@@SAHPEA_KPEAU_xDISPATCHER_CONTEXT@@PEBU_s_FuncInfo@@@Z 0000000180002db8 f   libvcruntime:ehstate.obj
 0001:00001de4       ?SetState@__FrameHandler3@@SAXPEA_KPEBU_s_FuncInfo@@H@Z 0000000180002de4 f   libvcruntime:ehstate.obj
 0001:00001df0       ?SetUnwindTryBlock@__FrameHandler3@@SAXPEA_KPEAU_xDISPATCHER_CONTEXT@@PEBU_s_FuncInfo@@H@Z 0000000180002df0 f   libvcruntime:ehstate.obj
 0001:00001e2c       ?StateFromControlPc@__FrameHandler3@@SAHPEBU_s_FuncInfo@@PEAU_xDISPATCHER_CONTEXT@@@Z 0000000180002e2c f   libvcruntime:ehstate.obj
 0001:00001e34       ?StateFromIp@__FrameHandler3@@SAHPEBU_s_FuncInfo@@PEAU_xDISPATCHER_CONTEXT@@_K@Z 0000000180002e34 f   libvcruntime:ehstate.obj
 0001:00002970       ??$TypeMatchHelper@V__FrameHandler3@@@@YAHPEBU_s_HandlerType@@PEBU_s_CatchableType@@PEBU_s_ThrowInfo@@@Z 0000000180003970 f i libvcruntime:frame.obj
 0001:00002ab0       ??$__InternalCxxFrameHandler@V__FrameHandler3@@@@YA?AW4_EXCEPTION_DISPOSITION@@PEAUEHExceptionRecord@@PEA_KPEAU_CONTEXT@@PEAU_xDISPATCHER_CONTEXT@@PEBU_s_FuncInfo@@H1E@Z 0000000180003ab0 f i libvcruntime:frame.obj
 0001:00002ce8       ??$__InternalCxxFrameHandlerWrapper@V__FrameHandler3@@@@YA?AW4_EXCEPTION_DISPOSITION@@PEAUEHExceptionRecord@@PEA_KPEAU_CONTEXT@@PEAU_xDISPATCHER_CONTEXT@@PEBU_s_FuncInfo@@H1E@Z 0000000180003ce8 f i libvcruntime:frame.obj
 0001:00002cf0       ??0bad_exception@std@@QEAA@AEBV01@@Z 0000000180003cf0 f i libvcruntime:frame.obj
 0001:00002d2c       ??0bad_exception@std@@QEAA@XZ 0000000180003d2c f i libvcruntime:frame.obj
 0001:00002d4c       ??0exception@std@@QEAA@AEBV01@@Z 0000000180003d4c f i libvcruntime:frame.obj
 0001:00002d80       ??1bad_exception@std@@UEAA@XZ 0000000180003d80 f i libvcruntime:frame.obj
 0001:00002d94       ??_Ebad_exception@std@@UEAAPEAXI@Z 0000000180003d94 f i libvcruntime:frame.obj
 0001:00002d94       ??_Eexception@std@@UEAAPEAXI@Z 0000000180003d94 f i libvcruntime:frame.obj
 0001:00002d94       ??_Gbad_exception@std@@UEAAPEAXI@Z 0000000180003d94 f i libvcruntime:frame.obj
 0001:00002d94       ??_Gexception@std@@UEAAPEAXI@Z 0000000180003d94 f i libvcruntime:frame.obj
 0001:00002dd8       ?CxxCallCatchBlock@__FrameHandler3@@SAPEAXPEAU_EXCEPTION_RECORD@@@Z 0000000180003dd8 f   libvcruntime:frame.obj
 0001:00003048       ?FrameUnwindToState@__FrameHandler3@@SAXPEA_KPEAU_xDISPATCHER_CONTEXT@@PEBU_s_FuncInfo@@H@Z 0000000180004048 f   libvcruntime:frame.obj
 0001:000031d4       ?GetHandlerSearchState@__FrameHandler3@@SAHPEA_KPEAU_xDISPATCHER_CONTEXT@@PEBU_s_FuncInfo@@@Z 00000001800041d4 f i libvcruntime:frame.obj
 0001:000033e4       ?_CallMemberFunction1@@YAXQEAX00@Z 00000001800043e4 f i libvcruntime:frame.obj
 0001:000033f0       ?_CallMemberFunction2@@YAXQEAX00H@Z 00000001800043f0 f i libvcruntime:frame.obj
 0001:00003400       ?what@exception@std@@UEBAPEBDXZ 0000000180004400 f i libvcruntime:frame.obj
 0001:00003460       _CallSettingFrame          0000000180004460 f   libvcruntime:handlers.obj
 0001:000034a0       __std_exception_copy       00000001800044a0 f   libvcruntime:std_exception.obj
 0001:00003530       __std_exception_destroy    0000000180004530 f   libvcruntime:std_exception.obj
 0001:00003558       _CxxThrowException         0000000180004558 f   libvcruntime:throw.obj
 0001:00003600       _initterm                  0000000180004600 f   libucrt:initterm.obj
 0001:00003638       _initterm_e                0000000180004638 f   libucrt:initterm.obj
 0001:00003674       _seh_filter_dll            0000000180004674 f   libucrt:exception_filter.obj
 0001:00003688       _seh_filter_exe            0000000180004688 f   libucrt:exception_filter.obj
 0001:00003a64       __acrt_initialize_thread_local_exit_callback 0000000180004a64 f   libucrt:exit.obj
 0001:00003a6c       _cexit                     0000000180004a6c f   libucrt:exit.obj
 0001:00003a7c       _exit                      0000000180004a7c f   libucrt:exit.obj
 0001:00003a88       _is_c_termination_complete 0000000180004a88 f   libucrt:exit.obj
 0001:00003c50       __acrt_allocate_buffer_for_argv 0000000180004c50 f   libucrt:argv_parsing.obj
 0001:00003cb0       _configure_narrow_argv     0000000180004cb0 f   libucrt:argv_parsing.obj
 0001:00004034       __dcrt_uninitialize_environments_nolock 0000000180005034 f   libucrt:environment_initialization.obj
 0001:00004078       _initialize_narrow_environment 0000000180005078 f   libucrt:environment_initialization.obj
 0001:000041d4       _execute_onexit_table      00000001800051d4 f   libucrt:onexit.obj
 0001:00004218       _initialize_onexit_table   0000000180005218 f   libucrt:onexit.obj
 0001:00004278       __acrt_uninitialize_command_line 0000000180005278 f   libucrt:argv_data.obj
 0001:00004370       __acrt_initialize          0000000180005370 f   libucrt:initialization.obj
 0001:00004384       __acrt_thread_attach       0000000180005384 f   libucrt:initialization.obj
 0001:00004398       __acrt_thread_detach       0000000180005398 f   libucrt:initialization.obj
 0001:000043a8       __acrt_uninitialize        00000001800053a8 f   libucrt:initialization.obj
 0001:000043e0       __acrt_uninitialize_critical 00000001800053e0 f   libucrt:initialization.obj
 0001:000043f0       terminate                  00000001800053f0 f   libucrt:terminate.obj
 0001:00004410       free                       0000000180005410 f   libucrt:free.obj
 0001:00004420       malloc                     0000000180005420 f   libucrt:malloc.obj
 0001:00004428       strcpy_s                   0000000180005428 f   libucrt:strcpy_s.obj
 0001:00004488       abort                      0000000180005488 f   libucrt:abort.obj
 0001:000044e0       ?get_raw_ptd@__crt_cached_ptd_host@@QEAAPEAU__acrt_ptd@@XZ 00000001800054e0 f i libucrt:output.obj
 0001:00004550       ?update_locale_slow@__crt_cached_ptd_host@@AEAAXXZ 0000000180005550 f i libucrt:output.obj
 0001:000045d0       calloc                     00000001800055d0 f   libucrt:calloc.obj
 0001:000045d8       wcsncmp                    00000001800055d8 f   libucrt:wcsncmp.obj
 0001:00004920       ?internal_get_ptd_head_slow@@YAPEAU__acrt_ptd@@XZ 0000000180005920 f   libucrt:per_thread_data.obj
 0001:00004a40       __acrt_freeptd             0000000180005a40 f   libucrt:per_thread_data.obj
 0001:00004a90       __acrt_getptd              0000000180005a90 f   libucrt:per_thread_data.obj
 0001:00004aac       __acrt_getptd_head         0000000180005aac f   libucrt:per_thread_data.obj
 0001:00004af0       __acrt_getptd_noexit       0000000180005af0 f   libucrt:per_thread_data.obj
 0001:00004b80       __acrt_getptd_noexit_explicit 0000000180005b80 f   libucrt:per_thread_data.obj
 0001:00004bdc       __acrt_initialize_ptd      0000000180005bdc f   libucrt:per_thread_data.obj
 0001:00004c20       __acrt_uninitialize_ptd    0000000180005c20 f   libucrt:per_thread_data.obj
 0001:00004c44       __acrt_initialize_locks    0000000180005c44 f   libucrt:locks.obj
 0001:00004c8c       __acrt_lock                0000000180005c8c f   libucrt:locks.obj
 0001:00004ca8       __acrt_uninitialize_locks  0000000180005ca8 f   libucrt:locks.obj
 0001:00004ce0       __acrt_unlock              0000000180005ce0 f   libucrt:locks.obj
 0001:00004cfc       __acrt_app_verifier_enabled 0000000180005cfc f   libucrt:peb_access.obj
 0001:00004d18       __acrt_is_secure_process   0000000180005d18 f   libucrt:peb_access.obj
 0001:00004d30       __acrt_get_process_end_policy 0000000180005d30 f   libucrt:win_policies.obj
 0001:00004d60       ?get_raw_ptd_noexit@__crt_cached_ptd_host@@QEAAPEAU__acrt_ptd@@XZ 0000000180005d60 f i libucrt:invalid_parameter.obj
 0001:00004dcc       ?value@?$dual_state_global@P6AXPEB_W00I_K@Z@__crt_state_management@@QEAAAEAP6AXPEB_W00I_K@ZAEAV__crt_cached_ptd_host@@@Z 0000000180005dcc f i libucrt:invalid_parameter.obj
 0001:00004e18       __acrt_call_reportfault    0000000180005e18 f   libucrt:invalid_parameter.obj
 0001:00004f88       __acrt_initialize_invalid_parameter_handler 0000000180005f88 f   libucrt:invalid_parameter.obj
 0001:00004f90       _invalid_parameter         0000000180005f90 f   libucrt:invalid_parameter.obj
 0001:0000502c       _invalid_parameter_internal 000000018000602c f   libucrt:invalid_parameter.obj
 0001:000050e4       _invalid_parameter_noinfo  00000001800060e4 f   libucrt:invalid_parameter.obj
 0001:00005104       _invoke_watson             0000000180006104 f   libucrt:invalid_parameter.obj
 0001:0000514c       __acrt_errno_from_os_error 000000018000614c f   libucrt:errno.obj
 0001:0000521c       __acrt_errno_map_os_error  000000018000621c f   libucrt:errno.obj
 0001:00005244       __acrt_errno_map_os_error_ptd 0000000180006244 f   libucrt:errno.obj
 0001:00005268       __doserrno                 0000000180006268 f   libucrt:errno.obj
 0001:0000528c       _errno                     000000018000628c f   libucrt:errno.obj
 0001:000052b0       _calloc_base               00000001800062b0 f   libucrt:calloc_base.obj
 0001:00005330       _free_base                 0000000180006330 f   libucrt:free_base.obj
 0001:0000539c       ??$__acrt_convert_wcs_mbs_cp@D_WV<lambda_7c9dea7b4ca7285d2cdb541a38da6275>@@U__crt_win32_buffer_internal_dynamic_resizing@@@@YAHQEBDAEAV?$__crt_win32_buffer@_WU__crt_win32_buffer_internal_dynamic_resizing@@@@AEBV<lambda_7c9dea7b4ca7285d2cdb541a38da6275>@@I@Z 000000018000639c f i libucrt:argv_wildcards.obj
 0001:0000553c       ??$__acrt_convert_wcs_mbs_cp@_WDV<lambda_d8593a27d1aa8c02be35c86a17d324c4>@@U__crt_win32_buffer_internal_dynamic_resizing@@@@YAHQEB_WAEAV?$__crt_win32_buffer@DU__crt_win32_buffer_internal_dynamic_resizing@@@@AEBV<lambda_d8593a27d1aa8c02be35c86a17d324c4>@@I@Z 000000018000653c f i libucrt:argv_wildcards.obj
 0001:00005e08       ??0_LocaleUpdate@@QEAA@QEAU__crt_locale_pointers@@@Z 0000000180006e08 f i libucrt:argv_wildcards.obj
 0001:00005ea4       __acrt_expand_narrow_argv_wildcards 0000000180006ea4 f   libucrt:argv_wildcards.obj
 0001:00005eac       ??$__acrt_convert_wcs_mbs_cp@_WDV<lambda_f788ae46380686e8b737efdd8c720d07>@@U__crt_win32_buffer_no_resizing@@@@YAHQEB_WAEAV?$__crt_win32_buffer@DU__crt_win32_buffer_no_resizing@@@@AEBV<lambda_f788ae46380686e8b737efdd8c720d07>@@I@Z 0000000180006eac f i libucrt:getmodulefilenamea.obj
 0001:00005fc8       __acrt_GetModuleFileNameA  0000000180006fc8 f   libucrt:getmodulefilenamea.obj
 0001:000068f4       __acrt_initialize_multibyte 00000001800078f4 f   libucrt:mbctype.obj
 0001:00006954       __acrt_update_thread_multibyte_data 0000000180007954 f   libucrt:mbctype.obj
 0001:00006970       _setmbcp_nolock            0000000180007970 f   libucrt:mbctype.obj
 0001:00006cac       _ismbblead                 0000000180007cac f   libucrt:ismbbyte.obj
 0001:00006cc0       __acrt_initialize_command_line 0000000180007cc0 f   libucrt:argv_data.obj
 0001:00006ce8       __acrt_MultiByteToWideChar 0000000180007ce8 f   libucrt:multibytetowidechar.obj
 0001:00006d78       __acrt_WideCharToMultiByte 0000000180007d78 f   libucrt:widechartomultibyte.obj
 0001:00006e58       __dcrt_get_narrow_environment_from_os 0000000180007e58 f   libucrt:get_environment_from_os.obj
 0001:00006f70       _recalloc_base             0000000180007f70 f   libucrt:recalloc.obj
 0001:00007010       _recalloc                  0000000180008010 f   libucrt:recalloc.obj
 0001:000071cc       __acrt_AppPolicyGetProcessTerminationMethodInternal 00000001800081cc f   libucrt:winapi_thunks.obj
 0001:00007228       __acrt_AreFileApisANSI     0000000180008228 f   libucrt:winapi_thunks.obj
 0001:00007274       __acrt_FlsAlloc            0000000180008274 f   libucrt:winapi_thunks.obj
 0001:0000727c       __acrt_FlsFree             000000018000827c f   libucrt:winapi_thunks.obj
 0001:00007284       __acrt_FlsGetValue         0000000180008284 f   libucrt:winapi_thunks.obj
 0001:0000728c       __acrt_FlsGetValue2        000000018000828c f   libucrt:winapi_thunks.obj
 0001:00007298       __acrt_FlsSetValue         0000000180008298 f   libucrt:winapi_thunks.obj
 0001:000072a0       __acrt_InitializeCriticalSectionEx 00000001800082a0 f   libucrt:winapi_thunks.obj
 0001:000072a8       __acrt_LCMapStringEx       00000001800082a8 f   libucrt:winapi_thunks.obj
 0001:0000739c       __acrt_LocaleNameToLCID    000000018000839c f   libucrt:winapi_thunks.obj
 0001:00007400       __acrt_initialize_winapi_thunks 0000000180008400 f   libucrt:winapi_thunks.obj
 0001:00007430       __acrt_tls2_supported      0000000180008430 f   libucrt:winapi_thunks.obj
 0001:00007474       __acrt_uninitialize_winapi_thunks 0000000180008474 f   libucrt:winapi_thunks.obj
 0001:000074c0       _get_heap_handle           00000001800084c0 f   libucrt:heap_handle.obj
 0001:000074d0       __acrt_initialize_heap     00000001800084d0 f   libucrt:heap_handle.obj
 0001:00007500       __acrt_uninitialize_heap   0000000180008500 f   libucrt:heap_handle.obj
 0001:00007520       __acrt_getheap             0000000180008520 f   libucrt:heap_handle.obj
 0001:00007730       __acrt_initialize_lowio    0000000180008730 f   libucrt:ioinit.obj
 0001:0000776c       __acrt_uninitialize_lowio  000000018000876c f   libucrt:ioinit.obj
 0001:000077ac       __acrt_execute_initializers 00000001800087ac f   libucrt:shared_initialization.obj
 0001:0000782c       __acrt_execute_uninitializers 000000018000882c f   libucrt:shared_initialization.obj
 0001:00007870       _callnewh                  0000000180008870 f   libucrt:new_handler.obj
 0001:000078b0       __acrt_initialize_new_handler 00000001800088b0 f   libucrt:new_handler.obj
 0001:000078c0       _query_new_handler         00000001800088c0 f   libucrt:new_handler.obj
 0001:00007900       _set_new_handler           0000000180008900 f   libucrt:new_handler.obj
 0001:00007960       ?_set_new_handler@@YAP6AH_K@ZH@Z 0000000180008960 f   libucrt:new_handler.obj
 0001:000079b4       __acrt_get_sigabrt_handler 00000001800089b4 f   libucrt:signal.obj
 0001:000079e4       __acrt_initialize_signal_handlers 00000001800089e4 f   libucrt:signal.obj
 0001:00007a04       raise                      0000000180008a04 f   libucrt:signal.obj
 0001:00007c60       __acrt_initialize_user_matherr 0000000180008c60 f   libucrt:matherr.obj
 0001:00007e48       __acrt_stdio_flush_nolock  0000000180008e48 f   libucrt:fflush.obj
 0001:00007ed4       _fflush_nolock             0000000180008ed4 f   libucrt:fflush.obj
 0001:00007fa8       _flushall                  0000000180008fa8 f   libucrt:fflush.obj
 0001:00007fb0       __acrt_initialize_stdio    0000000180008fb0 f   libucrt:_file.obj
 0001:000080d0       __acrt_uninitialize_stdio  00000001800090d0 f   libucrt:_file.obj
 0001:0000812c       _lock_file                 000000018000912c f   libucrt:_file.obj
 0001:00008138       _unlock_file               0000000180009138 f   libucrt:_file.obj
 0001:00008150       _malloc_base               0000000180009150 f   libucrt:malloc_base.obj
 0001:000081b0       __acrt_update_locale_info  00000001800091b0 f   libucrt:locale_update.obj
 0001:000081e4       __acrt_update_locale_info_explicit 00000001800091e4 f   libucrt:locale_update.obj
 0001:0000821c       __acrt_update_multibyte_info 000000018000921c f   libucrt:locale_update.obj
 0001:00008250       __acrt_update_multibyte_info_explicit 0000000180009250 f   libucrt:locale_update.obj
 0001:00008288       _mbtowc_internal           0000000180009288 f   libucrt:mbtowc.obj
 0001:00008400       ?__mblen_utf8@__crt_mbstring@@YAHPEBD@Z 0000000180009400 f   libucrt:mbrtoc32.obj
 0001:00008438       ?__mbrtoc32_utf8@__crt_mbstring@@YA_KPEA_UPEBD_KPEAU_Mbstatet@@AEAV__crt_cached_ptd_host@@@Z 0000000180009438 f   libucrt:mbrtoc32.obj
 0001:000085f8       ?__mbrtowc_utf8@__crt_mbstring@@YA_KPEA_WPEBD_KPEAU_Mbstatet@@AEAV__crt_cached_ptd_host@@@Z 00000001800095f8 f   libucrt:mbrtowc.obj
 0001:00008640       ?__mbsrtowcs_utf8@__crt_mbstring@@YA_KPEA_WPEAPEBD_KPEAU_Mbstatet@@AEAV__crt_cached_ptd_host@@@Z 0000000180009640 f   libucrt:mbrtowc.obj
 0001:000087f8       _fileno                    00000001800097f8 f   libucrt:fileno.obj
 0001:00008890       __acrt_set_locale_changed  0000000180009890 f   libucrt:wsetlocale.obj
 0001:0000889c       __acrt_uninitialize_locale 000000018000989c f   libucrt:wsetlocale.obj
 0001:000088cc       __acrt_add_locale_ref      00000001800098cc f   libucrt:locale_refcounting.obj
 0001:00008958       __acrt_free_locale         0000000180009958 f   libucrt:locale_refcounting.obj
 0001:00008ad0       __acrt_locale_add_lc_time_reference 0000000180009ad0 f   libucrt:locale_refcounting.obj
 0001:00008af8       __acrt_locale_free_lc_time_if_unreferenced 0000000180009af8 f   libucrt:locale_refcounting.obj
 0001:00008b30       __acrt_locale_release_lc_time_reference 0000000180009b30 f   libucrt:locale_refcounting.obj
 0001:00008b58       __acrt_release_locale_ref  0000000180009b58 f   libucrt:locale_refcounting.obj
 0001:00008c00       __acrt_update_thread_locale_data 0000000180009c00 f   libucrt:locale_refcounting.obj
 0001:00008c70       _updatetlocinfoEx_nolock   0000000180009c70 f   libucrt:locale_refcounting.obj
 0001:00008ce0       _query_new_mode            0000000180009ce0 f   libucrt:new_mode.obj
 0001:00008cf0       _set_new_mode              0000000180009cf0 f   libucrt:new_mode.obj
 0001:00008d20       qsort                      0000000180009d20 f   libucrt:qsort.obj
 0001:000090b8       strncpy_s                  000000018000a0b8 f   libucrt:strncpy_s.obj
 0001:00009220       strpbrk                    000000018000a220 f   libucrt:strpbrk.obj
 0001:000095d8       _mbsdec                    000000018000a5d8 f   libucrt:mbsdec.obj
 0001:000095e0       _mbsdec_l                  000000018000a5e0 f   libucrt:mbsdec.obj
 0001:00009674       __acrt_GetStringTypeA      000000018000a674 f   libucrt:getstringtypea.obj
 0001:00009b38       __acrt_LCMapStringA        000000018000ab38 f   libucrt:lcmapstringa.obj
 0001:00009bf0       _msize_base                000000018000abf0 f   libucrt:msize.obj
 0001:00009c30       _msize                     000000018000ac30 f   libucrt:msize.obj
 0001:00009c40       _realloc_base              000000018000ac40 f   libucrt:realloc_base.obj
 0001:00009cbc       __acrt_DownlevelLocaleNameToLCID 000000018000acbc f   libucrt:lcidtoname_downlevel.obj
 0001:00009d64       __acrt_lowio_create_handle_array 000000018000ad64 f   libucrt:osfinfo.obj
 0001:00009e0c       __acrt_lowio_destroy_handle_array 000000018000ae0c f   libucrt:osfinfo.obj
 0001:00009e5c       __acrt_lowio_ensure_fh_exists 000000018000ae5c f   libucrt:osfinfo.obj
 0001:00009f04       __acrt_lowio_lock_fh       000000018000af04 f   libucrt:osfinfo.obj
 0001:00009f2c       __acrt_lowio_unlock_fh     000000018000af2c f   libucrt:osfinfo.obj
 0001:00009f54       _free_osfhnd               000000018000af54 f   libucrt:osfinfo.obj
 0001:0000a010       _get_osfhandle             000000018000b010 f   libucrt:osfinfo.obj
 0001:0000a114       _commit                    000000018000b114 f   libucrt:commit.obj
 0001:0000a9d4       _write_internal            000000018000b9d4 f   libucrt:write.obj
 0001:0000aaf4       _write_nolock              000000018000baf4 f   libucrt:write.obj
 0001:0000ae24       _fcloseall                 000000018000be24 f   libucrt:closeall.obj
 0001:0000aed8       __acrt_stdio_free_buffer_nolock 000000018000bed8 f   libucrt:_freebuf.obj
 0001:0000af1c       _isatty                    000000018000bf1c f   libucrt:isatty.obj
 0001:0000af7c       ?reset_and_return@__crt_mbstring@@YA_K_KPEAU_Mbstatet@@@Z 000000018000bf7c f   libucrt:common_utf8.obj
 0001:0000af84       ?return_illegal_sequence@__crt_mbstring@@YA_KPEAU_Mbstatet@@AEAV__crt_cached_ptd_host@@@Z 000000018000bf84 f   libucrt:common_utf8.obj
 0001:0000af98       __acrt_locale_free_monetary 000000018000bf98 f   libucrt:initmon.obj
 0001:0000b0a4       __acrt_locale_free_numeric 000000018000c0a4 f   libucrt:initnum.obj
 0001:0000b144       __acrt_locale_free_time    000000018000c144 f   libucrt:inittime.obj
 0001:0000b24c       _guard_check_icall         000000018000c24c f i libucrt:checkcfg.obj
 0001:0000b264       __strncnt                  000000018000c264 f   libucrt:strncnt.obj
 0001:0000b27c       __ascii_wcsnicmp           000000018000c27c f   libucrt:wcsnicmp.obj
 0001:0000b2c8       _query_app_type            000000018000c2c8 f   libucrt:report_runtime_error.obj
 0001:0000b380       _lseeki64_nolock_internal  000000018000c380 f   libucrt:lseek.obj
 0001:0000b388       _putwch_nolock             000000018000c388 f   libucrt:putwch.obj
 0001:0000b4ec       fclose                     000000018000c4ec f   libucrt:fclose.obj
 0001:0000b590       __dcrt_lowio_ensure_console_output_initialized 000000018000c590 f   libucrt:initcon.obj
 0001:0000b5e4       __dcrt_terminate_console_output 000000018000c5e4 f   libucrt:initcon.obj
 0001:0000b600       __dcrt_write_console       000000018000c600 f   libucrt:initcon.obj
 0001:0000b738       _close_internal            000000018000c738 f   libucrt:close.obj
 0001:0000b7fc       _close_nolock_internal     000000018000c7fc f   libucrt:close.obj
 0001:0000b8cc       ?__acrt_stdio_free_stream@@YAXV__crt_stdio_stream@@@Z 000000018000c8cc f   libucrt:stream.obj
 0001:0000b8f0       __acrt_initialize_fma3     000000018000c8f0 f   libucrt:fma3_available.obj
 0001:0000b9b0       _FindPESection             000000018000c9b0 f   LIBCMT:pesect.obj
 0001:0000ba00       _IsNonwritableInCurrentImage 000000018000ca00 f   LIBCMT:pesect.obj
 0001:0000ba50       _ValidateImageBase         000000018000ca50 f   LIBCMT:pesect.obj
 0001:0000ba7c       ??_Etype_info@@UEAAPEAXI@Z 000000018000ca7c f i LIBCMT:std_type_info_static.obj
 0001:0000ba7c       ??_Gtype_info@@UEAAPEAXI@Z 000000018000ca7c f i LIBCMT:std_type_info_static.obj
 0001:0000baa8       __GSHandlerCheck           000000018000caa8 f   LIBCMT:gshandler.obj
 0001:0000bac8       __GSHandlerCheckCommon     000000018000cac8 f   LIBCMT:gshandler.obj
 0001:0000bb24       ??3@YAXPEAX_K@Z            000000018000cb24 f   LIBCMT:delete_scalar_size.obj
 0001:0000bb2c       __GSHandlerCheck_EH        000000018000cb2c f   LIBCMT:gshandlereh.obj
 0001:0000bbc0       __chkstk                   000000018000cbc0 f   LIBCMT:chkstk.obj
 0001:0000bbc0       _alloca_probe              000000018000cbc0 f   LIBCMT:chkstk.obj
 0001:0000bc10       ??3@YAXPEAX@Z              000000018000cc10 f   LIBCMT:delete_scalar.obj
 0001:0000bc18       __C_specific_handler_noexcept 000000018000cc18 f   libvcruntime:chandler_noexcept.obj
 0001:0000bc80       _guard_dispatch_icall_nop  000000018000cc80 f   LIBCMT:guard_dispatch.obj
 0001:0000bca0       _guard_xfg_dispatch_icall_nop 000000018000cca0 f   LIBCMT:guard_xfg_dispatch.obj
 0001:0000bcc0       _guard_dispatch_icall      000000018000ccc0 f   libucrt:dispatchcfg.obj
 0001:0000bcc0       _guard_dispatch_icall_$fo_default$ 000000018000ccc0     libucrt:dispatchcfg.obj
 0001:0000bcf0       memset_repstos             000000018000ccf0 f   libvcruntime:memset.obj
 0001:0000bd00       memset                     000000018000cd00 f   libvcruntime:memset.obj
 0001:0000c0b0       memcpy_repmovs             000000018000d0b0 f   libvcruntime:memcpy.obj
 0001:0000c0c0       memcpy                     000000018000d0c0 f   libvcruntime:memcpy.obj
 0001:0000c0c0       memcpy_$fo_default$        000000018000d0c0     libvcruntime:memcpy.obj
 0001:0000c0c0       memmove                    000000018000d0c0 f   libvcruntime:memcpy.obj
 0001:0000c740       strncmp                    000000018000d740 f   libucrt:strncmp.obj
 0002:00000000       __imp_RtlCaptureContext    000000018000e000     kernel32:KERNEL32.dll
 0002:00000008       __imp_RtlLookupFunctionEntry 000000018000e008     kernel32:KERNEL32.dll
 0002:00000010       __imp_RtlVirtualUnwind     000000018000e010     kernel32:KERNEL32.dll
 0002:00000018       __imp_UnhandledExceptionFilter 000000018000e018     kernel32:KERNEL32.dll
 0002:00000020       __imp_SetUnhandledExceptionFilter 000000018000e020     kernel32:KERNEL32.dll
 0002:00000028       __imp_GetCurrentProcess    000000018000e028     kernel32:KERNEL32.dll
 0002:00000030       __imp_TerminateProcess     000000018000e030     kernel32:KERNEL32.dll
 0002:00000038       __imp_IsProcessorFeaturePresent 000000018000e038     kernel32:KERNEL32.dll
 0002:00000040       __imp_QueryPerformanceCounter 000000018000e040     kernel32:KERNEL32.dll
 0002:00000048       __imp_GetCurrentProcessId  000000018000e048     kernel32:KERNEL32.dll
 0002:00000050       __imp_GetCurrentThreadId   000000018000e050     kernel32:KERNEL32.dll
 0002:00000058       __imp_GetSystemTimeAsFileTime 000000018000e058     kernel32:KERNEL32.dll
 0002:00000060       __imp_InitializeSListHead  000000018000e060     kernel32:KERNEL32.dll
 0002:00000068       __imp_IsDebuggerPresent    000000018000e068     kernel32:KERNEL32.dll
 0002:00000070       __imp_GetStartupInfoW      000000018000e070     kernel32:KERNEL32.dll
 0002:00000078       __imp_GetModuleHandleW     000000018000e078     kernel32:KERNEL32.dll
 0002:00000080       __imp_RtlUnwindEx          000000018000e080     kernel32:KERNEL32.dll
 0002:00000088       __imp_InterlockedFlushSList 000000018000e088     kernel32:KERNEL32.dll
 0002:00000090       __imp_GetLastError         000000018000e090     kernel32:KERNEL32.dll
 0002:00000098       __imp_SetLastError         000000018000e098     kernel32:KERNEL32.dll
 0002:000000a0       __imp_EnterCriticalSection 000000018000e0a0     kernel32:KERNEL32.dll
 0002:000000a8       __imp_LeaveCriticalSection 000000018000e0a8     kernel32:KERNEL32.dll
 0002:000000b0       __imp_DeleteCriticalSection 000000018000e0b0     kernel32:KERNEL32.dll
 0002:000000b8       __imp_InitializeCriticalSectionAndSpinCount 000000018000e0b8     kernel32:KERNEL32.dll
 0002:000000c0       __imp_TlsAlloc             000000018000e0c0     kernel32:KERNEL32.dll
 0002:000000c8       __imp_TlsGetValue          000000018000e0c8     kernel32:KERNEL32.dll
 0002:000000d0       __imp_TlsSetValue          000000018000e0d0     kernel32:KERNEL32.dll
 0002:000000d8       __imp_TlsFree              000000018000e0d8     kernel32:KERNEL32.dll
 0002:000000e0       __imp_FreeLibrary          000000018000e0e0     kernel32:KERNEL32.dll
 0002:000000e8       __imp_GetProcAddress       000000018000e0e8     kernel32:KERNEL32.dll
 0002:000000f0       __imp_LoadLibraryExW       000000018000e0f0     kernel32:KERNEL32.dll
 0002:000000f8       __imp_EncodePointer        000000018000e0f8     kernel32:KERNEL32.dll
 0002:00000100       __imp_RaiseException       000000018000e100     kernel32:KERNEL32.dll
 0002:00000108       __imp_RtlPcToFileHeader    000000018000e108     kernel32:KERNEL32.dll
 0002:00000110       __imp_ExitProcess          000000018000e110     kernel32:KERNEL32.dll
 0002:00000118       __imp_GetModuleHandleExW   000000018000e118     kernel32:KERNEL32.dll
 0002:00000120       __imp_GetModuleFileNameW   000000018000e120     kernel32:KERNEL32.dll
 0002:00000128       __imp_HeapAlloc            000000018000e128     kernel32:KERNEL32.dll
 0002:00000130       __imp_HeapFree             000000018000e130     kernel32:KERNEL32.dll
 0002:00000138       __imp_FindClose            000000018000e138     kernel32:KERNEL32.dll
 0002:00000140       __imp_FindFirstFileExW     000000018000e140     kernel32:KERNEL32.dll
 0002:00000148       __imp_FindNextFileW        000000018000e148     kernel32:KERNEL32.dll
 0002:00000150       __imp_IsValidCodePage      000000018000e150     kernel32:KERNEL32.dll
 0002:00000158       __imp_GetACP               000000018000e158     kernel32:KERNEL32.dll
 0002:00000160       __imp_GetOEMCP             000000018000e160     kernel32:KERNEL32.dll
 0002:00000168       __imp_GetCPInfo            000000018000e168     kernel32:KERNEL32.dll
 0002:00000170       __imp_GetCommandLineA      000000018000e170     kernel32:KERNEL32.dll
 0002:00000178       __imp_GetCommandLineW      000000018000e178     kernel32:KERNEL32.dll
 0002:00000180       __imp_MultiByteToWideChar  000000018000e180     kernel32:KERNEL32.dll
 0002:00000188       __imp_WideCharToMultiByte  000000018000e188     kernel32:KERNEL32.dll
 0002:00000190       __imp_GetEnvironmentStringsW 000000018000e190     kernel32:KERNEL32.dll
 0002:00000198       __imp_FreeEnvironmentStringsW 000000018000e198     kernel32:KERNEL32.dll
 0002:000001a0       __imp_FlsAlloc             000000018000e1a0     kernel32:KERNEL32.dll
 0002:000001a8       __imp_FlsGetValue          000000018000e1a8     kernel32:KERNEL32.dll
 0002:000001b0       __imp_FlsSetValue          000000018000e1b0     kernel32:KERNEL32.dll
 0002:000001b8       __imp_FlsFree              000000018000e1b8     kernel32:KERNEL32.dll
 0002:000001c0       __imp_InitializeCriticalSectionEx 000000018000e1c0     kernel32:KERNEL32.dll
 0002:000001c8       __imp_VirtualProtect       000000018000e1c8     kernel32:KERNEL32.dll
 0002:000001d0       __imp_LCMapStringW         000000018000e1d0     kernel32:KERNEL32.dll
 0002:000001d8       __imp_GetProcessHeap       000000018000e1d8     kernel32:KERNEL32.dll
 0002:000001e0       __imp_GetStdHandle         000000018000e1e0     kernel32:KERNEL32.dll
 0002:000001e8       __imp_GetFileType          000000018000e1e8     kernel32:KERNEL32.dll
 0002:000001f0       __imp_GetStringTypeW       000000018000e1f0     kernel32:KERNEL32.dll
 0002:000001f8       __imp_HeapSize             000000018000e1f8     kernel32:KERNEL32.dll
 0002:00000200       __imp_HeapReAlloc          000000018000e200     kernel32:KERNEL32.dll
 0002:00000208       __imp_SetStdHandle         000000018000e208     kernel32:KERNEL32.dll
 0002:00000210       __imp_FlushFileBuffers     000000018000e210     kernel32:KERNEL32.dll
 0002:00000218       __imp_WriteFile            000000018000e218     kernel32:KERNEL32.dll
 0002:00000220       __imp_GetConsoleOutputCP   000000018000e220     kernel32:KERNEL32.dll
 0002:00000228       __imp_GetConsoleMode       000000018000e228     kernel32:KERNEL32.dll
 0002:00000230       __imp_SetFilePointerEx     000000018000e230     kernel32:KERNEL32.dll
 0002:00000238       __imp_CreateFileW          000000018000e238     kernel32:KERNEL32.dll
 0002:00000240       __imp_CloseHandle          000000018000e240     kernel32:KERNEL32.dll
 0002:00000248       __imp_WriteConsoleW        000000018000e248     kernel32:KERNEL32.dll
 0002:00000250       \177KERNEL32_NULL_THUNK_DATA 000000018000e250     kernel32:KERNEL32.dll
 0002:00000258       __guard_check_icall_fptr   000000018000e258     LIBCMT:guard_support.obj
 0002:00000260       __guard_xfg_check_icall_fptr 000000018000e260     LIBCMT:guard_support.obj
 0002:00000268       __guard_dispatch_icall_fptr 000000018000e268     LIBCMT:guard_support.obj
 0002:00000270       __guard_xfg_dispatch_icall_fptr 000000018000e270     LIBCMT:guard_support.obj
 0002:00000278       __guard_xfg_table_dispatch_icall_fptr 000000018000e278     LIBCMT:guard_support.obj
 0002:00000280       __castguard_check_failure_os_handled_fptr 000000018000e280     LIBCMT:guard_support.obj
 0002:00000288       __guard_memcpy_fptr        000000018000e288     libvcruntime:softmemtag.obj
 0002:00000290       __xc_a                     000000018000e290     LIBCMT:initializers.obj
 0002:00000298       __xc_z                     000000018000e298     LIBCMT:initializers.obj
 0002:000002a0       __xi_a                     000000018000e2a0     LIBCMT:initializers.obj
 0002:000002a8       __acrt_multibyte_initializer 000000018000e2a8     libucrt:multibyte_initializer.obj
 0002:000002b0       __acrt_stdio_initializer   000000018000e2b0     libucrt:stdio_initializer.obj
 0002:000002b8       __acrt_tran_fma3_initializer 000000018000e2b8     libucrt:fma3_initializer.obj
 0002:000002c0       __xi_z                     000000018000e2c0     LIBCMT:initializers.obj
 0002:000002c8       __xp_a                     000000018000e2c8     LIBCMT:initializers.obj
 0002:000002d0       __acrt_locale_terminator   000000018000e2d0     libucrt:locale_initializer.obj
 0002:000002d8       __dcrt_console_output_terminator 000000018000e2d8     libucrt:console_output_initializer.obj
 0002:000002e0       __acrt_stdio_terminator    000000018000e2e0     libucrt:stdio_initializer.obj
 0002:000002e8       __xp_z                     000000018000e2e8     LIBCMT:initializers.obj
 0002:000002f0       __xt_a                     000000018000e2f0     LIBCMT:initializers.obj
 0002:000002f8       __xt_z                     000000018000e2f8     LIBCMT:initializers.obj
 0002:00000300       _pDefaultRawDllMain        000000018000e300     LIBCMT:dll_dllmain.obj
 0002:00000300       _pRawDllMain               000000018000e300     LIBCMT:dll_dllmain.obj
 0002:00000320       __xmm@ffffffffffffffffffffffffffffffff 000000018000e320     LIBCMT:utility.obj
 0002:00000330       _pDestructExceptionObject  000000018000e330     libvcruntime:ehhelpers.obj
 0002:00000a50       ??_C@_08EHJDFFNH@__based?$CI@ 000000018000ea50     libvcruntime:undname.obj
 0002:00000a60       ??_C@_07KOLFKCDI@__cdecl@  000000018000ea60     libvcruntime:undname.obj
 0002:00000a68       ??_C@_08GHMPAG@__pascal@   000000018000ea68     libvcruntime:undname.obj
 0002:00000a78       ??_C@_09IFJBGAPI@__stdcall@ 000000018000ea78     libvcruntime:undname.obj
 0002:00000a88       ??_C@_0L@NPHFGOKO@__thiscall@ 000000018000ea88     libvcruntime:undname.obj
 0002:00000a98       ??_C@_0L@JMKHOMEK@__fastcall@ 000000018000ea98     libvcruntime:undname.obj
 0002:00000aa8       ??_C@_0N@BCKKPABJ@__vectorcall@ 000000018000eaa8     libvcruntime:undname.obj
 0002:00000ab8       ??_C@_09HIJEGCPM@__clrcall@ 000000018000eab8     libvcruntime:undname.obj
 0002:00000ac4       ??_C@_06GHPCKEAG@__eabi@   000000018000eac4     libvcruntime:undname.obj
 0002:00000ad0       ??_C@_09IOPIDJLG@__swift_1@ 000000018000ead0     libvcruntime:undname.obj
 0002:00000ae0       ??_C@_09KFNFGKHF@__swift_2@ 000000018000eae0     libvcruntime:undname.obj
 0002:00000af0       ??_C@_09LMMOFLDE@__swift_3@ 000000018000eaf0     libvcruntime:undname.obj
 0002:00000b00       ??_C@_07JOMMBBKO@__ptr64@  000000018000eb00     libvcruntime:undname.obj
 0002:00000b08       ??_C@_0L@PILCLIHE@__restrict@ 000000018000eb08     libvcruntime:undname.obj
 0002:00000b18       ??_C@_0M@GFIIJFMG@__unaligned@ 000000018000eb18     libvcruntime:undname.obj
 0002:00000b28       ??_C@_09DHDLOLLB@restrict?$CI@ 000000018000eb28     libvcruntime:undname.obj
 0002:00000b32       ??_C@_00CNPNBAHC@@         000000018000eb32     libvcruntime:undname.obj
 0002:00000b34       ??_C@_04NIHEBCM@?5new@     000000018000eb34     libvcruntime:undname.obj
 0002:00000b40       ??_C@_07FPCDHGMM@?5delete@ 000000018000eb40     libvcruntime:undname.obj
 0002:00000b48       ??_C@_01NEMOKFLO@?$DN@     000000018000eb48     libvcruntime:undname.obj
 0002:00000b4c       ??_C@_02GPIOPFAK@?$DO?$DO@ 000000018000eb4c     libvcruntime:undname.obj
 0002:00000b50       ??_C@_02FODMEDOG@?$DM?$DM@ 000000018000eb50     libvcruntime:undname.obj
 0002:00000b54       ??_C@_01DCLJPIOD@?$CB@     000000018000eb54     libvcruntime:undname.obj
 0002:00000b58       ??_C@_02EGOFBIJA@?$DN?$DN@ 000000018000eb58     libvcruntime:undname.obj
 0002:00000b5c       ??_C@_02FDNJECIE@?$CB?$DN@ 000000018000eb5c     libvcruntime:undname.obj
 0002:00000b60       ??_C@_02GPECMEKF@?$FL?$FN@ 000000018000eb60     libvcruntime:undname.obj
 0002:00000b68       ??_C@_08LHJFAFGD@operator@ 000000018000eb68     libvcruntime:undname.obj
 0002:00000b74       ??_C@_02HBOOOICD@?9?$DO@   000000018000eb74     libvcruntime:undname.obj
 0002:00000b78       ??_C@_01NBENCBCI@?$CK@     000000018000eb78     libvcruntime:undname.obj
 0002:00000b7c       ??_C@_02ECNGHCIF@?$CL?$CL@ 000000018000eb7c     libvcruntime:undname.obj
 0002:00000b80       ??_C@_02BAABKJLB@?9?9@     000000018000eb80     libvcruntime:undname.obj
 0002:00000b84       ??_C@_01JOAMLHOP@?9@       000000018000eb84     libvcruntime:undname.obj
 0002:00000b88       ??_C@_01MIFGBAGJ@?$CL@     000000018000eb88     libvcruntime:undname.obj
 0002:00000b8c       ??_C@_01HNPIGOCE@?$CG@     000000018000eb8c     libvcruntime:undname.obj
 0002:00000b90       ??_C@_03MNHNFDLC@?9?$DO?$CK@ 000000018000eb90     libvcruntime:undname.obj
 0002:00000b94       ??_C@_01KMDKNFGN@?1@       000000018000eb94     libvcruntime:undname.obj
 0002:00000b98       ??_C@_01FGNFDNOH@?$CF@     000000018000eb98     libvcruntime:undname.obj
 0002:00000b9c       ??_C@_01MNNFJEPP@?$DM@     000000018000eb9c     libvcruntime:undname.obj
 0002:00000ba0       ??_C@_02EHCHHCKH@?$DM?$DN@ 000000018000eba0     libvcruntime:undname.obj
 0002:00000ba4       ??_C@_01PPODPGHN@?$DO@     000000018000eba4     libvcruntime:undname.obj
 0002:00000ba8       ??_C@_02EEKDKGMJ@?$DO?$DN@ 000000018000eba8     libvcruntime:undname.obj
 0002:00000bac       ??_C@_01IHBHIGKO@?0@       000000018000ebac     libvcruntime:undname.obj
 0002:00000bb0       ??_C@_02HCKGKOFO@?$CI?$CJ@ 000000018000ebb0     libvcruntime:undname.obj
 0002:00000bb4       ??_C@_01PJKLJHI@?$HO@      000000018000ebb4     libvcruntime:undname.obj
 0002:00000bb8       ??_C@_01JKBOJNNK@?$FO@     000000018000ebb8     libvcruntime:undname.obj
 0002:00000bbc       ??_C@_01DNKMNLPK@?$HM@     000000018000ebbc     libvcruntime:undname.obj
 0002:00000bc0       ??_C@_02PPKAJPJL@?$CG?$CG@ 000000018000ebc0     libvcruntime:undname.obj
 0002:00000bc4       ??_C@_02NONPIBCD@?$HM?$HM@ 000000018000ebc4     libvcruntime:undname.obj
 0002:00000bc8       ??_C@_02FPIMKNGF@?$CK?$DN@ 000000018000ebc8     libvcruntime:undname.obj
 0002:00000bcc       ??_C@_02FOEOMHFC@?$CL?$DN@ 000000018000ebcc     libvcruntime:undname.obj
 0002:00000bd0       ??_C@_02FKMDLLOA@?9?$DN@   000000018000ebd0     libvcruntime:undname.obj
 0002:00000bd4       ??_C@_02FJEHGPIO@?1?$DN@   000000018000ebd4     libvcruntime:undname.obj
 0002:00000bd8       ??_C@_02FENAOKFI@?$CF?$DN@ 000000018000ebd8     libvcruntime:undname.obj
 0002:00000bdc       ??_C@_03IKFCCPFF@?$DO?$DO?$DN@ 000000018000ebdc     libvcruntime:undname.obj
 0002:00000be0       ??_C@_03CDNPDDLA@?$DM?$DM?$DN@ 000000018000ebe0     libvcruntime:undname.obj
 0002:00000be4       ??_C@_02FGJGFEAB@?$CG?$DN@ 000000018000ebe4     libvcruntime:undname.obj
 0002:00000be8       ??_C@_02DHLNPPGH@?$HM?$DN@ 000000018000ebe8     libvcruntime:undname.obj
 0002:00000bec       ??_C@_02MHEGNOJ@?$FO?$DN@  000000018000ebec     libvcruntime:undname.obj
 0002:00000bf0       ??_C@_09IFPLHPGF@?$GAvftable?8@ 000000018000ebf0     libvcruntime:undname.obj
 0002:00000c00       ??_C@_09BLBHBJP@?$GAvbtable?8@ 000000018000ec00     libvcruntime:undname.obj
 0002:00000c10       ??_C@_07FEEIOKP@?$GAvcall?8@ 000000018000ec10     libvcruntime:undname.obj
 0002:00000c18       ??_C@_08LLFFHHDJ@?$GAtypeof?8@ 000000018000ec18     libvcruntime:undname.obj
 0002:00000c28       ??_C@_0BF@KDPPACIK@?$GAlocal?5static?5guard?8@ 000000018000ec28     libvcruntime:undname.obj
 0002:00000c40       ??_C@_08OBABFOLI@?$GAstring?8@ 000000018000ec40     libvcruntime:undname.obj
 0002:00000c50       ??_C@_0BD@JDLKDPAB@?$GAvbase?5destructor?8@ 000000018000ec50     libvcruntime:undname.obj
 0002:00000c68       ??_C@_0BN@DEGPLNFK@?$GAvector?5deleting?5destructor?8@ 000000018000ec68     libvcruntime:undname.obj
 0002:00000c88       ??_C@_0BO@OBMKPJIG@?$GAdefault?5constructor?5closure?8@ 000000018000ec88     libvcruntime:undname.obj
 0002:00000ca8       ??_C@_0BN@IMDCHIKM@?$GAscalar?5deleting?5destructor?8@ 000000018000eca8     libvcruntime:undname.obj
 0002:00000cc8       ??_C@_0BO@PFGOCPJJ@?$GAvector?5constructor?5iterator?8@ 000000018000ecc8     libvcruntime:undname.obj
 0002:00000ce8       ??_C@_0BN@LFPFMEDL@?$GAvector?5destructor?5iterator?8@ 000000018000ece8     libvcruntime:undname.obj
 0002:00000d08       ??_C@_0CE@IKBNEHA@?$GAvector?5vbase?5constructor?5itera@ 000000018000ed08     libvcruntime:undname.obj
 0002:00000d30       ??_C@_0BL@NILFHHPC@?$GAvirtual?5displacement?5map?8@ 000000018000ed30     libvcruntime:undname.obj
 0002:00000d50       ??_C@_0CB@JONCMFFK@?$GAeh?5vector?5constructor?5iterator@ 000000018000ed50     libvcruntime:undname.obj
 0002:00000d78       ??_C@_0CA@GCEOPDGL@?$GAeh?5vector?5destructor?5iterator?8@ 000000018000ed78     libvcruntime:undname.obj
 0002:00000d98       ??_C@_0CH@OOJPLCPH@?$GAeh?5vector?5vbase?5constructor?5it@ 000000018000ed98     libvcruntime:undname.obj
 0002:00000dc0       ??_C@_0BL@LLKPOHJI@?$GAcopy?5constructor?5closure?8@ 000000018000edc0     libvcruntime:undname.obj
 0002:00000de0       ??_C@_0BA@KBCDOMBN@?$GAudt?5returning?8@ 000000018000ede0     libvcruntime:undname.obj
 0002:00000df0       ??_C@_03KLGMFNMG@?$GAEH@   000000018000edf0     libvcruntime:undname.obj
 0002:00000df4       ??_C@_05KHLCHHI@?$GARTTI@  000000018000edf4     libvcruntime:undname.obj
 0002:00000e00       ??_C@_0BA@KKLDJDLB@?$GAlocal?5vftable?8@ 000000018000ee00     libvcruntime:undname.obj
 0002:00000e10       ??_C@_0CE@IIHCMGGL@?$GAlocal?5vftable?5constructor?5clos@ 000000018000ee10     libvcruntime:undname.obj
 0002:00000e34       ??_C@_06FHBGPFGH@?5new?$FL?$FN@ 000000018000ee34     libvcruntime:undname.obj
 0002:00000e40       ??_C@_09LBNFPBCA@?5delete?$FL?$FN@ 000000018000ee40     libvcruntime:undname.obj
 0002:00000e50       ??_C@_0P@HJKNJFNN@?$GAomni?5callsig?8@ 000000018000ee50     libvcruntime:undname.obj
 0002:00000e60       ??_C@_0BL@CNOONJFP@?$GAplacement?5delete?5closure?8@ 000000018000ee60     libvcruntime:undname.obj
 0002:00000e80       ??_C@_0BN@CKNJLHMB@?$GAplacement?5delete?$FL?$FN?5closure?8@ 000000018000ee80     libvcruntime:undname.obj
 0002:00000ea0       ??_C@_0CG@CFDHKGGD@?$GAmanaged?5vector?5constructor?5ite@ 000000018000eea0     libvcruntime:undname.obj
 0002:00000ec8       ??_C@_0CF@IMGKMJNO@?$GAmanaged?5vector?5destructor?5iter@ 000000018000eec8     libvcruntime:undname.obj
 0002:00000ef0       ??_C@_0CG@HLDDJMAG@?$GAeh?5vector?5copy?5constructor?5ite@ 000000018000eef0     libvcruntime:undname.obj
 0002:00000f18       ??_C@_0CM@FCBBDIGB@?$GAeh?5vector?5vbase?5copy?5construct@ 000000018000ef18     libvcruntime:undname.obj
 0002:00000f48       ??_C@_0BL@CLIPGLGB@?$GAdynamic?5initializer?5for?5?8@ 000000018000ef48     libvcruntime:undname.obj
 0002:00000f68       ??_C@_0CB@PDBIFEP@?$GAdynamic?5atexit?5destructor?5for?5@ 000000018000ef68     libvcruntime:undname.obj
 0002:00000f90       ??_C@_0CD@CGAJBKEJ@?$GAvector?5copy?5constructor?5iterat@ 000000018000ef90     libvcruntime:undname.obj
 0002:00000fb8       ??_C@_0CJ@GJELGAMM@?$GAvector?5vbase?5copy?5constructor?5@ 000000018000efb8     libvcruntime:undname.obj
 0002:00000fe8       ??_C@_0CL@FGIJHLCE@?$GAmanaged?5vector?5copy?5constructo@ 000000018000efe8     libvcruntime:undname.obj
 0002:00001018       ??_C@_0BM@PMGGMLDN@?$GAlocal?5static?5thread?5guard?8@ 000000018000f018     libvcruntime:undname.obj
 0002:00001038       ??_C@_0N@BDNMDMOL@operator?5?$CC?$CC?5@ 000000018000f038     libvcruntime:undname.obj
 0002:00001048       ??_C@_0BC@GGEBGALA@operator?5co_await@ 000000018000f048     libvcruntime:undname.obj
 0002:00001060       ??_C@_0M@GAAIMMOH@operator?$DM?$DN?$DO@ 000000018000f060     libvcruntime:undname.obj
 0002:00001070       ??_C@_0BC@DAFEJGAK@?5Type?5Descriptor?8@ 000000018000f070     libvcruntime:undname.obj
 0002:00001088       ??_C@_0BM@LDKODKLH@?5Base?5Class?5Descriptor?5at?5?$CI@ 000000018000f088     libvcruntime:undname.obj
 0002:000010a8       ??_C@_0BD@LGICGFMM@?5Base?5Class?5Array?8@ 000000018000f0a8     libvcruntime:undname.obj
 0002:000010c0       ??_C@_0BN@MECKDCOJ@?5Class?5Hierarchy?5Descriptor?8@ 000000018000f0c0     libvcruntime:undname.obj
 0002:000010e0       ??_C@_0BK@CFCOFLF@?5Complete?5Object?5Locator?8@ 000000018000f0e0     libvcruntime:undname.obj
 0002:00001100       ??_C@_0BG@JNJLAMPM@?$GAanonymous?5namespace?8@ 000000018000f100     libvcruntime:undname.obj
 0002:000011d0       ??_C@_1DM@KHCHBNEB@?$AAa?$AAp?$AAi?$AA?9?$AAm?$AAs?$AA?9?$AAw?$AAi?$AAn?$AA?9?$AAc?$AAo?$AAr?$AAe@ 000000018000f1d0     libvcruntime:winapi_downlevel.obj
 0002:00001210       ??_C@_1DK@LPPGFMPP@?$AAa?$AAp?$AAi?$AA?9?$AAm?$AAs?$AA?9?$AAw?$AAi?$AAn?$AA?9?$AAc?$AAo?$AAr?$AAe@ 000000018000f210     libvcruntime:winapi_downlevel.obj
 0002:00001250       ??_C@_1BC@GDMECMAK@?$AAk?$AAe?$AAr?$AAn?$AAe?$AAl?$AA3?$AA2@ 000000018000f250     libvcruntime:winapi_downlevel.obj
 0002:00001268       ??_C@_1BA@PFFKHIOG@?$AAa?$AAp?$AAi?$AA?9?$AAm?$AAs?$AA?9@ 000000018000f268     libvcruntime:winapi_downlevel.obj
 0002:00001280       ??_C@_08KNHFBNJ@FlsAlloc@  000000018000f280     libvcruntime:winapi_downlevel.obj
 0002:00001298       ??_C@_07PEJMOBNF@FlsFree@  000000018000f298     libvcruntime:winapi_downlevel.obj
 0002:000012a8       ??_C@_0M@GDNOONDI@FlsGetValue@ 000000018000f2a8     libvcruntime:winapi_downlevel.obj
 0002:000012c0       ??_C@_0M@JCPCPOEF@FlsSetValue@ 000000018000f2c0     libvcruntime:winapi_downlevel.obj
 0002:000012d8       ??_C@_0BM@HCFOFFN@InitializeCriticalSectionEx@ 000000018000f2d8     libvcruntime:winapi_downlevel.obj
 0002:00001300       ??_7exception@std@@6B@     000000018000f300     libvcruntime:frame.obj
 0002:00001310       ??_C@_0BC@EOODALEL@Unknown?5exception@ 000000018000f310     libvcruntime:frame.obj
 0002:00001330       ??_7bad_exception@std@@6B@ 000000018000f330     libvcruntime:frame.obj
 0002:00001340       ??_C@_0O@DPKOEFFH@bad?5exception@ 000000018000f340     libvcruntime:frame.obj
 0002:00001350       __acrt_exception_action_table 000000018000f350     libucrt:exception_filter.obj
 0002:00001410       __acrt_signal_action_table_count 000000018000f410     libucrt:exception_filter.obj
 0002:00001418       __acrt_signal_action_first_fpe_index 000000018000f418     libucrt:exception_filter.obj
 0002:00001420       __acrt_signal_action_fpe_count 000000018000f420     libucrt:exception_filter.obj
 0002:00001478       ??_C@_1BI@BGOHAHKC@?$AAm?$AAs?$AAc?$AAo?$AAr?$AAe?$AAe?$AA?4?$AAd?$AAl?$AAl@ 000000018000f478     libucrt:exit.obj
 0002:00001490       ??_C@_0P@MIGLKIOC@CorExitProcess@ 000000018000f490     libucrt:exit.obj
 0002:00001778       ??_C@_1M@HPNHIDJI@?$AAj?$AAa?$AA?9?$AAJ?$AAP@ 000000018000f778     libucrt:mbctype.obj
 0002:00001788       ??_C@_1M@BIBDDEMK@?$AAz?$AAh?$AA?9?$AAC?$AAN@ 000000018000f788     libucrt:mbctype.obj
 0002:00001798       ??_C@_1M@JLOOOEGK@?$AAk?$AAo?$AA?9?$AAK?$AAR@ 000000018000f798     libucrt:mbctype.obj
 0002:000017a8       ??_C@_1M@CLNBBOPM@?$AAz?$AAh?$AA?9?$AAT?$AAW@ 000000018000f7a8     libucrt:mbctype.obj
 0002:00001880       ??_C@_1EA@JGEFHKEI@?$AAa?$AAp?$AAi?$AA?9?$AAm?$AAs?$AA?9?$AAw?$AAi?$AAn?$AA?9?$AAc?$AAo?$AAr?$AAe@ 000000018000f880     libucrt:winapi_thunks.obj
 0002:000018c0       ??_C@_1DM@LFJCLCKP@?$AAa?$AAp?$AAi?$AA?9?$AAm?$AAs?$AA?9?$AAw?$AAi?$AAn?$AA?9?$AAc?$AAo?$AAr?$AAe@ 000000018000f8c0     libucrt:winapi_thunks.obj
 0002:00001900       ??_C@_1DI@KMEPCBPN@?$AAa?$AAp?$AAi?$AA?9?$AAm?$AAs?$AA?9?$AAw?$AAi?$AAn?$AA?9?$AAc?$AAo?$AAr?$AAe@ 000000018000f900     libucrt:winapi_thunks.obj
 0002:00001938       ??_C@_1DI@IJCEHOCB@?$AAa?$AAp?$AAi?$AA?9?$AAm?$AAs?$AA?9?$AAw?$AAi?$AAn?$AA?9?$AAc?$AAo?$AAr?$AAe@ 000000018000f938     libucrt:winapi_thunks.obj
 0002:00001970       ??_C@_1DI@FFFOPEOO@?$AAa?$AAp?$AAi?$AA?9?$AAm?$AAs?$AA?9?$AAw?$AAi?$AAn?$AA?9?$AAc?$AAo?$AAr?$AAe@ 000000018000f970     libucrt:winapi_thunks.obj
 0002:000019b0       ??_C@_1EI@MPIAOHOC@?$AAa?$AAp?$AAi?$AA?9?$AAm?$AAs?$AA?9?$AAw?$AAi?$AAn?$AA?9?$AAc?$AAo?$AAr?$AAe@ 000000018000f9b0     libucrt:winapi_thunks.obj
 0002:00001a00       ??_C@_1FK@FPHCKFIE@?$AAa?$AAp?$AAi?$AA?9?$AAm?$AAs?$AA?9?$AAw?$AAi?$AAn?$AA?9?$AAc?$AAo?$AAr?$AAe@ 000000018000fa00     libucrt:winapi_thunks.obj
 0002:00001a60       ??_C@_1EM@DILCGIIO@?$AAa?$AAp?$AAi?$AA?9?$AAm?$AAs?$AA?9?$AAw?$AAi?$AAn?$AA?9?$AAc?$AAo?$AAr?$AAe@ 000000018000fa60     libucrt:winapi_thunks.obj
 0002:00001ab0       ??_C@_1DM@LNCGDDPN@?$AAa?$AAp?$AAi?$AA?9?$AAm?$AAs?$AA?9?$AAw?$AAi?$AAn?$AA?9?$AAc?$AAo?$AAr?$AAe@ 000000018000fab0     libucrt:winapi_thunks.obj
 0002:00001af0       ??_C@_1DO@FPAPJEMD@?$AAa?$AAp?$AAi?$AA?9?$AAm?$AAs?$AA?9?$AAw?$AAi?$AAn?$AA?9?$AAc?$AAo?$AAr?$AAe@ 000000018000faf0     libucrt:winapi_thunks.obj
 0002:00001b30       ??_C@_1DK@NDHNAHIO@?$AAa?$AAp?$AAi?$AA?9?$AAm?$AAs?$AA?9?$AAw?$AAi?$AAn?$AA?9?$AAc?$AAo?$AAr?$AAe@ 000000018000fb30     libucrt:winapi_thunks.obj
 0002:00001b70       ??_C@_1DM@KGHDGBCM@?$AAa?$AAp?$AAi?$AA?9?$AAm?$AAs?$AA?9?$AAw?$AAi?$AAn?$AA?9?$AAc?$AAo?$AAr?$AAe@ 000000018000fb70     libucrt:winapi_thunks.obj
 0002:00001bb0       ??_C@_1EO@IJIOEFOH@?$AAa?$AAp?$AAi?$AA?9?$AAm?$AAs?$AA?9?$AAw?$AAi?$AAn?$AA?9?$AAr?$AAt?$AAc?$AAo@ 000000018000fbb0     libucrt:winapi_thunks.obj
 0002:00001c00       ??_C@_1FG@HHGEKANL@?$AAa?$AAp?$AAi?$AA?9?$AAm?$AAs?$AA?9?$AAw?$AAi?$AAn?$AA?9?$AAs?$AAe?$AAc?$AAu@ 000000018000fc00     libucrt:winapi_thunks.obj
 0002:00001c60       ??_C@_1EG@DBIOJECG@?$AAe?$AAx?$AAt?$AA?9?$AAm?$AAs?$AA?9?$AAw?$AAi?$AAn?$AA?9?$AAn?$AAt?$AAu?$AAs@ 000000018000fc60     libucrt:winapi_thunks.obj
 0002:00001cb0       ??_C@_1EO@FIHMJCLF@?$AAe?$AAx?$AAt?$AA?9?$AAm?$AAs?$AA?9?$AAw?$AAi?$AAn?$AA?9?$AAn?$AAt?$AAu?$AAs@ 000000018000fcb0     libucrt:winapi_thunks.obj
 0002:00001d00       ??_C@_1BC@DNHGCMLG@?$AAa?$AAd?$AAv?$AAa?$AAp?$AAi?$AA3?$AA2@ 000000018000fd00     libucrt:winapi_thunks.obj
 0002:00001d18       ??_C@_1BG@CJPGBMEF@?$AAk?$AAe?$AAr?$AAn?$AAe?$AAl?$AAb?$AAa?$AAs?$AAe@ 000000018000fd18     libucrt:winapi_thunks.obj
 0002:00001d30       ??_C@_1M@OAIMIKLP@?$AAn?$AAt?$AAd?$AAl?$AAl@ 000000018000fd30     libucrt:winapi_thunks.obj
 0002:00001d40       ??_C@_1EG@DPGNFKGC@?$AAa?$AAp?$AAi?$AA?9?$AAm?$AAs?$AA?9?$AAw?$AAi?$AAn?$AA?9?$AAa?$AAp?$AAp?$AAm@ 000000018000fd40     libucrt:winapi_thunks.obj
 0002:00001d88       ??_C@_1O@BCCLBEOE@?$AAu?$AAs?$AAe?$AAr?$AA3?$AA2@ 000000018000fd88     libucrt:winapi_thunks.obj
 0002:00001d98       ??_C@_1BA@IAIFMGEF@?$AAe?$AAx?$AAt?$AA?9?$AAm?$AAs?$AA?9@ 000000018000fd98     libucrt:winapi_thunks.obj
 0002:00001db0       ??_C@_0BA@FHFNEAED@AreFileApisANSI@ 000000018000fdb0     libucrt:winapi_thunks.obj
 0002:00001dc8       ??_C@_0N@MFBBDCAC@FlsGetValue2@ 000000018000fdc8     libucrt:winapi_thunks.obj
 0002:00001de0       ??_C@_0O@KKBNKAPF@LCMapStringEx@ 000000018000fde0     libucrt:winapi_thunks.obj
 0002:00001df8       ??_C@_0BB@HBDEELFH@LocaleNameToLCID@ 000000018000fdf8     libucrt:winapi_thunks.obj
 0002:00001e10       ??_C@_0CF@OJOFEIGO@AppPolicyGetProcessTerminationM@ 000000018000fe10     libucrt:winapi_thunks.obj
 0002:00001e40       __lc_time_c                000000018000fe40     libucrt:nlsdata.obj
 0002:00002100       ??_C@_03KOEHGMDN@Sun@      0000000180010100     libucrt:nlsdata.obj
 0002:00002104       ??_C@_03PDAGKDH@Mon@       0000000180010104     libucrt:nlsdata.obj
 0002:00002108       ??_C@_03NAGEINEP@Tue@      0000000180010108     libucrt:nlsdata.obj
 0002:0000210c       ??_C@_03MHOMLAJA@Wed@      000000018001010c     libucrt:nlsdata.obj
 0002:00002110       ??_C@_03IOFIKPDN@Thu@      0000000180010110     libucrt:nlsdata.obj
 0002:00002114       ??_C@_03IDIOELNC@Fri@      0000000180010114     libucrt:nlsdata.obj
 0002:00002118       ??_C@_03FEFJNEK@Sat@       0000000180010118     libucrt:nlsdata.obj
 0002:0000211c       ??_C@_06OOPIFAJ@Sunday@    000000018001011c     libucrt:nlsdata.obj
 0002:00002124       ??_C@_06JLEDEDGH@Monday@   0000000180010124     libucrt:nlsdata.obj
 0002:00002130       ??_C@_07BAAGCFCM@Tuesday@  0000000180010130     libucrt:nlsdata.obj
 0002:00002138       ??_C@_09DLIGFAKA@Wednesday@ 0000000180010138     libucrt:nlsdata.obj
 0002:00002148       ??_C@_08HACCIKIA@Thursday@ 0000000180010148     libucrt:nlsdata.obj
 0002:00002154       ??_C@_06JECMNKMI@Friday@   0000000180010154     libucrt:nlsdata.obj
 0002:00002160       ??_C@_08INBOOONO@Saturday@ 0000000180010160     libucrt:nlsdata.obj
 0002:0000216c       ??_C@_03JIHJHPIE@Jan@      000000018001016c     libucrt:nlsdata.obj
 0002:00002170       ??_C@_03HJBDCHOM@Feb@      0000000180010170     libucrt:nlsdata.obj
 0002:00002174       ??_C@_03ODNJBKGA@Mar@      0000000180010174     libucrt:nlsdata.obj
 0002:00002178       ??_C@_03LEOLGMJP@Apr@      0000000180010178     libucrt:nlsdata.obj
 0002:0000217c       ??_C@_03CNMDKL@May@        000000018001017c     libucrt:nlsdata.obj
 0002:00002180       ??_C@_03IDFGHECI@Jun@      0000000180010180     libucrt:nlsdata.obj
 0002:00002184       ??_C@_03LBGABGKK@Jul@      0000000180010184     libucrt:nlsdata.obj
 0002:00002188       ??_C@_03IFJFEIGA@Aug@      0000000180010188     libucrt:nlsdata.obj
 0002:0000218c       ??_C@_03GGCAPAJC@Sep@      000000018001018c     libucrt:nlsdata.obj
 0002:00002190       ??_C@_03BMAOKBAD@Oct@      0000000180010190     libucrt:nlsdata.obj
 0002:00002194       ??_C@_03JPJOFNIA@Nov@      0000000180010194     libucrt:nlsdata.obj
 0002:00002198       ??_C@_03MKABNOCG@Dec@      0000000180010198     libucrt:nlsdata.obj
 0002:000021a0       ??_C@_07CGJPFGJA@January@  00000001800101a0     libucrt:nlsdata.obj
 0002:000021a8       ??_C@_08GNJGEPFN@February@ 00000001800101a8     libucrt:nlsdata.obj
 0002:000021b4       ??_C@_05HPCKOFNC@March@    00000001800101b4     libucrt:nlsdata.obj
 0002:000021bc       ??_C@_05DMJDNLEJ@April@    00000001800101bc     libucrt:nlsdata.obj
 0002:000021c4       ??_C@_04CNLMGBGM@June@     00000001800101c4     libucrt:nlsdata.obj
 0002:000021cc       ??_C@_04MIEPOIFP@July@     00000001800101cc     libucrt:nlsdata.obj
 0002:000021d4       ??_C@_06LBBHFDDG@August@   00000001800101d4     libucrt:nlsdata.obj
 0002:000021e0       ??_C@_09BHHEALKD@September@ 00000001800101e0     libucrt:nlsdata.obj
 0002:000021f0       ??_C@_07JJNFCEND@October@  00000001800101f0     libucrt:nlsdata.obj
 0002:000021f8       ??_C@_08HCHEGEOA@November@ 00000001800101f8     libucrt:nlsdata.obj
 0002:00002208       ??_C@_08EDHMEBNP@December@ 0000000180010208     libucrt:nlsdata.obj
 0002:00002214       ??_C@_02DEDBPAFC@AM@       0000000180010214     libucrt:nlsdata.obj
 0002:00002218       ??_C@_02CJNFDJBF@PM@       0000000180010218     libucrt:nlsdata.obj
 0002:00002220       ??_C@_08BPBNCDIB@MM?1dd?1yy@ 0000000180010220     libucrt:nlsdata.obj
 0002:00002230       ??_C@_0BE@CKGJFCPC@dddd?0?5MMMM?5dd?0?5yyyy@ 0000000180010230     libucrt:nlsdata.obj
 0002:00002248       ??_C@_08JCCMCCIL@HH?3mm?3ss@ 0000000180010248     libucrt:nlsdata.obj
 0002:00002258       ??_C@_17MBGCMIPB@?$AAS?$AAu?$AAn@ 0000000180010258     libucrt:nlsdata.obj
 0002:00002260       ??_C@_17KBOMKBF@?$AAM?$AAo?$AAn@ 0000000180010260     libucrt:nlsdata.obj
 0002:00002268       ??_C@_17BMKGEGOJ@?$AAT?$AAu?$AAe@ 0000000180010268     libucrt:nlsdata.obj
 0002:00002270       ??_C@_17CJEDCEPE@?$AAW?$AAe?$AAd@ 0000000180010270     libucrt:nlsdata.obj
 0002:00002278       ??_C@_17PDPHAADD@?$AAT?$AAh?$AAu@ 0000000180010278     libucrt:nlsdata.obj
 0002:00002280       ??_C@_17HFOLPPLP@?$AAF?$AAr?$AAi@ 0000000180010280     libucrt:nlsdata.obj
 0002:00002288       ??_C@_17GGIBDPIH@?$AAS?$AAa?$AAt@ 0000000180010288     libucrt:nlsdata.obj
 0002:00002290       ??_C@_1O@IHNHDHPB@?$AAS?$AAu?$AAn?$AAd?$AAa?$AAy@ 0000000180010290     libucrt:nlsdata.obj
 0002:000022a0       ??_C@_1O@MMNBFLIA@?$AAM?$AAo?$AAn?$AAd?$AAa?$AAy@ 00000001800102a0     libucrt:nlsdata.obj
 0002:000022b0       ??_C@_1BA@ENFBFFEK@?$AAT?$AAu?$AAe?$AAs?$AAd?$AAa?$AAy@ 00000001800102b0     libucrt:nlsdata.obj
 0002:000022c0       ??_C@_1BE@EBOGMDOH@?$AAW?$AAe?$AAd?$AAn?$AAe?$AAs?$AAd?$AAa?$AAy@ 00000001800102c0     libucrt:nlsdata.obj
 0002:000022d8       ??_C@_1BC@HHMNLIHE@?$AAT?$AAh?$AAu?$AAr?$AAs?$AAd?$AAa?$AAy@ 00000001800102d8     libucrt:nlsdata.obj
 0002:000022f0       ??_C@_1O@PDICJHAG@?$AAF?$AAr?$AAi?$AAd?$AAa?$AAy@ 00000001800102f0     libucrt:nlsdata.obj
 0002:00002300       ??_C@_1BC@ENMNNPAJ@?$AAS?$AAa?$AAt?$AAu?$AAr?$AAd?$AAa?$AAy@ 0000000180010300     libucrt:nlsdata.obj
 0002:00002318       ??_C@_17DKNBKCHM@?$AAJ?$AAa?$AAn@ 0000000180010318     libucrt:nlsdata.obj
 0002:00002320       ??_C@_17LMDJEKJN@?$AAF?$AAe?$AAb@ 0000000180010320     libucrt:nlsdata.obj
 0002:00002328       ??_C@_17CKNLEDEC@?$AAM?$AAa?$AAr@ 0000000180010328     libucrt:nlsdata.obj
 0002:00002330       ??_C@_17LFPOIHDD@?$AAA?$AAp?$AAr@ 0000000180010330     libucrt:nlsdata.obj
 0002:00002338       ??_C@_17PNNKMEED@?$AAM?$AAa?$AAy@ 0000000180010338     libucrt:nlsdata.obj
 0002:00002340       ??_C@_17KCJGOCPB@?$AAJ?$AAu?$AAn@ 0000000180010340     libucrt:nlsdata.obj
 0002:00002348       ??_C@_17IJPCKHK@?$AAJ?$AAu?$AAl@ 0000000180010348     libucrt:nlsdata.obj
 0002:00002350       ??_C@_17ICPELBCN@?$AAA?$AAu?$AAg@ 0000000180010350     libucrt:nlsdata.obj
 0002:00002358       ??_C@_17HCHCOKMG@?$AAS?$AAe?$AAp@ 0000000180010358     libucrt:nlsdata.obj
 0002:00002360       ??_C@_17FNLKOI@?$AAO?$AAc?$AAt@ 0000000180010360     libucrt:nlsdata.obj
 0002:00002368       ??_C@_17BBDMLCIG@?$AAN?$AAo?$AAv@ 0000000180010368     libucrt:nlsdata.obj
 0002:00002370       ??_C@_17EGKACKIF@?$AAD?$AAe?$AAc@ 0000000180010370     libucrt:nlsdata.obj
 0002:00002378       ??_C@_1BA@EFMEIEBA@?$AAJ?$AAa?$AAn?$AAu?$AAa?$AAr?$AAy@ 0000000180010378     libucrt:nlsdata.obj
 0002:00002388       ??_C@_1BC@JGDDFFAM@?$AAF?$AAe?$AAb?$AAr?$AAu?$AAa?$AAr?$AAy@ 0000000180010388     libucrt:nlsdata.obj
 0002:000023a0       ??_C@_1M@IKEENEDF@?$AAM?$AAa?$AAr?$AAc?$AAh@ 00000001800103a0     libucrt:nlsdata.obj
 0002:000023b0       ??_C@_1M@GJNLMHFD@?$AAA?$AAp?$AAr?$AAi?$AAl@ 00000001800103b0     libucrt:nlsdata.obj
 0002:000023c0       ??_C@_19EPFLPGAP@?$AAJ?$AAu?$AAn?$AAe@ 00000001800103c0     libucrt:nlsdata.obj
 0002:000023d0       ??_C@_19BIFMLPCD@?$AAJ?$AAu?$AAl?$AAy@ 00000001800103d0     libucrt:nlsdata.obj
 0002:000023e0       ??_C@_1O@PAHLKOAC@?$AAA?$AAu?$AAg?$AAu?$AAs?$AAt@ 00000001800103e0     libucrt:nlsdata.obj
 0002:000023f0       ??_C@_1BE@DKAAMBJL@?$AAS?$AAe?$AAp?$AAt?$AAe?$AAm?$AAb?$AAe?$AAr@ 00000001800103f0     libucrt:nlsdata.obj
 0002:00002408       ??_C@_1BA@EPANDLNG@?$AAO?$AAc?$AAt?$AAo?$AAb?$AAe?$AAr@ 0000000180010408     libucrt:nlsdata.obj
 0002:00002418       ??_C@_1BC@BGLIFPF@?$AAN?$AAo?$AAv?$AAe?$AAm?$AAb?$AAe?$AAr@ 0000000180010418     libucrt:nlsdata.obj
 0002:00002430       ??_C@_1BC@FEMKIFH@?$AAD?$AAe?$AAc?$AAe?$AAm?$AAb?$AAe?$AAr@ 0000000180010430     libucrt:nlsdata.obj
 0002:00002444       ??_C@_15ODEHAHHF@?$AAA?$AAM@ 0000000180010444     libucrt:nlsdata.obj
 0002:0000244c       ??_C@_15CLMNNGEL@?$AAP?$AAM@ 000000018001044c     libucrt:nlsdata.obj
 0002:00002458       ??_C@_1BC@IEBCMHCM@?$AAM?$AAM?$AA?1?$AAd?$AAd?$AA?1?$AAy?$AAy@ 0000000180010458     libucrt:nlsdata.obj
 0002:00002470       ??_C@_1CI@KNAKOEBC@?$AAd?$AAd?$AAd?$AAd?$AA?0?$AA?5?$AAM?$AAM?$AAM?$AAM?$AA?5?$AAd?$AAd?$AA?0?$AA?5@ 0000000180010470     libucrt:nlsdata.obj
 0002:00002498       ??_C@_1BC@GDGBMEMK@?$AAH?$AAH?$AA?3?$AAm?$AAm?$AA?3?$AAs?$AAs@ 0000000180010498     libucrt:nlsdata.obj
 0002:000024b0       ??_C@_1M@BMHNFIME@?$AAe?$AAn?$AA?9?$AAU?$AAS@ 00000001800104b0     libucrt:nlsdata.obj
 0002:000024c0       __newctype                 00000001800104c0     libucrt:ctype.obj
 0002:000027c0       __newclmap                 00000001800107c0     libucrt:ctype.obj
 0002:00002940       __newcumap                 0000000180010940     libucrt:ctype.obj
 0002:00003900       ??_C@_15EMKDOKLE@?$AAa?$AAr@ 0000000180011900     libucrt:lcidtoname_downlevel.obj
 0002:00003908       ??_C@_15KNPADPLH@?$AAb?$AAg@ 0000000180011908     libucrt:lcidtoname_downlevel.obj
 0002:00003910       ??_C@_15EDMHLDMO@?$AAc?$AAa@ 0000000180011910     libucrt:lcidtoname_downlevel.obj
 0002:00003918       ??_C@_1O@BPEAJADD@?$AAz?$AAh?$AA?9?$AAC?$AAH?$AAS@ 0000000180011918     libucrt:lcidtoname_downlevel.obj
 0002:00003928       ??_C@_15LJNHCMNK@?$AAc?$AAs@ 0000000180011928     libucrt:lcidtoname_downlevel.obj
 0002:00003930       ??_C@_15FOMCIDHG@?$AAd?$AAa@ 0000000180011930     libucrt:lcidtoname_downlevel.obj
 0002:00003938       ??_C@_15NBKABECB@?$AAd?$AAe@ 0000000180011938     libucrt:lcidtoname_downlevel.obj
 0002:00003940       ??_C@_15GHPEIIAO@?$AAe?$AAl@ 0000000180011940     libucrt:lcidtoname_downlevel.obj
 0002:00003948       ??_C@_15MNPNEAIF@?$AAe?$AAn@ 0000000180011948     libucrt:lcidtoname_downlevel.obj
 0002:00003950       ??_C@_15GPIOMPMH@?$AAe?$AAs@ 0000000180011950     libucrt:lcidtoname_downlevel.obj
 0002:00003958       ??_C@_15NGLOAKJC@?$AAf?$AAi@ 0000000180011958     libucrt:lcidtoname_downlevel.obj
 0002:00003960       ??_C@_15FBKGNKAM@?$AAf?$AAr@ 0000000180011960     libucrt:lcidtoname_downlevel.obj
 0002:00003968       ??_C@_15KGGCNEFK@?$AAh?$AAe@ 0000000180011968     libucrt:lcidtoname_downlevel.obj
 0002:00003970       ??_C@_15PGHLIDMF@?$AAh?$AAu@ 0000000180011970     libucrt:lcidtoname_downlevel.obj
 0002:00003978       ??_C@_15BIEMAPLM@?$AAi?$AAs@ 0000000180011978     libucrt:lcidtoname_downlevel.obj
 0002:00003980       ??_C@_15IFJLDHAF@?$AAi?$AAt@ 0000000180011980     libucrt:lcidtoname_downlevel.obj
 0002:00003988       ??_C@_15GEMIOCAG@?$AAj?$AAa@ 0000000180011988     libucrt:lcidtoname_downlevel.obj
 0002:00003990       ??_C@_15EPELEGJA@?$AAk?$AAo@ 0000000180011990     libucrt:lcidtoname_downlevel.obj
 0002:00003998       ??_C@_15NDDHIMN@?$AAn?$AAl@ 0000000180011998     libucrt:lcidtoname_downlevel.obj
 0002:000039a0       ??_C@_15BPIGNHCD@?$AAn?$AAo@ 00000001800119a0     libucrt:lcidtoname_downlevel.obj
 0002:000039a8       ??_C@_15DEOPBLCG@?$AAp?$AAl@ 00000001800119a8     libucrt:lcidtoname_downlevel.obj
 0002:000039b0       ??_C@_15KBECGEFG@?$AAp?$AAt@ 00000001800119b0     libucrt:lcidtoname_downlevel.obj
 0002:000039b8       ??_C@_15GLJCBFMD@?$AAr?$AAo@ 00000001800119b8     libucrt:lcidtoname_downlevel.obj
 0002:000039c0       ??_C@_15FEDGKCDI@?$AAr?$AAu@ 00000001800119c0     libucrt:lcidtoname_downlevel.obj
 0002:000039c8       ??_C@_15GLKMLLHM@?$AAh?$AAr@ 00000001800119c8     libucrt:lcidtoname_downlevel.obj
 0002:000039d0       ??_C@_15CPKMFBDB@?$AAs?$AAk@ 00000001800119d0     libucrt:lcidtoname_downlevel.obj
 0002:000039d8       ??_C@_15BAAIOGMK@?$AAs?$AAq@ 00000001800119d8     libucrt:lcidtoname_downlevel.obj
 0002:000039e0       ??_C@_15INNPNOHD@?$AAs?$AAv@ 00000001800119e0     libucrt:lcidtoname_downlevel.obj
 0002:000039e8       ??_C@_15CABMMOGH@?$AAt?$AAh@ 00000001800119e8     libucrt:lcidtoname_downlevel.obj
 0002:000039f0       ??_C@_15BPLIHJJM@?$AAt?$AAr@ 00000001800119f0     libucrt:lcidtoname_downlevel.obj
 0002:000039f8       ??_C@_15NEOEKKDJ@?$AAu?$AAr@ 00000001800119f8     libucrt:lcidtoname_downlevel.obj
 0002:00003a00       ??_C@_15NFICGAJK@?$AAi?$AAd@ 0000000180011a00     libucrt:lcidtoname_downlevel.obj
 0002:00003a08       ??_C@_15PJPFLCCM@?$AAu?$AAk@ 0000000180011a08     libucrt:lcidtoname_downlevel.obj
 0002:00003a10       ??_C@_15HPJPHDM@?$AAb?$AAe@ 0000000180011a10     libucrt:lcidtoname_downlevel.obj
 0002:00003a18       ??_C@_15LCHLGJII@?$AAs?$AAl@ 0000000180011a18     libucrt:lcidtoname_downlevel.obj
 0002:00003a20       ??_C@_15PCFJPHHO@?$AAe?$AAt@ 0000000180011a20     libucrt:lcidtoname_downlevel.obj
 0002:00003a28       ??_C@_15HPFPGODN@?$AAl?$AAv@ 0000000180011a28     libucrt:lcidtoname_downlevel.obj
 0002:00003a30       ??_C@_15NFFGKGLG@?$AAl?$AAt@ 0000000180011a30     libucrt:lcidtoname_downlevel.obj
 0002:00003a38       ??_C@_15BDAKCCHN@?$AAf?$AAa@ 0000000180011a38     libucrt:lcidtoname_downlevel.obj
 0002:00003a40       ??_C@_15NFGIAIAJ@?$AAv?$AAi@ 0000000180011a40     libucrt:lcidtoname_downlevel.obj
 0002:00003a48       ??_C@_15LMKNDMHN@?$AAh?$AAy@ 0000000180011a48     libucrt:lcidtoname_downlevel.obj
 0002:00003a50       ??_C@_15IJBHMCFL@?$AAa?$AAz@ 0000000180011a50     libucrt:lcidtoname_downlevel.obj
 0002:00003a58       ??_C@_15EKOFJABL@?$AAe?$AAu@ 0000000180011a58     libucrt:lcidtoname_downlevel.obj
 0002:00003a60       ??_C@_15BGHADCNK@?$AAm?$AAk@ 0000000180011a60     libucrt:lcidtoname_downlevel.obj
 0002:00003a68       ??_C@_15JDNICKHM@?$AAa?$AAf@ 0000000180011a68     libucrt:lcidtoname_downlevel.obj
 0002:00003a70       ??_C@_15KPJEDBKD@?$AAk?$AAa@ 0000000180011a70     libucrt:lcidtoname_downlevel.obj
 0002:00003a78       ??_C@_15PDNFFFEO@?$AAf?$AAo@ 0000000180011a78     libucrt:lcidtoname_downlevel.obj
 0002:00003a80       ??_C@_15OMLEGLOC@?$AAh?$AAi@ 0000000180011a80     libucrt:lcidtoname_downlevel.obj
 0002:00003a88       ??_C@_15IDNNENKK@?$AAm?$AAs@ 0000000180011a88     libucrt:lcidtoname_downlevel.obj
 0002:00003a90       ??_C@_15MACJNBMH@?$AAk?$AAk@ 0000000180011a90     libucrt:lcidtoname_downlevel.obj
 0002:00003a98       ??_C@_15DKDJEOND@?$AAk?$AAy@ 0000000180011a98     libucrt:lcidtoname_downlevel.obj
 0002:00003aa0       ??_C@_15DFGDLJBG@?$AAs?$AAw@ 0000000180011aa0     libucrt:lcidtoname_downlevel.obj
 0002:00003aa8       ??_C@_15BBFAICNG@?$AAu?$AAz@ 0000000180011aa8     libucrt:lcidtoname_downlevel.obj
 0002:00003ab0       ??_C@_15DKNDCGEA@?$AAt?$AAt@ 0000000180011ab0     libucrt:lcidtoname_downlevel.obj
 0002:00003ab8       ??_C@_15MGIFMDPL@?$AAp?$AAa@ 0000000180011ab8     libucrt:lcidtoname_downlevel.obj
 0002:00003ac0       ??_C@_15HCNDBBA@?$AAg?$AAu@ 0000000180011ac0     libucrt:lcidtoname_downlevel.obj
 0002:00003ac8       ??_C@_15FNBEIBON@?$AAt?$AAa@ 0000000180011ac8     libucrt:lcidtoname_downlevel.obj
 0002:00003ad0       ??_C@_15NCHGBGLK@?$AAt?$AAe@ 0000000180011ad0     libucrt:lcidtoname_downlevel.obj
 0002:00003ad8       ??_C@_15PHPHCBPF@?$AAk?$AAn@ 0000000180011ad8     libucrt:lcidtoname_downlevel.obj
 0002:00003ae0       ??_C@_15DLGBCKMP@?$AAm?$AAr@ 0000000180011ae0     libucrt:lcidtoname_downlevel.obj
 0002:00003ae8       ??_C@_15EABBLBFF@?$AAs?$AAa@ 0000000180011ae8     libucrt:lcidtoname_downlevel.obj
 0002:00003af0       ??_C@_15CBKOMCOI@?$AAm?$AAn@ 0000000180011af0     libucrt:lcidtoname_downlevel.obj
 0002:00003af8       ??_C@_15CKDMCJAF@?$AAg?$AAl@ 0000000180011af8     libucrt:lcidtoname_downlevel.obj
 0002:00003b00       ??_C@_17CNJFBPG@?$AAk?$AAo?$AAk@ 0000000180011b00     libucrt:lcidtoname_downlevel.obj
 0002:00003b08       ??_C@_17FFBJICPL@?$AAs?$AAy?$AAr@ 0000000180011b08     libucrt:lcidtoname_downlevel.obj
 0002:00003b10       ??_C@_17KPNDCPAF@?$AAd?$AAi?$AAv@ 0000000180011b10     libucrt:lcidtoname_downlevel.obj
 0002:00003b18       ??_C@_11LOCGONAA@@         0000000180011b18     libucrt:lcidtoname_downlevel.obj
 0002:00003b20       ??_C@_1M@OKAHONE@?$AAa?$AAr?$AA?9?$AAS?$AAA@ 0000000180011b20     libucrt:lcidtoname_downlevel.obj
[...]
 0002:00008864       $unwind$__acrt_freeptd     0000000180016864     libucrt:per_thread_data.obj
 0002:00008874       $unwind$?destroy_fls@@YAXPEAX@Z 0000000180016874     libucrt:per_thread_data.obj
 0002:00008874       $unwind$__acrt_locale_free_numeric 0000000180016874     libucrt:initnum.obj
 0002:00008874       $unwind$__acrt_locale_free_lc_time_if_unreferenced 0000000180016874     libucrt:locale_refcounting.obj
 0002:0000887c       $unwind$?construct_ptd_array@@YAXQEAU__acrt_ptd@@@Z 000000018001687c     libucrt:per_thread_data.obj
 0002:00008884       $unwind$?destroy_ptd_array@@YAXQEAU__acrt_ptd@@@Z 0000000180016884     libucrt:per_thread_data.obj
 0002:0000888c       $unwind$??$?RV<lambda_0ae27a3a962d80f24befdcbee591983d>@@AEAV<lambda_8d0ee55de4b1038c4002e0adecdf1839>@@V<lambda_dc504788e8f1664fe9b84e20bfb512f2>@@@?$__crt_seh_guarded_call@X@@QEAAX$$QEAV<lambda_0ae27a3a962d80f24befdcbee591983d>@@AEAV<lambda_8d0ee55de4b1038c4002e0adecdf1839>@@$$QEAV<lambda_dc504788e8f1664fe9b84e20bfb512f2>@@@Z 000000018001688c     libucrt:per_thread_data.obj
 0002:000088b0       $unwind$??$?RV<lambda_aa87e3671a710a21b5dc78c0bdf72e11>@@AEAV<lambda_92619d2358a28f41a33ba319515a20b9>@@V<lambda_6992ecaafeb10aed2b74cb1fae11a551>@@@?$__crt_seh_guarded_call@X@@QEAAX$$QEAV<lambda_aa87e3671a710a21b5dc78c0bdf72e11>@@AEAV<lambda_92619d2358a28f41a33ba319515a20b9>@@$$QEAV<lambda_6992ecaafeb10aed2b74cb1fae11a551>@@@Z 00000001800168b0     libucrt:per_thread_data.obj
 0002:000088d4       $unwind$??$?RV<lambda_f2e299630e499de9f9a165e60fcd3db5>@@AEAV<lambda_2ae9d31cdba2644fcbeaf08da7c24588>@@V<lambda_40d01ff24d0e7b3814fdbdcee8eab3c7>@@@?$__crt_seh_guarded_call@X@@QEAAX$$QEAV<lambda_f2e299630e499de9f9a165e60fcd3db5>@@AEAV<lambda_2ae9d31cdba2644fcbeaf08da7c24588>@@$$QEAV<lambda_40d01ff24d0e7b3814fdbdcee8eab3c7>@@@Z 00000001800168d4     libucrt:per_thread_data.obj
 0002:000088f8       $unwind$??$?RV<lambda_2d41944a1d46af3157314b8a01080d33>@@AEAV<lambda_8f455de75cd7d7f24b4096f044d8b9e6>@@V<lambda_aa500f224e6afead328df44964fe2772>@@@?$__crt_seh_guarded_call@X@@QEAAX$$QEAV<lambda_2d41944a1d46af3157314b8a01080d33>@@AEAV<lambda_8f455de75cd7d7f24b4096f044d8b9e6>@@$$QEAV<lambda_aa500f224e6afead328df44964fe2772>@@@Z 00000001800168f8     libucrt:per_thread_data.obj
 0002:0000891c       $unwind$_invalid_parameter_noinfo 000000018001691c     libucrt:invalid_parameter.obj
 0002:00008924       $unwind$__acrt_call_reportfault 0000000180016924     libucrt:invalid_parameter.obj
 0002:00008944       $unwind$??$common_lseek_nolock@_J@@YA_JH_JHAEAV__crt_cached_ptd_host@@@Z 0000000180016944     libucrt:lseek.obj
 0002:00008944       $unwind$_invalid_parameter_internal 0000000180016944     libucrt:invalid_parameter.obj
 0002:00008958       $unwind$?get_raw_ptd_noexit@__crt_cached_ptd_host@@QEAAPEAU__acrt_ptd@@XZ 0000000180016958     libucrt:invalid_parameter.obj
 0002:00008968       $unwind$_invalid_parameter 0000000180016968     libucrt:invalid_parameter.obj
 0002:00008974       $unwind$__acrt_errno_from_os_error 0000000180016974     libucrt:errno.obj
 0002:00008984       $unwind$_calloc_base       0000000180016984     libucrt:calloc_base.obj
 0002:0000898c       $unwind$_free_base         000000018001698c     libucrt:free_base.obj
 0002:00008994       $unwind$??$common_expand_argv_wildcards@D@@YAHQEAPEADQEAPEAPEAD@Z 0000000180016994     libucrt:argv_wildcards.obj
 0002:000089ac       $unwind$__dcrt_get_narrow_environment_from_os 00000001800169ac     libucrt:get_environment_from_os.obj
 0002:000089ac       $unwind$??$__acrt_convert_wcs_mbs_cp@_WDV<lambda_d8593a27d1aa8c02be35c86a17d324c4>@@U__crt_win32_buffer_internal_dynamic_resizing@@@@YAHQEB_WAEAV?$__crt_win32_buffer@DU__crt_win32_buffer_internal_dynamic_resizing@@@@AEBV<lambda_d8593a27d1aa8c02be35c86a17d324c4>@@I@Z 00000001800169ac     libucrt:argv_wildcards.obj
 0002:000089c4       $unwind$??$copy_and_add_argument_to_buffer@D@@YAHQEBD0_KAEAV?$argument_list@D@?A0x5f5c8891@@@Z 00000001800169c4     libucrt:argv_wildcards.obj
 0002:000089e0       $unwind$??$expand_argument_wildcards@D@@YAHQEAD0AEAV?$argument_list@D@?A0x5f5c8891@@@Z 00000001800169e0     libucrt:argv_wildcards.obj
 0002:00008a00       $unwind$__acrt_GetModuleFileNameA 0000000180016a00     libucrt:getmodulefilenamea.obj
 0002:00008a1c       $unwind$__dcrt_write_console 0000000180016a1c     libucrt:initcon.obj
 0002:00008a1c       $unwind$??$__acrt_convert_wcs_mbs_cp@_WDV<lambda_f788ae46380686e8b737efdd8c720d07>@@U__crt_win32_buffer_no_resizing@@@@YAHQEB_WAEAV?$__crt_win32_buffer@DU__crt_win32_buffer_no_resizing@@@@AEBV<lambda_f788ae46380686e8b737efdd8c720d07>@@I@Z 0000000180016a1c     libucrt:getmodulefilenamea.obj
 0002:00008a30       $unwind$_setmbcp_nolock    0000000180016a30     libucrt:mbctype.obj
 0002:00008a50       $unwind$__dcrt_lowio_ensure_console_output_initialized 0000000180016a50     libucrt:initcon.obj
 0002:00008a50       $unwind$?__mbrtowc_utf8@__crt_mbstring@@YA_KPEA_WPEBD_KPEAU_Mbstatet@@AEAV__crt_cached_ptd_host@@@Z 0000000180016a50     libucrt:mbrtowc.obj
 0002:00008a50       $unwind$?getSystemCP@@YAHH@Z 0000000180016a50     libucrt:mbctype.obj
 0002:00008a58       $unwind$?update_thread_multibyte_data_internal@@YAPEAU__crt_multibyte_data@@QEAU__acrt_ptd@@QEAPEAU1@@Z 0000000180016a58     libucrt:mbctype.obj
 0002:00008a80       $unwind$?setmbcp_internal@@YAHH_NQEAU__acrt_ptd@@QEAPEAU__crt_multibyte_data@@@Z 0000000180016a80     libucrt:mbctype.obj
 0002:00008a98       $unwind$?setSBUpLow@@YAXPEAU__crt_multibyte_data@@@Z 0000000180016a98     libucrt:mbctype.obj
 0002:00008ab4       $unwind$??$?RV<lambda_efdfa57d1f175319df784efa44bb7b81>@@AEAV<lambda_5f0a4c1567f8adc6734073e5d1e1b35c>@@V<lambda_2e8a7d3640ea6ccb4c2413664c2db6fd>@@@?$__crt_seh_guarded_call@X@@QEAAX$$QEAV<lambda_efdfa57d1f175319df784efa44bb7b81>@@AEAV<lambda_5f0a4c1567f8adc6734073e5d1e1b35c>@@$$QEAV<lambda_2e8a7d3640ea6ccb4c2413664c2db6fd>@@@Z 0000000180016ab4     libucrt:mbctype.obj
 0002:00008ad8       $unwind$?x_ismbbtype_l@@YAHPEAU__crt_locale_pointers@@IHH@Z 0000000180016ad8     libucrt:ismbbyte.obj
 0002:00008ae8       $unwind$__acrt_WideCharToMultiByte 0000000180016ae8     libucrt:widechartomultibyte.obj
 0002:00008af4       $unwind$_recalloc_base     0000000180016af4     libucrt:recalloc.obj
 0002:00008b08       $unwind$__acrt_LCMapStringEx 0000000180016b08     libucrt:winapi_thunks.obj
 0002:00008b1c       $unwind$?try_get_function_slow@@YAPEAXW4function_id@?A0x391cf84c@@QEBDQEBW4module_id@2@2@Z 0000000180016b1c     libucrt:winapi_thunks.obj
 0002:00008b38       $unwind$__acrt_initialize_heap 0000000180016b38     libucrt:heap_handle.obj
 0002:00008b40       $unwind$__acrt_initialize_lowio 0000000180016b40     libucrt:ioinit.obj
 0002:00008b60       $unwind$?initialize_inherited_file_handles_nolock@@YAXXZ 0000000180016b60     libucrt:ioinit.obj
 0002:00008b7c       $unwind$_callnewh          0000000180016b7c     libucrt:new_handler.obj
 0002:00008b88       $unwind$_query_new_handler 0000000180016b88     libucrt:new_handler.obj
 0002:00008ba8       $unwind$_query_new_handler$fin$0 0000000180016ba8     libucrt:new_handler.obj
 0002:00008bb0       $unwind$_set_new_handler   0000000180016bb0     libucrt:new_handler.obj
 0002:00008bd4       $unwind$_set_new_handler$fin$0 0000000180016bd4     libucrt:new_handler.obj
 0002:00008bdc       $unwind$__acrt_uninitialize_locale 0000000180016bdc     libucrt:wsetlocale.obj
 0002:00008bdc       $unwind$__acrt_get_sigabrt_handler 0000000180016bdc     libucrt:signal.obj
 0002:00008be4       $unwind$raise              0000000180016be4     libucrt:signal.obj
 0002:00008c24       $unwind$??$?RV<lambda_450d765d439847d4c735a33c368b5fc0>@@AEAV<lambda_44731a7d0e6d81c3e6aa82d741081786>@@V<lambda_601a2a7da3b7a96e9554ac7215c4b07c>@@@?$__crt_seh_guarded_call@P6AXH@Z@@QEAAP6AXH@Z$$QEAV<lambda_450d765d439847d4c735a33c368b5fc0>@@AEAV<lambda_44731a7d0e6d81c3e6aa82d741081786>@@$$QEAV<lambda_601a2a7da3b7a96e9554ac7215c4b07c>@@@Z 0000000180016c24     libucrt:signal.obj
 0002:00008c48       $unwind$fclose             0000000180016c48     libucrt:fclose.obj
 0002:00008c48       $unwind$_fflush_nolock     0000000180016c48     libucrt:fflush.obj
 0002:00008c58       $unwind$?common_flush_all@@YAH_N@Z 0000000180016c58     libucrt:fflush.obj
 0002:00008c60       $unwind$??$?RV<lambda_842d9ff0dc9ef11c61343bbaebe7f885>@@AEAV<lambda_c5860995281e5c4ce005b3de8f5874ee>@@V<lambda_d90129c13df834fdcbf8d2b88dafcf2d>@@@?$__crt_seh_guarded_call@X@@QEAAX$$QEAV<lambda_842d9ff0dc9ef11c61343bbaebe7f885>@@AEAV<lambda_c5860995281e5c4ce005b3de8f5874ee>@@$$QEAV<lambda_d90129c13df834fdcbf8d2b88dafcf2d>@@@Z 0000000180016c60     libucrt:fflush.obj
 0002:00008c84       $unwind$??$?RV<lambda_886d6c58226a84441f68b9f2b8217b83>@@AEAV<lambda_ab61a845afdef5b7c387490eaf3616ee>@@V<lambda_f7f22ab5edc0698d5f6905b0d3f44752>@@@?$__crt_seh_guarded_call@X@@QEAAX$$QEAV<lambda_886d6c58226a84441f68b9f2b8217b83>@@AEAV<lambda_ab61a845afdef5b7c387490eaf3616ee>@@$$QEAV<lambda_f7f22ab5edc0698d5f6905b0d3f44752>@@@Z 0000000180016c84     libucrt:fflush.obj
 0002:00008cac       $unwind$_malloc_base       0000000180016cac     libucrt:malloc_base.obj
 0002:00008cb4       $unwind$?__mbrtoc32_utf8@__crt_mbstring@@YA_KPEA_UPEBD_KPEAU_Mbstatet@@AEAV__crt_cached_ptd_host@@@Z 0000000180016cb4     libucrt:mbrtoc32.obj
 0002:00008cd0       $unwind$?__mbsrtowcs_utf8@__crt_mbstring@@YA_KPEA_WPEAPEBD_KPEAU_Mbstatet@@AEAV__crt_cached_ptd_host@@@Z 0000000180016cd0     libucrt:mbrtowc.obj
 0002:00008cec       $unwind$??$?RV<lambda_410d79af7f07d98d83a3f525b3859a53>@@AEAV<lambda_3e16ef9562a7dcce91392c22ab16ea36>@@V<lambda_38119f0e861e05405d8a144b9b982f0a>@@@?$__crt_seh_guarded_call@X@@QEAAX$$QEAV<lambda_410d79af7f07d98d83a3f525b3859a53>@@AEAV<lambda_3e16ef9562a7dcce91392c22ab16ea36>@@$$QEAV<lambda_38119f0e861e05405d8a144b9b982f0a>@@@Z 0000000180016cec     libucrt:wsetlocale.obj
 0002:00008d14       $unwind$__acrt_update_thread_locale_data 0000000180016d14     libucrt:locale_refcounting.obj
 0002:00008d38       $unwind$_set_new_mode      0000000180016d38     libucrt:new_mode.obj
 0002:00008d40       $unwind$qsort              0000000180016d40     libucrt:qsort.obj
 0002:00008d58       $chain$3$qsort             0000000180016d58     libucrt:qsort.obj
 0002:00008d78       $chain$4$qsort             0000000180016d78     libucrt:qsort.obj
 0002:00008d88       $unwind$strpbrk            0000000180016d88     libucrt:strpbrk.obj
 0002:00008d98       $unwind$fallbackMethod     0000000180016d98     libucrt:strpbrk.obj
 0002:00008da8       $unwind$_mbsdec_l          0000000180016da8     libucrt:mbsdec.obj
 0002:00008db4       $unwind$__acrt_GetStringTypeA 0000000180016db4     libucrt:getstringtypea.obj
 0002:00008ddc       $unwind$__acrt_LCMapStringA 0000000180016ddc     libucrt:lcmapstringa.obj
 0002:00008dec       $unwind$?__acrt_LCMapStringA_stat@@YAHPEAU__crt_locale_pointers@@PEB_WKPEBDHPEADHHH@Z 0000000180016dec     libucrt:lcmapstringa.obj
 0002:00008e14       $unwind$_msize_base        0000000180016e14     libucrt:msize.obj
 0002:00008e1c       $unwind$_realloc_base      0000000180016e1c     libucrt:realloc_base.obj
 0002:00008e28       $unwind$__acrt_lowio_destroy_handle_array 0000000180016e28     libucrt:osfinfo.obj
 0002:00008e38       $unwind$__acrt_lowio_ensure_fh_exists 0000000180016e38     libucrt:osfinfo.obj
 0002:00008e64       $unwind$_commit            0000000180016e64     libucrt:commit.obj
 0002:00008e6c       $unwind$??$?RV<lambda_a37b2b86f63e897a80ea819b0eb08c01>@@AEAV<lambda_38ce7e780aa69e748d6df282ebc68efe>@@V<lambda_99fb1378e971ab6e7edea83e3a7a83a2>@@@?$__crt_seh_guarded_call@H@@QEAAH$$QEAV<lambda_a37b2b86f63e897a80ea819b0eb08c01>@@AEAV<lambda_38ce7e780aa69e748d6df282ebc68efe>@@$$QEAV<lambda_99fb1378e971ab6e7edea83e3a7a83a2>@@@Z 0000000180016e6c     libucrt:commit.obj
 0002:00008e90       $unwind$_write_nolock      0000000180016e90     libucrt:write.obj
 0002:00008ea8       $unwind$_write_internal    0000000180016ea8     libucrt:write.obj
 0002:00008ed4       $unwind$?write_double_translated_ansi_nolock@@YA?AUwrite_result@?A0x17268360@@HQEBDIAEAV__crt_cached_ptd_host@@@Z 0000000180016ed4     libucrt:write.obj
 0002:00008f00       $ip2state$?write_double_translated_ansi_nolock@@YA?AUwrite_result@?A0x17268360@@HQEBDIAEAV__crt_cached_ptd_host@@@Z 0000000180016f00     libucrt:write.obj
 0002:00008f08       $unwind$?write_text_ansi_nolock@@YA?AUwrite_result@?A0x17268360@@HQEBDI@Z 0000000180016f08     libucrt:write.obj
 0002:00008f08       $unwind$?write_text_utf16le_nolock@@YA?AUwrite_result@?A0x17268360@@HQEBDI@Z 0000000180016f08     libucrt:write.obj
 0002:00008f28       $unwind$?write_text_utf8_nolock@@YA?AUwrite_result@?A0x17268360@@HQEBDI@Z 0000000180016f28     libucrt:write.obj
 0002:00008f4c       $unwind$_fcloseall         0000000180016f4c     libucrt:closeall.obj
 0002:00008f70       $unwind$__acrt_locale_free_monetary 0000000180016f70     libucrt:initmon.obj
 0002:00008f78       $unwind$__acrt_locale_free_time 0000000180016f78     libucrt:inittime.obj
 0002:00008f88       $unwind$_guard_check_icall 0000000180016f88     libucrt:checkcfg.obj
 0002:00008f94       $unwind$_putwch_nolock     0000000180016f94     libucrt:putwch.obj
 0002:00008f9c       $unwind$?_fclose_nolock_internal@@YAHQEAU_iobuf@@AEAV__crt_cached_ptd_host@@@Z 0000000180016f9c     libucrt:fclose.obj
 0002:00008fac       $unwind$?_fclose_internal@@YAHQEAU_iobuf@@AEAV__crt_cached_ptd_host@@@Z 0000000180016fac     libucrt:fclose.obj
 0002:00008fd0       $unwind$_close_internal    0000000180016fd0     libucrt:close.obj
 0002:00008fd8       $unwind$??$?RV<lambda_ad8af0d99a0adf03d037d7dffe354bb5>@@AEAV<lambda_c9ba49e555ba839a7b07aa3fbecb7617>@@V<lambda_2f1ebd5d68526518146ae959c9e734c8>@@@?$__crt_seh_guarded_call@H@@QEAAH$$QEAV<lambda_ad8af0d99a0adf03d037d7dffe354bb5>@@AEAV<lambda_c9ba49e555ba839a7b07aa3fbecb7617>@@$$QEAV<lambda_2f1ebd5d68526518146ae959c9e734c8>@@@Z 0000000180016fd8     libucrt:close.obj
 0002:00008ffc       $unwind$__acrt_initialize_fma3 0000000180016ffc     libucrt:fma3_available.obj
 0002:00009004       $unwind$_IsNonwritableInCurrentImage 0000000180017004     LIBCMT:pesect.obj
 0002:00009028       $unwind$__GSHandlerCheckCommon 0000000180017028     LIBCMT:gshandler.obj
 0002:00009030       $xdatasym                  0000000180017030     LIBCMT:chkstk.obj
 0002:000090c0       .edata                     00000001800170c0     SharedDLL_x64_release.exp
 0002:000090e8       rgpv                       00000001800170e8     SharedDLL_x64_release.exp
 0002:000090f0       rgszName                   00000001800170f0     SharedDLL_x64_release.exp
 0002:000090f8       rgwOrd                     00000001800170f8     SharedDLL_x64_release.exp
 0002:000090fc       szName                     00000001800170fc     SharedDLL_x64_release.exp
 0002:0000910a       $N00001                    000000018001710a     SharedDLL_x64_release.exp
 0002:0000911c       $N00002                    000000018001711c     SharedDLL_x64_release.exp
 0002:00009910       .idata$6                   0000000180017910     kernel32:KERNEL32.dll
 0003:00000070       ?__vcrt_flsindex@@3KA      0000000180018070     libvcruntime:per_thread_data.obj
 0003:00000090       ?__acrt_flsindex@@3KA      0000000180018090     libucrt:per_thread_data.obj
 0003:00000094       ?errno_no_memory@@3HA      0000000180018094     libucrt:errno.obj
 0003:00000098       ?doserrno_no_memory@@3KA   0000000180018098     libucrt:errno.obj
 0003:000002d0       _mbctypes                  00000001800182d0     libucrt:mbctype.obj
 0003:000003e0       _mbcasemaps                00000001800183e0     libucrt:mbctype.obj
 0003:000004e0       ?__rgctypeflag@@3PADA      00000001800184e0     libucrt:mbctype.obj
 0003:000004f0       ?__rgcode_page_info@@3PAUcode_page_info@@A 00000001800184f0     libucrt:mbctype.obj
 0003:00000a00       ?__dcrt_lowio_console_output_handle@@3PEAXEA 0000000180018a00     libucrt:initcon.obj
 0003:00000a90       ?__proc_attached@@3HA      0000000180018a90     LIBCMT:dll_dllmain.obj
 0003:00000aa0       GS_ExceptionRecord         0000000180018aa0     LIBCMT:gs_report.obj
 0003:00000b40       GS_ContextRecord           0000000180018b40     LIBCMT:gs_report.obj
 0003:00001040       ?is_initialized_as_dll@@3_NA 0000000180019040     LIBCMT:utility.obj
 0003:00001041       ?module_local_atexit_table_initialized@@3_NA 0000000180019041     LIBCMT:utility.obj
 0003:00001048       ?module_local_atexit_table@@3U_onexit_table_t@@A 0000000180019048     LIBCMT:utility.obj
 0003:00001060       ?module_local_at_quick_exit_table@@3U_onexit_table_t@@A 0000000180019060     LIBCMT:utility.obj
 0003:000010d0       ?heap@@3V_HeapManager@@A   00000001800190d0     libvcruntime:undname.obj
 0003:00001100       ?__vcrt_startup_thread_ptd@@3U__vcrt_ptd@@A 0000000180019100     libvcruntime:per_thread_data.obj
 0003:00001180       __vcrt_lock_table          0000000180019180     libvcruntime:locks.obj
 0003:000011a8       __vcrt_locks_initialized   00000001800191a8     libvcruntime:locks.obj
 0003:000011b0       ?module_handles@@3PAPEAUHINSTANCE__@@A 00000001800191b0     libvcruntime:winapi_downlevel.obj
 0003:000011c8       ?function_pointers@@3PAPEAXA 00000001800191c8     libvcruntime:winapi_downlevel.obj
 0003:000011f8       ?c_termination_complete@@3JA 00000001800191f8     libucrt:exit.obj
 0003:00001200       ?thread_local_exit_callback_func@@3P6AXPEAXK0@ZEA 0000000180019200     libucrt:exit.obj
 0003:00001208       ?c_exit_complete@?1???R<lambda_6e4b09c48022b2350581041d5f6b0c4c>@@QEBA@XZ@4_NA 0000000180019208     libucrt:exit.obj
 0003:00001210       ?program_name@?1???$common_configure_argv@D@@YAHW4_crt_argv_mode@@@Z@4PADA 0000000180019210     libucrt:argv_parsing.obj
 0003:00001370       ?__acrt_lock_table@@3PAU_RTL_CRITICAL_SECTION@@A 0000000180019370     libucrt:locks.obj
 0003:000015c8       ?__acrt_locks_initialized@@3IA 00000001800195c8     libucrt:locks.obj
 0003:000015d0       ?__acrt_invalid_parameter_handler@@3V?$dual_state_global@P6AXPEB_W00I_K@Z@__crt_state_management@@A 00000001800195d0     libucrt:invalid_parameter.obj
 0003:000015f0       ?fSystemSet@@3HA           00000001800195f0     libucrt:mbctype.obj
 0003:000015f4       ?initialized@?1??__acrt_initialize_multibyte@@9@4_NA 00000001800195f4     libucrt:mbctype.obj
 0003:00001630       ?module_handles@@3PAPEAUHINSTANCE__@@A 0000000180019630     libucrt:winapi_thunks.obj
 0003:00001af8       ?__acrt_new_handler@@3V?$dual_state_global@P6AH_K@Z@__crt_state_management@@A 0000000180019af8     libucrt:new_handler.obj
 0003:00001b00       ?ctrlc_action@@3V?$dual_state_global@P6AXH@Z@__crt_state_management@@A 0000000180019b00     libucrt:signal.obj
 0003:00001b08       ?ctrlbreak_action@@3V?$dual_state_global@P6AXH@Z@__crt_state_management@@A 0000000180019b08     libucrt:signal.obj
 0003:00001b10       ?abort_action@@3V?$dual_state_global@P6AXH@Z@__crt_state_management@@A 0000000180019b10     libucrt:signal.obj
 0003:00001b18       ?term_action@@3V?$dual_state_global@P6AXH@Z@__crt_state_management@@A 0000000180019b18     libucrt:signal.obj
 0003:00001b20       ?user_matherr@@3V?$dual_state_global@P6AHPEAU_exception@@@Z@__crt_state_management@@A 0000000180019b20     libucrt:matherr.obj
 0003:00001b50       ?internal_state@?1??_mbtowc_internal@@9@4U_Mbstatet@@A 0000000180019b50     libucrt:mbtowc.obj
 0003:00001b58       ?internal_pst@?1??__mbrtoc32_utf8@__crt_mbstring@@YA_KPEA_UPEBD_KPEAU_Mbstatet@@AEAV__crt_cached_ptd_host@@@Z@4U3@A 0000000180019b58     libucrt:mbrtoc32.obj
 0003:00001b64       ?__acrt_global_new_mode@@3V?$dual_state_global@J@__crt_state_management@@A 0000000180019b64     libucrt:new_mode.obj
 0003:00001b70       ?__acrt_app_type@@3W4_crt_app_type@@A 0000000180019b70     libucrt:report_runtime_error.obj
 0005:00000000       ?function_pointers@@3PAPEAXA 000000018001b000     libucrt:winapi_thunks.obj
 0007:00000060       $R000000                   000000018001d060     * linker generated manifest res *
